Archive member included because of file (symbol)

c:/freescale/kds_3.0.0/toolchain/bin/../lib/gcc/arm-none-eabi/4.9.3/../../../../arm-none-eabi/lib/armv6-m\libm.a(lib_a-sf_sin.o)
                              ./Sources/orientation.o (sinf)
c:/freescale/kds_3.0.0/toolchain/bin/../lib/gcc/arm-none-eabi/4.9.3/../../../../arm-none-eabi/lib/armv6-m\libm.a(lib_a-wf_acos.o)
                              ./Sources/orientation.o (acosf)
c:/freescale/kds_3.0.0/toolchain/bin/../lib/gcc/arm-none-eabi/4.9.3/../../../../arm-none-eabi/lib/armv6-m\libm.a(lib_a-wf_pow.o)
                              ./Sources/magnetic.o (powf)
c:/freescale/kds_3.0.0/toolchain/bin/../lib/gcc/arm-none-eabi/4.9.3/../../../../arm-none-eabi/lib/armv6-m\libm.a(lib_a-wf_sqrt.o)
                              ./Sources/approximations.o (sqrtf)
c:/freescale/kds_3.0.0/toolchain/bin/../lib/gcc/arm-none-eabi/4.9.3/../../../../arm-none-eabi/lib/armv6-m\libm.a(lib_a-ef_acos.o)
                              c:/freescale/kds_3.0.0/toolchain/bin/../lib/gcc/arm-none-eabi/4.9.3/../../../../arm-none-eabi/lib/armv6-m\libm.a(lib_a-wf_acos.o) (__ieee754_acosf)
c:/freescale/kds_3.0.0/toolchain/bin/../lib/gcc/arm-none-eabi/4.9.3/../../../../arm-none-eabi/lib/armv6-m\libm.a(lib_a-ef_pow.o)
                              c:/freescale/kds_3.0.0/toolchain/bin/../lib/gcc/arm-none-eabi/4.9.3/../../../../arm-none-eabi/lib/armv6-m\libm.a(lib_a-wf_pow.o) (__ieee754_powf)
c:/freescale/kds_3.0.0/toolchain/bin/../lib/gcc/arm-none-eabi/4.9.3/../../../../arm-none-eabi/lib/armv6-m\libm.a(lib_a-ef_rem_pio2.o)
                              c:/freescale/kds_3.0.0/toolchain/bin/../lib/gcc/arm-none-eabi/4.9.3/../../../../arm-none-eabi/lib/armv6-m\libm.a(lib_a-sf_sin.o) (__ieee754_rem_pio2f)
c:/freescale/kds_3.0.0/toolchain/bin/../lib/gcc/arm-none-eabi/4.9.3/../../../../arm-none-eabi/lib/armv6-m\libm.a(lib_a-ef_sqrt.o)
                              c:/freescale/kds_3.0.0/toolchain/bin/../lib/gcc/arm-none-eabi/4.9.3/../../../../arm-none-eabi/lib/armv6-m\libm.a(lib_a-wf_sqrt.o) (__ieee754_sqrtf)
c:/freescale/kds_3.0.0/toolchain/bin/../lib/gcc/arm-none-eabi/4.9.3/../../../../arm-none-eabi/lib/armv6-m\libm.a(lib_a-kf_cos.o)
                              c:/freescale/kds_3.0.0/toolchain/bin/../lib/gcc/arm-none-eabi/4.9.3/../../../../arm-none-eabi/lib/armv6-m\libm.a(lib_a-sf_sin.o) (__kernel_cosf)
c:/freescale/kds_3.0.0/toolchain/bin/../lib/gcc/arm-none-eabi/4.9.3/../../../../arm-none-eabi/lib/armv6-m\libm.a(lib_a-kf_rem_pio2.o)
                              c:/freescale/kds_3.0.0/toolchain/bin/../lib/gcc/arm-none-eabi/4.9.3/../../../../arm-none-eabi/lib/armv6-m\libm.a(lib_a-ef_rem_pio2.o) (__kernel_rem_pio2f)
c:/freescale/kds_3.0.0/toolchain/bin/../lib/gcc/arm-none-eabi/4.9.3/../../../../arm-none-eabi/lib/armv6-m\libm.a(lib_a-kf_sin.o)
                              c:/freescale/kds_3.0.0/toolchain/bin/../lib/gcc/arm-none-eabi/4.9.3/../../../../arm-none-eabi/lib/armv6-m\libm.a(lib_a-sf_sin.o) (__kernel_sinf)
c:/freescale/kds_3.0.0/toolchain/bin/../lib/gcc/arm-none-eabi/4.9.3/../../../../arm-none-eabi/lib/armv6-m\libm.a(lib_a-s_lib_ver.o)
                              c:/freescale/kds_3.0.0/toolchain/bin/../lib/gcc/arm-none-eabi/4.9.3/../../../../arm-none-eabi/lib/armv6-m\libm.a(lib_a-wf_acos.o) (__fdlib_version)
c:/freescale/kds_3.0.0/toolchain/bin/../lib/gcc/arm-none-eabi/4.9.3/../../../../arm-none-eabi/lib/armv6-m\libm.a(lib_a-s_matherr.o)
                              c:/freescale/kds_3.0.0/toolchain/bin/../lib/gcc/arm-none-eabi/4.9.3/../../../../arm-none-eabi/lib/armv6-m\libm.a(lib_a-wf_acos.o) (matherr)
c:/freescale/kds_3.0.0/toolchain/bin/../lib/gcc/arm-none-eabi/4.9.3/../../../../arm-none-eabi/lib/armv6-m\libm.a(lib_a-s_nan.o)
                              c:/freescale/kds_3.0.0/toolchain/bin/../lib/gcc/arm-none-eabi/4.9.3/../../../../arm-none-eabi/lib/armv6-m\libm.a(lib_a-wf_acos.o) (nan)
c:/freescale/kds_3.0.0/toolchain/bin/../lib/gcc/arm-none-eabi/4.9.3/../../../../arm-none-eabi/lib/armv6-m\libm.a(lib_a-s_rint.o)
                              c:/freescale/kds_3.0.0/toolchain/bin/../lib/gcc/arm-none-eabi/4.9.3/../../../../arm-none-eabi/lib/armv6-m\libm.a(lib_a-wf_pow.o) (rint)
c:/freescale/kds_3.0.0/toolchain/bin/../lib/gcc/arm-none-eabi/4.9.3/../../../../arm-none-eabi/lib/armv6-m\libm.a(lib_a-sf_fabs.o)
                              c:/freescale/kds_3.0.0/toolchain/bin/../lib/gcc/arm-none-eabi/4.9.3/../../../../arm-none-eabi/lib/armv6-m\libm.a(lib_a-wf_acos.o) (fabsf)
c:/freescale/kds_3.0.0/toolchain/bin/../lib/gcc/arm-none-eabi/4.9.3/../../../../arm-none-eabi/lib/armv6-m\libm.a(lib_a-sf_finite.o)
                              c:/freescale/kds_3.0.0/toolchain/bin/../lib/gcc/arm-none-eabi/4.9.3/../../../../arm-none-eabi/lib/armv6-m\libm.a(lib_a-wf_pow.o) (finitef)
c:/freescale/kds_3.0.0/toolchain/bin/../lib/gcc/arm-none-eabi/4.9.3/../../../../arm-none-eabi/lib/armv6-m\libm.a(lib_a-sf_floor.o)
[...]
Memory Configuration

Name             Origin             Length             Attributes
m_interrupts     0x00000000         0x000000c0         xr
m_text           0x00000410         0x0003fbf0         xr
m_data           0x1fffe000         0x00008000         rw
m_cfmprotrom     0x00000400         0x00000010         xr
*default*        0x00000000         0xffffffff

Linker script and memory map

LOAD c:/freescale/kds_3.0.0/toolchain/bin/../lib/gcc/arm-none-eabi/4.9.3/armv6-m/crti.o
LOAD c:/freescale/kds_3.0.0/toolchain/bin/../lib/gcc/arm-none-eabi/4.9.3/armv6-m/crtbegin.o
LOAD c:/freescale/kds_3.0.0/toolchain/bin/../lib/gcc/arm-none-eabi/4.9.3/../../../../arm-none-eabi/lib/armv6-m/crt0.o
LOAD ./Sources/Events.o
LOAD ./Sources/approximations.o
LOAD ./Sources/drivers.o
LOAD ./Sources/fusion.o
LOAD ./Sources/magnetic.o
LOAD ./Sources/main.o
LOAD ./Sources/matrix.o
LOAD ./Sources/mqx_tasks.o
LOAD ./Sources/orientation.o
LOAD ./Sources/tasks.o
LOAD ./Sources/user_tasks.o
LOAD ./SerialProtocol/functions.o
LOAD ./SerialProtocol/protocol.o
LOAD ./Project_Settings/Startup_Code/startup.o
LOAD ./MQXLITE/psp/cortex_m/core/M0/boot.o
LOAD ./MQXLITE/psp/cortex_m/core/M0/dispatch.o
LOAD ./MQXLITE/psp/cortex_m/cortex.o
LOAD ./MQXLITE/psp/cortex_m/int_gkis.o
LOAD ./MQXLITE/psp/cortex_m/int_inst.o
LOAD ./MQXLITE/psp/cortex_m/int_kisr.o
LOAD ./MQXLITE/psp/cortex_m/int_pvta.o
LOAD ./MQXLITE/psp/cortex_m/int_unx.o
LOAD ./MQXLITE/psp/cortex_m/int_vtab.o
LOAD ./MQXLITE/psp/cortex_m/int_xcpt.o
LOAD ./MQXLITE/psp/cortex_m/mem_zero.o
LOAD ./MQXLITE/psp/cortex_m/psp_iinit.o
LOAD ./MQXLITE/psp/cortex_m/psp_supp.o
LOAD ./MQXLITE/psp/cortex_m/psp_tiad.o
LOAD ./MQXLITE/psp/cortex_m/psp_tinm.o
LOAD ./MQXLITE/psp/cortex_m/psp_tipr.o
LOAD ./MQXLITE/psp/cortex_m/psp_tisu.o
LOAD ./MQXLITE/psp/cortex_m/sc_irdyq.o
LOAD ./MQXLITE/psp/cortex_m/stack_bu.o
LOAD ./MQXLITE/psp/cortex_m/stack_de.o
LOAD ./MQXLITE/psp/cortex_m/stack_st.o
LOAD ./MQXLITE/kernel/idletask.o
LOAD ./MQXLITE/kernel/int.o
LOAD ./MQXLITE/kernel/klog.o
LOAD ./MQXLITE/kernel/lwevent.o
LOAD ./MQXLITE/kernel/lwlog.o
LOAD ./MQXLITE/kernel/lwmem.o
LOAD ./MQXLITE/kernel/lwmsgq.o
LOAD ./MQXLITE/kernel/lwsem.o
LOAD ./MQXLITE/kernel/lwtimer.o
LOAD ./MQXLITE/kernel/mqx_utils.o
LOAD ./MQXLITE/kernel/mqxlite.o
LOAD ./MQXLITE/kernel/mutex.o
LOAD ./MQXLITE/kernel/qu_test.o
LOAD ./MQXLITE/kernel/sched.o
LOAD ./MQXLITE/kernel/task.o
LOAD ./MQXLITE/kernel/time_ticks.o
LOAD ./MQXLITE/config/task_template_list.o
LOAD ./Generated_Code/Cpu.o
LOAD ./Generated_Code/FTM.o
LOAD ./Generated_Code/I2C.o
LOAD ./Generated_Code/LED_BLUE.o
LOAD ./Generated_Code/LED_GREEN.o
LOAD ./Generated_Code/LED_RED.o
LOAD ./Generated_Code/MQX1.o
LOAD ./Generated_Code/PE_LDD.o
LOAD ./Generated_Code/RNG1.o
LOAD ./Generated_Code/SystemTimer1.o
LOAD ./Generated_Code/TestPin_KF_Time.o
LOAD ./Generated_Code/TestPin_MagCal_Time.o
LOAD ./Generated_Code/UART.o
LOAD ./Generated_Code/Vectors.o
LOAD ./DistantIO/crc.o
LOAD ./DistantIO/distantio.o
LOAD c:/freescale/kds_3.0.0/toolchain/bin/../lib/gcc/arm-none-eabi/4.9.3/../../../../arm-none-eabi/lib/armv6-m\libstdc++_nano.a
LOAD c:/freescale/kds_3.0.0/toolchain/bin/../lib/gcc/arm-none-eabi/4.9.3/../../../../arm-none-eabi/lib/armv6-m\libm.a
START GROUP
LOAD c:/freescale/kds_3.0.0/toolchain/bin/../lib/gcc/arm-none-eabi/4.9.3/armv6-m\libgcc.a
LOAD c:/freescale/kds_3.0.0/toolchain/bin/../lib/gcc/arm-none-eabi/4.9.3/../../../../arm-none-eabi/lib/armv6-m\libg_nano.a
LOAD c:/freescale/kds_3.0.0/toolchain/bin/../lib/gcc/arm-none-eabi/4.9.3/../../../../arm-none-eabi/lib/armv6-m\libc_nano.a
END GROUP
START GROUP
LOAD c:/freescale/kds_3.0.0/toolchain/bin/../lib/gcc/arm-none-eabi/4.9.3/armv6-m\libgcc.a
LOAD c:/freescale/kds_3.0.0/toolchain/bin/../lib/gcc/arm-none-eabi/4.9.3/../../../../arm-none-eabi/lib/armv6-m\libc_nano.a
END GROUP
LOAD c:/freescale/kds_3.0.0/toolchain/bin/../lib/gcc/arm-none-eabi/4.9.3/armv6-m/crtend.o
LOAD c:/freescale/kds_3.0.0/toolchain/bin/../lib/gcc/arm-none-eabi/4.9.3/armv6-m/crtn.o
                0x20006000                _estack = 0x20006000
                0x20006000                __SP_INIT = _estack
                0x20006000                __stack = _estack
                0x00000000                __heap_size = 0x0
                0x00000400                __stack_size = 0x400

.interrupts     0x00000000       0xc0
                0x00000000                __vector_table = .
                0x00000000                . = ALIGN (0x4)
 *(.vectortable)
 .vectortable   0x00000000       0xc0 ./Generated_Code/Vectors.o
                0x00000000                __vect_table
                0x000000c0                . = ALIGN (0x4)

.cfmprotect     0x00000400       0x10
                0x00000400                . = ALIGN (0x4)
 *(.cfmconfig)
 .cfmconfig     0x00000400       0x10 ./Generated_Code/Cpu.o
                0x00000400                _cfm
                0x00000410                . = ALIGN (0x4)

.text           0x00000410    0x14bec
                0x00000410                . = ALIGN (0x4)
 *(.text)
 .text          0x00000410       0x60 c:/freescale/kds_3.0.0/toolchain/bin/../lib/gcc/arm-none-eabi/4.9.3/armv6-m/crtbegin.o
 .text          0x00000470       0x34 ./MQXLITE/psp/cortex_m/core/M0/boot.o
                0x00000470                __boot
 .text          0x000004a4      0x120 c:/freescale/kds_3.0.0/toolchain/bin/../lib/gcc/arm-none-eabi/4.9.3/armv6-m\libgcc.a(_udivsi3.o)
                0x000004a4                __aeabi_uidiv
                0x000004a4                __udivsi3
                0x000005b0                __aeabi_uidivmod
 .text          0x000005c4      0x1e0 c:/freescale/kds_3.0.0/toolchain/bin/../lib/gcc/arm-none-eabi/4.9.3/armv6-m\libgcc.a(_divsi3.o)
                0x000005c4                __divsi3
                0x000005c4                __aeabi_idiv
                0x00000790                __aeabi_idivmod
 .text          0x000007a4        0x4 c:/freescale/kds_3.0.0/toolchain/bin/../lib/gcc/arm-none-eabi/4.9.3/armv6-m\libgcc.a(_dvmd_tls.o)
                0x000007a4                __aeabi_idiv0
                0x000007a4                __aeabi_ldiv0
 .text          0x000007a8       0x7c c:/freescale/kds_3.0.0/toolchain/bin/../lib/gcc/arm-none-eabi/4.9.3/armv6-m\libgcc.a(_arm_cmpdf2.o)
                0x000007a8                __aeabi_cdrcmple
                0x000007b8                __aeabi_cdcmple
                0x000007b8                __aeabi_cdcmpeq
                0x000007c8                __aeabi_dcmpeq
                0x000007d4                __aeabi_dcmplt
                0x000007e8                __aeabi_dcmple
                0x000007fc                __aeabi_dcmpgt
                0x00000810                __aeabi_dcmpge
 .text          0x00000824       0x74 c:/freescale/kds_3.0.0/toolchain/bin/../lib/gcc/arm-none-eabi/4.9.3/armv6-m\libgcc.a(_arm_cmpsf2.o)
                0x00000824                __aeabi_cfrcmple
                0x0000082c                __aeabi_cfcmpeq
                0x0000082c                __aeabi_cfcmple
                0x0000083c                __aeabi_fcmpeq
                0x00000848                __aeabi_fcmplt
                0x0000085c                __aeabi_fcmple
                0x00000870                __aeabi_fcmpgt
                0x00000884                __aeabi_fcmpge
 .text          0x00000898      0x2f8 c:/freescale/kds_3.0.0/toolchain/bin/../lib/gcc/arm-none-eabi/4.9.3/armv6-m\libgcc.a(addsf3.o)
                0x00000898                __aeabi_fadd
 .text          0x00000b90      0x270 c:/freescale/kds_3.0.0/toolchain/bin/../lib/gcc/arm-none-eabi/4.9.3/armv6-m\libgcc.a(divsf3.o)
                0x00000b90                __aeabi_fdiv
 .text          0x00000e00       0x54 c:/freescale/kds_3.0.0/toolchain/bin/../lib/gcc/arm-none-eabi/4.9.3/armv6-m\libgcc.a(eqsf2.o)
                0x00000e00                __eqsf2
                0x00000e00                __nesf2
 .text          0x00000e54       0x94 c:/freescale/kds_3.0.0/toolchain/bin/../lib/gcc/arm-none-eabi/4.9.3/armv6-m\libgcc.a(gesf2.o)
                0x00000e54                __gesf2
                0x00000e54                __gtsf2
 .text          0x00000ee8       0x8c c:/freescale/kds_3.0.0/toolchain/bin/../lib/gcc/arm-none-eabi/4.9.3/armv6-m\libgcc.a(lesf2.o)
                0x00000ee8                __ltsf2
                0x00000ee8                __lesf2
 .text          0x00000f74      0x264 c:/freescale/kds_3.0.0/toolchain/bin/../lib/gcc/arm-none-eabi/4.9.3/armv6-m\libgcc.a(mulsf3.o)
                0x00000f74                __aeabi_fmul
 .text          0x000011d8      0x2fc c:/freescale/kds_3.0.0/toolchain/bin/../lib/gcc/arm-none-eabi/4.9.3/armv6-m\libgcc.a(subsf3.o)
                0x000011d8                __aeabi_fsub
 .text          0x000014d4       0x40 c:/freescale/kds_3.0.0/toolchain/bin/../lib/gcc/arm-none-eabi/4.9.3/armv6-m\libgcc.a(fixsfsi.o)
                0x000014d4                __aeabi_f2iz
 .text          0x00001514       0x90 c:/freescale/kds_3.0.0/toolchain/bin/../lib/gcc/arm-none-eabi/4.9.3/armv6-m\libgcc.a(floatsisf.o)
                0x00001514                __aeabi_i2f
 .text          0x000015a4      0x650 c:/freescale/kds_3.0.0/toolchain/bin/../lib/gcc/arm-none-eabi/4.9.3/armv6-m\libgcc.a(adddf3.o)
                0x000015a4                __aeabi_dadd
 .text          0x00001bf4      0x648 c:/freescale/kds_3.0.0/toolchain/bin/../lib/gcc/arm-none-eabi/4.9.3/armv6-m\libgcc.a(divdf3.o)
                0x00001bf4                __aeabi_ddiv
 .text          0x0000223c       0x88 c:/freescale/kds_3.0.0/toolchain/bin/../lib/gcc/arm-none-eabi/4.9.3/armv6-m\libgcc.a(eqdf2.o)
                0x0000223c                __nedf2
                0x0000223c                __eqdf2
 .text          0x000022c4       0xe0 c:/freescale/kds_3.0.0/toolchain/bin/../lib/gcc/arm-none-eabi/4.9.3/armv6-m\libgcc.a(gedf2.o)
                0x000022c4                __gedf2
                0x000022c4                __gtdf2
 .text          0x000023a4       0xcc c:/freescale/kds_3.0.0/toolchain/bin/../lib/gcc/arm-none-eabi/4.9.3/armv6-m\libgcc.a(ledf2.o)
                0x000023a4                __ledf2
                0x000023a4                __ltdf2
 .text          0x00002470      0x6f4 c:/freescale/kds_3.0.0/toolchain/bin/../lib/gcc/arm-none-eabi/4.9.3/armv6-m\libgcc.a(subdf3.o)
                0x00002470                __aeabi_dsub
 .text          0x00002b64       0xa8 c:/freescale/kds_3.0.0/toolchain/bin/../lib/gcc/arm-none-eabi/4.9.3/armv6-m\libgcc.a(extendsfdf2.o)
                0x00002b64                __aeabi_f2d
 .text          0x00002c0c      0x120 c:/freescale/kds_3.0.0/toolchain/bin/../lib/gcc/arm-none-eabi/4.9.3/armv6-m\libgcc.a(truncdfsf2.o)
                0x00002c0c                __aeabi_d2f
 .text          0x00002d2c       0x3c c:/freescale/kds_3.0.0/toolchain/bin/../lib/gcc/arm-none-eabi/4.9.3/armv6-m\libgcc.a(_clzsi2.o)
                0x00002d2c                __clzsi2
 *(.text*)
 .text.FTM_OnCounterRestart
                0x00002d68       0x1c ./Sources/Events.o
                0x00002d68                FTM_OnCounterRestart
 .text.UART_OnBlockSent
                0x00002d84        0x4 ./Sources/Events.o
                0x00002d84                UART_OnBlockSent
 .text.I2C_OnMasterBlockSent
                0x00002d88       0x14 ./Sources/Events.o
                0x00002d88                I2C_OnMasterBlockSent
 .text.I2C_OnMasterBlockReceived
                0x00002d9c       0x14 ./Sources/Events.o
                0x00002d9c                I2C_OnMasterBlockReceived
 .text.UART_OnTxComplete
                0x00002db0        0x4 ./Sources/Events.o
                0x00002db0                UART_OnTxComplete
 .text.UART_OnBlockReceived
                0x00002db4       0x18 ./Sources/Events.o
                0x00002db4                UART_OnBlockReceived
 .text.fasin_deg
                0x00002dcc      0x158 ./Sources/approximations.o
                0x00002dcc                fasin_deg
 .text.facos_deg
                0x00002f24      0x28c ./Sources/approximations.o
                0x00002f24                facos_deg
 .text.fatan_deg
                0x000031b0      0x120 ./Sources/approximations.o
                0x000031b0                fatan_deg
 .text.fatan2_deg
                0x000032d0      0x384 ./Sources/approximations.o
                0x000032d0                fatan2_deg
 .text.MPL3115_Init
                0x00003654       0xd4 ./Sources/drivers.o
                0x00003654                MPL3115_Init
 .text.FXOS8700_Init
                0x00003728      0x184 ./Sources/drivers.o
                0x00003728                FXOS8700_Init
 .text.FXAS21000_Init
                0x000038ac       0xd4 ./Sources/drivers.o
                0x000038ac                FXAS21000_Init
 .text.MPL3115_ReadData
                0x00003980       0x90 ./Sources/drivers.o
                0x00003980                MPL3115_ReadData
 .text.FXOS8700_ReadData
                0x00003a10      0x12c ./Sources/drivers.o
                0x00003a10                FXOS8700_ReadData
 .text.FXAS21000_ReadData
                0x00003b3c       0xf0 ./Sources/drivers.o
                0x00003b3c                FXAS21000_ReadData
 .text.fInit_6DOF_GY_KALMAN
                0x00003c2c      0x338 ./Sources/fusion.o
                0x00003c2c                fInit_6DOF_GY_KALMAN
 .text.fInit_9DOF_GBY_KALMAN
                0x00003f64      0x6e8 ./Sources/fusion.o
                0x00003f64                fInit_9DOF_GBY_KALMAN
 .text.fRun_1DOF_P_BASIC
                0x0000464c       0x44 ./Sources/fusion.o
                0x0000464c                fRun_1DOF_P_BASIC
 .text.fRun_3DOF_G_BASIC
                0x00004690      0x144 ./Sources/fusion.o
                0x00004690                fRun_3DOF_G_BASIC
 .text.fRun_3DOF_B_BASIC
                0x000047d4      0x160 ./Sources/fusion.o
                0x000047d4                fRun_3DOF_B_BASIC
 .text.fRun_3DOF_Y_BASIC
                0x00004934      0x18c ./Sources/fusion.o
                0x00004934                fRun_3DOF_Y_BASIC
 .text.fRun_6DOF_GB_BASIC
                0x00004ac0      0x1a8 ./Sources/fusion.o
                0x00004ac0                fRun_6DOF_GB_BASIC
 .text.fRun_6DOF_GY_KALMAN
                0x00004c68     0x10a4 ./Sources/fusion.o
                0x00004c68                fRun_6DOF_GY_KALMAN
 .text.fRun_9DOF_GBY_KALMAN
                0x00005d0c     0x49b4 ./Sources/fusion.o
                0x00005d0c                fRun_9DOF_GBY_KALMAN
 .text.fInitMagCalibration
                0x0000a6c0       0xdc ./Sources/magnetic.o
                0x0000a6c0                fInitMagCalibration
 .text.iUpdateMagnetometerBuffer
                0x0000a79c      0x478 ./Sources/magnetic.o
                0x0000a79c                iUpdateMagnetometerBuffer
 .text.fInvertMagCal
                0x0000ac14      0x198 ./Sources/magnetic.o
                0x0000ac14                fInvertMagCal
 .text.fUpdateCalibration4INV
                0x0000adac      0x834 ./Sources/magnetic.o
                0x0000adac                fUpdateCalibration4INV
 .text.fUpdateCalibration7EIG
                0x0000b5e0      0x608 ./Sources/magnetic.o
                0x0000b5e0                fUpdateCalibration7EIG
 .text.fUpdateCalibration10EIG
                0x0000bbe8      0x9cc ./Sources/magnetic.o
                0x0000bbe8                fUpdateCalibration10EIG
 .text.startup.main
                0x0000c5b4        0xc ./Sources/main.o
                0x0000c5b4                main
 .text.f3x3matrixAeqI
                0x0000c5c0       0x1c ./Sources/matrix.o
                0x0000c5c0                f3x3matrixAeqI
 .text.f3x3matrixAeqScalar
                0x0000c5dc       0x14 ./Sources/matrix.o
                0x0000c5dc                f3x3matrixAeqScalar
 .text.f3x3matrixAeqAxScalar
                0x0000c5f0       0x60 ./Sources/matrix.o
                0x0000c5f0                f3x3matrixAeqAxScalar
 .text.f3x3matrixAeqMinusA
                0x0000c650       0x40 ./Sources/matrix.o
                0x0000c650                f3x3matrixAeqMinusA
 .text.f3x3matrixAeqInvSymB
                0x0000c690      0x178 ./Sources/matrix.o
                0x0000c690                f3x3matrixAeqInvSymB
 .text.f3x3matrixDetA
                0x0000c808       0xa0 ./Sources/matrix.o
                0x0000c808                f3x3matrixDetA
 .text.eigencompute
                0x0000c8a8      0x498 ./Sources/matrix.o
                0x0000c8a8                eigencompute
 .text.fmatrixAeqInvA
                0x0000cd40      0x2c0 ./Sources/matrix.o
                0x0000cd40                fmatrixAeqInvA
 .text.Main_task
                0x0000d000       0xd8 ./Sources/mqx_tasks.o
                0x0000d000                Main_task
 .text.RdSensData_task
                0x0000d0d8       0x40 ./Sources/mqx_tasks.o
                0x0000d0d8                RdSensData_task
 .text.Fusion_task
                0x0000d118       0x90 ./Sources/mqx_tasks.o
                0x0000d118                Fusion_task
 .text.MagCal_task
                0x0000d1a8       0x44 ./Sources/mqx_tasks.o
                0x0000d1a8                MagCal_task
 .text.f3DOFTiltNED
                0x0000d1ec      0x130 ./Sources/orientation.o
                0x0000d1ec                f3DOFTiltNED
 .text.f3DOFTiltAndroid
                0x0000d31c      0x138 ./Sources/orientation.o
                0x0000d31c                f3DOFTiltAndroid
 .text.f3DOFTiltWin8
                0x0000d454      0x180 ./Sources/orientation.o
                0x0000d454                f3DOFTiltWin8
 .text.f3DOFMagnetometerMatrixNED
                0x0000d5d4       0x6c ./Sources/orientation.o
                0x0000d5d4                f3DOFMagnetometerMatrixNED
 .text.f3DOFMagnetometerMatrixAndroid
                0x0000d640       0x6c ./Sources/orientation.o
                0x0000d640                f3DOFMagnetometerMatrixAndroid
 .text.f3DOFMagnetometerMatrixWin8
                0x0000d6ac       0x6c ./Sources/orientation.o
                0x0000d6ac                f3DOFMagnetometerMatrixWin8
 .text.feCompassNED
                0x0000d718      0x300 ./Sources/orientation.o
                0x0000d718                feCompassNED
 .text.feCompassAndroid
                0x0000da18      0x304 ./Sources/orientation.o
                0x0000da18                feCompassAndroid
 .text.feCompassWin8
                0x0000dd1c      0x30c ./Sources/orientation.o
                0x0000dd1c                feCompassWin8
 .text.fNEDAnglesDegFromRotationMatrix
                0x0000e028       0xf4 ./Sources/orientation.o
                0x0000e028                fNEDAnglesDegFromRotationMatrix
 .text.fAndroidAnglesDegFromRotationMatrix
                0x0000e11c       0xf4 ./Sources/orientation.o
                0x0000e11c                fAndroidAnglesDegFromRotationMatrix
 .text.fWin8AnglesDegFromRotationMatrix
                0x0000e210      0x184 ./Sources/orientation.o
                0x0000e210                fWin8AnglesDegFromRotationMatrix
 .text.fQuaternionFromRotationVectorDeg
                0x0000e394      0x194 ./Sources/orientation.o
                0x0000e394                fQuaternionFromRotationVectorDeg
 .text.fQuaternionFromRotationMatrix
                0x0000e528      0x144 ./Sources/orientation.o
                0x0000e528                fQuaternionFromRotationMatrix
 .text.fRotationMatrixFromQuaternion
                0x0000e66c      0x120 ./Sources/orientation.o
                0x0000e66c                fRotationMatrixFromQuaternion
 .text.fRotationVectorDegFromQuaternion
                0x0000e78c       0xb8 ./Sources/orientation.o
                0x0000e78c                fRotationVectorDegFromQuaternion
 .text.fLPFOrientationQuaternion
                0x0000e844      0x4fc ./Sources/orientation.o
                0x0000e844                fLPFOrientationQuaternion
 .text.fLPFScalar
                0x0000ed40       0x2c ./Sources/orientation.o
                0x0000ed40                fLPFScalar
 .text.qAeqBxC  0x0000ed6c      0x148 ./Sources/orientation.o
                0x0000ed6c                qAeqBxC
 .text.qAeqAxB  0x0000eeb4      0x138 ./Sources/orientation.o
                0x0000eeb4                qAeqAxB
 .text.fqAeqNormqA
                0x0000efec       0xd4 ./Sources/orientation.o
                0x0000efec                fqAeqNormqA
 .text.fqAeq1   0x0000f0c0       0x10 ./Sources/orientation.o
                0x0000f0c0                fqAeq1
 .text.RdSensData_Init
                0x0000f0d0       0x58 ./Sources/tasks.o
                0x0000f0d0                RdSensData_Init
 .text.Fusion_Init
                0x0000f128       0x6c ./Sources/tasks.o
                0x0000f128                Fusion_Init
 .text.RdSensData_Run
                0x0000f194      0x34c ./Sources/tasks.o
                0x0000f194                RdSensData_Run
 .text.Fusion_Run
                0x0000f4e0      0x2e0 ./Sources/tasks.o
                0x0000f4e0                Fusion_Run
 .text.MagCal_Run
                0x0000f7c0      0x13c ./Sources/tasks.o
                0x0000f7c0                MagCal_Run
 .text.on_protocol_decoded_frame
                0x0000f8fc        0x8 ./Sources/user_tasks.o
                0x0000f8fc                on_protocol_decoded_frame
 .text.on_protocol_encoded_frame
                0x0000f904       0x18 ./Sources/user_tasks.o
                0x0000f904                on_protocol_encoded_frame
 .text.UserStartup
                0x0000f91c       0xd4 ./Sources/user_tasks.o
                0x0000f91c                UserStartup
 .text.UserHighFrequencyTaskInit
                0x0000f9f0        0x4 ./Sources/user_tasks.o
                0x0000f9f0                UserHighFrequencyTaskInit
 .text.UserMediumFrequencyTaskInit
                0x0000f9f4        0x4 ./Sources/user_tasks.o
                0x0000f9f4                UserMediumFrequencyTaskInit
 .text.UserHighFrequencyTaskRun
                0x0000f9f8        0x4 ./Sources/user_tasks.o
                0x0000f9f8                UserHighFrequencyTaskRun
 .text.UserMediumFrequencyTaskRun
                0x0000f9fc       0xbc ./Sources/user_tasks.o
                0x0000f9fc                UserMediumFrequencyTaskRun
 .text.sendBytes
                0x0000fab8       0x14 ./SerialProtocol/functions.o
                0x0000fab8                sendBytes
 .text.init_protocol
                0x0000facc       0x4c ./SerialProtocol/protocol.o
                0x0000facc                init_protocol
 .text.encode   0x0000fb18       0x88 ./SerialProtocol/protocol.o
                0x0000fb18                encode
 .text.decode   0x0000fba0       0x94 ./SerialProtocol/protocol.o
                0x0000fba0                decode
 .text.__copy_rom_sections_to_ram
                0x0000fc34       0x78 ./Project_Settings/Startup_Code/startup.o
                0x0000fc34                __copy_rom_sections_to_ram
 .text.__init_registers
                0x0000fcac        0x4 ./Project_Settings/Startup_Code/startup.o
                0x0000fcac                __init_registers
 .text.__init_user
                0x0000fcb0        0x4 ./Project_Settings/Startup_Code/startup.o
                0x0000fcb0                __init_user
 .text.__thumb_startup
                0x0000fcb4       0x80 ./Project_Settings/Startup_Code/startup.o
                0x0000fcb4                __thumb_startup
 .text._psp_int_install
                0x0000fd34       0x14 ./MQXLITE/psp/cortex_m/int_inst.o
                0x0000fd34                _psp_int_install
 .text._int_set_vector_table
                0x0000fd48       0x14 ./MQXLITE/psp/cortex_m/int_vtab.o
                0x0000fd48                _int_set_vector_table
 .text._mem_zero
                0x0000fd5c       0xf0 ./MQXLITE/psp/cortex_m/mem_zero.o
                0x0000fd5c                _mem_zero
 .text._psp_int_init
                0x0000fe4c       0x14 ./MQXLITE/psp/cortex_m/psp_iinit.o
                0x0000fe4c                _psp_int_init
 .text._psp_add_ticks
                0x0000fe60       0x40 ./MQXLITE/psp/cortex_m/psp_tiad.o
                0x0000fe60                _psp_add_ticks
 .text._psp_normalize_ticks
                0x0000fea0       0x3c ./MQXLITE/psp/cortex_m/psp_tinm.o
                0x0000fea0                _psp_normalize_ticks
 .text._psp_set_kernel_disable_level
                0x0000fedc       0x6c ./MQXLITE/psp/cortex_m/sc_irdyq.o
                0x0000fedc                _psp_set_kernel_disable_level
 .text._psp_init_readyqs
                0x0000ff48       0x60 ./MQXLITE/psp/cortex_m/sc_irdyq.o
                0x0000ff48                _psp_init_readyqs
 .text._psp_build_stack_frame
                0x0000ffa8       0x44 ./MQXLITE/psp/cortex_m/stack_bu.o
                0x0000ffa8                _psp_build_stack_frame
 .text._psp_destroy_stack_frame
                0x0000ffec        0x4 ./MQXLITE/psp/cortex_m/stack_de.o
                0x0000ffec                _psp_destroy_stack_frame
 .text._mqx_idle_task
                0x0000fff0       0x10 ./MQXLITE/kernel/idletask.o
                0x0000fff0                _mqx_idle_task
 .text._int_default_isr
                0x00010000       0x4c ./MQXLITE/kernel/int.o
                0x00010000                _int_default_isr
 .text._int_disable
                0x0001004c       0x18 ./MQXLITE/kernel/int.o
                0x0001004c                _int_disable
 .text._int_enable
                0x00010064       0x1c ./MQXLITE/kernel/int.o
                0x00010064                _int_enable
 .text._int_get_isr_data
                0x00010080       0x40 ./MQXLITE/kernel/int.o
                0x00010080                _int_get_isr_data
 .text._int_install_isr
                0x000100c0       0x64 ./MQXLITE/kernel/int.o
                0x000100c0                _int_install_isr
 .text._int_init
                0x00010124       0x4c ./MQXLITE/kernel/int.o
                0x00010124                _int_init
 .text._lwevent_create
                0x00010170       0x84 ./MQXLITE/kernel/lwevent.o
                0x00010170                _lwevent_create
 .text._lwevent_set
                0x000101f4      0x134 ./MQXLITE/kernel/lwevent.o
                0x000101f4                _lwevent_set
 .text._lwevent_wait_for
                0x00010328       0xf4 ./MQXLITE/kernel/lwevent.o
                0x00010328                _lwevent_wait_for
 .text._lwsem_create
                0x0001041c       0x64 ./MQXLITE/kernel/lwsem.o
                0x0001041c                _lwsem_create
 .text._lwsem_post
                0x00010480       0xb4 ./MQXLITE/kernel/lwsem.o
                0x00010480                _lwsem_post
 .text._lwsem_wait
                0x00010534       0x98 ./MQXLITE/kernel/lwsem.o
                0x00010534                _lwsem_wait
 .text._mqx_set_cpu_type
                0x000105cc        0xc ./MQXLITE/kernel/mqx_utils.o
                0x000105cc                _mqx_set_cpu_type
 .text._mqx_init_kernel_data_internal
                0x000105d8       0xfc ./MQXLITE/kernel/mqx_utils.o
                0x000105d8                _mqx_init_kernel_data_internal
 .text._mqxlite_init
                0x000106d4       0xc0 ./MQXLITE/kernel/mqxlite.o
                0x000106d4                _mqxlite_init
 .text._mqxlite
                0x00010794       0x98 ./MQXLITE/kernel/mqxlite.o
                0x00010794                _mqxlite
 .text._mqx_exit
                0x0001082c        0x8 ./MQXLITE/kernel/mqxlite.o
                0x0001082c                _mqx_exit
 .text._task_exit_function_internal
                0x00010834      0x140 ./MQXLITE/kernel/task.o
                0x00010834                _task_exit_function_internal
 .text._task_destroy
                0x00010974      0x1bc ./MQXLITE/kernel/task.o
                0x00010974                _task_destroy
 .text._task_set_error
                0x00010b30       0x38 ./MQXLITE/kernel/task.o
                0x00010b30                _task_set_error
 .text._task_init_internal
                0x00010b68      0x220 ./MQXLITE/kernel/task.o
                0x00010b68                _task_init_internal
 .text._task_create_at
                0x00010d88      0x178 ./MQXLITE/kernel/task.o
                0x00010d88                _task_create_at
 .text._task_fill_stack_internal
                0x00010f00       0x14 ./MQXLITE/kernel/task.o
                0x00010f00                _task_fill_stack_internal
 .text._task_ready_internal
                0x00010f14       0x28 ./MQXLITE/kernel/task.o
                0x00010f14                _task_ready_internal
 .text._task_set_error_td_internal
                0x00010f3c       0x10 ./MQXLITE/kernel/task.o
                0x00010f3c                _task_set_error_td_internal
 .text._time_delay_for
                0x00010f4c       0xcc ./MQXLITE/kernel/time_ticks.o
                0x00010f4c                _time_delay_for
 .text._time_notify_kernel
                0x00011018      0x138 ./MQXLITE/kernel/time_ticks.o
                0x00011018                _time_notify_kernel
 .text._time_set_hwtick_function
                0x00011150       0x14 ./MQXLITE/kernel/time_ticks.o
                0x00011150                _time_set_hwtick_function
 .text._time_set_hwticks_per_tick
                0x00011164       0x10 ./MQXLITE/kernel/time_ticks.o
                0x00011164                _time_set_hwticks_per_tick
 .text.Cpu_Interrupt
                0x00011174        0x4 ./Generated_Code/Cpu.o
                0x00011174                Cpu_Interrupt
 .text.__init_hardware
                0x00011178      0x124 ./Generated_Code/Cpu.o
                0x00011178                __init_hardware
 .text.PE_low_level_init
                0x0001129c       0xc0 ./Generated_Code/Cpu.o
                0x0001129c                PE_low_level_init
 .text.FTM_Interrupt
                0x0001135c       0x18 ./Generated_Code/FTM.o
                0x0001135c                FTM_Interrupt
 .text.FTM_Init
                0x00011374       0x7c ./Generated_Code/FTM.o
                0x00011374                FTM_Init
 .text.FTM_SetPeriodTicks
                0x000113f0       0x20 ./Generated_Code/FTM.o
                0x000113f0                FTM_SetPeriodTicks
 .text.I2C_Interrupt
                0x00011410      0x168 ./Generated_Code/I2C.o
                0x00011410                I2C_Interrupt
 .text.I2C_Init
                0x00011578       0xc8 ./Generated_Code/I2C.o
                0x00011578                I2C_Init
 .text.I2C_MasterSendBlock
                0x00011640       0xbc ./Generated_Code/I2C.o
                0x00011640                I2C_MasterSendBlock
 .text.I2C_MasterReceiveBlock
                0x000116fc       0xb8 ./Generated_Code/I2C.o
                0x000116fc                I2C_MasterReceiveBlock
 .text.I2C_SelectSlaveDevice
                0x000117b4       0x6c ./Generated_Code/I2C.o
                0x000117b4                I2C_SelectSlaveDevice
 .text.I2C_GetError
                0x00011820       0x1c ./Generated_Code/I2C.o
                0x00011820                I2C_GetError
 .text.I2C_CheckBus
                0x0001183c       0x18 ./Generated_Code/I2C.o
                0x0001183c                I2C_CheckBus
 .text.LED_BLUE_Init
                0x00011854       0x44 ./Generated_Code/LED_BLUE.o
                0x00011854                LED_BLUE_Init
 .text.LED_BLUE_SetVal
                0x00011898       0x10 ./Generated_Code/LED_BLUE.o
                0x00011898                LED_BLUE_SetVal
 .text.LED_GREEN_Init
                0x000118a8       0x40 ./Generated_Code/LED_GREEN.o
                0x000118a8                LED_GREEN_Init
 .text.LED_GREEN_SetVal
                0x000118e8        0xc ./Generated_Code/LED_GREEN.o
                0x000118e8                LED_GREEN_SetVal
 .text.LED_GREEN_NegVal
                0x000118f4        0xc ./Generated_Code/LED_GREEN.o
                0x000118f4                LED_GREEN_NegVal
 .text.LED_RED_Init
                0x00011900       0x44 ./Generated_Code/LED_RED.o
                0x00011900                LED_RED_Init
 .text.LED_RED_ClrVal
                0x00011944       0x10 ./Generated_Code/LED_RED.o
                0x00011944                LED_RED_ClrVal
 .text.LED_RED_SetVal
                0x00011954       0x10 ./Generated_Code/LED_RED.o
                0x00011954                LED_RED_SetVal
 .text.SystemTimer1_OnCounterRestart
                0x00011964        0x8 ./Generated_Code/MQX1.o
                0x00011964                SystemTimer1_OnCounterRestart
 .text.system_timer_init
                0x0001196c       0x54 ./Generated_Code/MQX1.o
                0x0001196c                system_timer_init
 .text.system_timer_start
                0x000119c0       0x14 ./Generated_Code/MQX1.o
                0x000119c0                system_timer_start
 .text.RNG1_Put
                0x000119d4       0x7c ./Generated_Code/RNG1.o
                0x000119d4                RNG1_Put
 .text.RNG1_Get
                0x00011a50       0x84 ./Generated_Code/RNG1.o
                0x00011a50                RNG1_Get
 .text.RNG1_NofElements
                0x00011ad4        0xc ./Generated_Code/RNG1.o
                0x00011ad4                RNG1_NofElements
 .text.RNG1_NofFreeElements
                0x00011ae0       0x10 ./Generated_Code/RNG1.o
                0x00011ae0                RNG1_NofFreeElements
 .text.RNG1_Init
                0x00011af0       0x1c ./Generated_Code/RNG1.o
                0x00011af0                RNG1_Init
 .text.SystemTimer1_Interrupt
                0x00011b0c       0x1c ./Generated_Code/SystemTimer1.o
                0x00011b0c                SystemTimer1_Interrupt
 .text.SystemTimer1_Init
                0x00011b28       0x60 ./Generated_Code/SystemTimer1.o
                0x00011b28                SystemTimer1_Init
 .text.SystemTimer1_Enable
                0x00011b88       0x14 ./Generated_Code/SystemTimer1.o
                0x00011b88                SystemTimer1_Enable
 .text.SystemTimer1_GetInputFrequency
                0x00011b9c        0x8 ./Generated_Code/SystemTimer1.o
                0x00011b9c                SystemTimer1_GetInputFrequency
 .text.SystemTimer1_GetPeriodTicks
                0x00011ba4       0x14 ./Generated_Code/SystemTimer1.o
                0x00011ba4                SystemTimer1_GetPeriodTicks
 .text.SystemTimer1_GetCounterValue
                0x00011bb8        0xc ./Generated_Code/SystemTimer1.o
                0x00011bb8                SystemTimer1_GetCounterValue
 .text.TestPin_KF_Time_Init
                0x00011bc4       0x48 ./Generated_Code/TestPin_KF_Time.o
                0x00011bc4                TestPin_KF_Time_Init
 .text.TestPin_KF_Time_ClrVal
                0x00011c0c       0x10 ./Generated_Code/TestPin_KF_Time.o
                0x00011c0c                TestPin_KF_Time_ClrVal
 .text.TestPin_KF_Time_SetVal
                0x00011c1c       0x10 ./Generated_Code/TestPin_KF_Time.o
                0x00011c1c                TestPin_KF_Time_SetVal
 .text.TestPin_MagCal_Time_Init
                0x00011c2c       0x48 ./Generated_Code/TestPin_MagCal_Time.o
                0x00011c2c                TestPin_MagCal_Time_Init
 .text.TestPin_MagCal_Time_ClrVal
                0x00011c74       0x10 ./Generated_Code/TestPin_MagCal_Time.o
                0x00011c74                TestPin_MagCal_Time_ClrVal
 .text.TestPin_MagCal_Time_SetVal
                0x00011c84       0x10 ./Generated_Code/TestPin_MagCal_Time.o
                0x00011c84                TestPin_MagCal_Time_SetVal
 .text.UART_Interrupt
                0x00011c94       0xdc ./Generated_Code/UART.o
                0x00011c94                UART_Interrupt
 .text.UART_Init
                0x00011d70      0x108 ./Generated_Code/UART.o
                0x00011d70                UART_Init
 .text.UART_ReceiveBlock
                0x00011e78       0x2c ./Generated_Code/UART.o
                0x00011e78                UART_ReceiveBlock
 .text.UART_SendBlock
                0x00011ea4       0x4c ./Generated_Code/UART.o
                0x00011ea4                UART_SendBlock
 .text.UART_GetTxCompleteStatus
                0x00011ef0       0x14 ./Generated_Code/UART.o
                0x00011ef0                UART_GetTxCompleteStatus
 .text.crc16    0x00011f04      0x114 ./DistantIO/crc.o
                0x00011f04                crc16
 .text.init_distantio
                0x00012018       0x98 ./DistantIO/distantio.o
                0x00012018                init_distantio
 .text.register_var
                0x000120b0       0x6c ./DistantIO/distantio.o
                0x000120b0                register_var
 .text.start_group
                0x0001211c       0x2c ./DistantIO/distantio.o
                0x0001211c                start_group
 .text.distantio_decode
                0x00012148      0x314 ./DistantIO/distantio.o
                0x00012148                distantio_decode
 .text.send_variables
                0x0001245c      0x110 ./DistantIO/distantio.o
                0x0001245c                send_variables
 .text.send_alive
                0x0001256c       0x28 ./DistantIO/distantio.o
                0x0001256c                send_alive
 .text.sinf     0x00012594       0x84 c:/freescale/kds_3.0.0/toolchain/bin/../lib/gcc/arm-none-eabi/4.9.3/../../../../arm-none-eabi/lib/armv6-m\libm.a(lib_a-sf_sin.o)
                0x00012594                sinf
 .text.acosf    0x00012618       0xa4 c:/freescale/kds_3.0.0/toolchain/bin/../lib/gcc/arm-none-eabi/4.9.3/../../../../arm-none-eabi/lib/armv6-m\libm.a(lib_a-wf_acos.o)
                0x00012618                acosf
 .text.powf     0x000126bc      0x350 c:/freescale/kds_3.0.0/toolchain/bin/../lib/gcc/arm-none-eabi/4.9.3/../../../../arm-none-eabi/lib/armv6-m\libm.a(lib_a-wf_pow.o)
                0x000126bc                powf
 .text.sqrtf    0x00012a0c       0xac c:/freescale/kds_3.0.0/toolchain/bin/../lib/gcc/arm-none-eabi/4.9.3/../../../../arm-none-eabi/lib/armv6-m\libm.a(lib_a-wf_sqrt.o)
                0x00012a0c                sqrtf
 .text.__ieee754_acosf
                0x00012ab8      0x2d0 c:/freescale/kds_3.0.0/toolchain/bin/../lib/gcc/arm-none-eabi/4.9.3/../../../../arm-none-eabi/lib/armv6-m\libm.a(lib_a-ef_acos.o)
                0x00012ab8                __ieee754_acosf
 .text.__ieee754_powf
                0x00012d88      0x740 c:/freescale/kds_3.0.0/toolchain/bin/../lib/gcc/arm-none-eabi/4.9.3/../../../../arm-none-eabi/lib/armv6-m\libm.a(lib_a-ef_pow.o)
                0x00012d88                __ieee754_powf
 .text.__ieee754_rem_pio2f
                0x000134c8      0x314 c:/freescale/kds_3.0.0/toolchain/bin/../lib/gcc/arm-none-eabi/4.9.3/../../../../arm-none-eabi/lib/armv6-m\libm.a(lib_a-ef_rem_pio2.o)
                0x000134c8                __ieee754_rem_pio2f
 .text.__ieee754_sqrtf
                0x000137dc       0xb8 c:/freescale/kds_3.0.0/toolchain/bin/../lib/gcc/arm-none-eabi/4.9.3/../../../../arm-none-eabi/lib/armv6-m\libm.a(lib_a-ef_sqrt.o)
                0x000137dc                __ieee754_sqrtf
 .text.__kernel_cosf
                0x00013894      0x194 c:/freescale/kds_3.0.0/toolchain/bin/../lib/gcc/arm-none-eabi/4.9.3/../../../../arm-none-eabi/lib/armv6-m\libm.a(lib_a-kf_cos.o)
                0x00013894                __kernel_cosf
 .text.__kernel_rem_pio2f
                0x00013a28      0x728 c:/freescale/kds_3.0.0/toolchain/bin/../lib/gcc/arm-none-eabi/4.9.3/../../../../arm-none-eabi/lib/armv6-m\libm.a(lib_a-kf_rem_pio2.o)
                0x00013a28                __kernel_rem_pio2f
 .text.__kernel_sinf
                0x00014150       0xf4 c:/freescale/kds_3.0.0/toolchain/bin/../lib/gcc/arm-none-eabi/4.9.3/../../../../arm-none-eabi/lib/armv6-m\libm.a(lib_a-kf_sin.o)
                0x00014150                __kernel_sinf
 .text.matherr  0x00014244        0x4 c:/freescale/kds_3.0.0/toolchain/bin/../lib/gcc/arm-none-eabi/4.9.3/../../../../arm-none-eabi/lib/armv6-m\libm.a(lib_a-s_matherr.o)
                0x00014244                matherr
 .text.nan      0x00014248        0xc c:/freescale/kds_3.0.0/toolchain/bin/../lib/gcc/arm-none-eabi/4.9.3/../../../../arm-none-eabi/lib/armv6-m\libm.a(lib_a-s_nan.o)
                0x00014248                nan
 .text.rint     0x00014254      0x144 c:/freescale/kds_3.0.0/toolchain/bin/../lib/gcc/arm-none-eabi/4.9.3/../../../../arm-none-eabi/lib/armv6-m\libm.a(lib_a-s_rint.o)
                0x00014254                rint
 .text.fabsf    0x00014398        0x8 c:/freescale/kds_3.0.0/toolchain/bin/../lib/gcc/arm-none-eabi/4.9.3/../../../../arm-none-eabi/lib/armv6-m\libm.a(lib_a-sf_fabs.o)
                0x00014398                fabsf
 .text.finitef  0x000143a0       0x14 c:/freescale/kds_3.0.0/toolchain/bin/../lib/gcc/arm-none-eabi/4.9.3/../../../../arm-none-eabi/lib/armv6-m\libm.a(lib_a-sf_finite.o)
                0x000143a0                finitef
 .text.floorf   0x000143b4       0x9c c:/freescale/kds_3.0.0/toolchain/bin/../lib/gcc/arm-none-eabi/4.9.3/../../../../arm-none-eabi/lib/armv6-m\libm.a(lib_a-sf_floor.o)
                0x000143b4                floorf
 .text.__fpclassifyf
                0x00014450       0x40 c:/freescale/kds_3.0.0/toolchain/bin/../lib/gcc/arm-none-eabi/4.9.3/../../../../arm-none-eabi/lib/armv6-m\libm.a(lib_a-sf_fpclassify.o)
                0x00014450                __fpclassifyf
 .text.nanf     0x00014490        0x8 c:/freescale/kds_3.0.0/toolchain/bin/../lib/gcc/arm-none-eabi/4.9.3/../../../../arm-none-eabi/lib/armv6-m\libm.a(lib_a-sf_nan.o)
                0x00014490                nanf
 .text.scalbnf  0x00014498       0xcc c:/freescale/kds_3.0.0/toolchain/bin/../lib/gcc/arm-none-eabi/4.9.3/../../../../arm-none-eabi/lib/armv6-m\libm.a(lib_a-sf_scalbn.o)
                0x00014498                scalbnf
 .text.copysignf
                0x00014564        0xc c:/freescale/kds_3.0.0/toolchain/bin/../lib/gcc/arm-none-eabi/4.9.3/../../../../arm-none-eabi/lib/armv6-m\libm.a(lib_a-sf_copysign.o)
                0x00014564                copysignf
 .text.__errno  0x00014570        0xc c:/freescale/kds_3.0.0/toolchain/bin/../lib/gcc/arm-none-eabi/4.9.3/../../../../arm-none-eabi/lib/armv6-m\libg_nano.a(lib_a-errno.o)
                0x00014570                __errno
 .text.memcpy   0x0001457c       0x12 c:/freescale/kds_3.0.0/toolchain/bin/../lib/gcc/arm-none-eabi/4.9.3/../../../../arm-none-eabi/lib/armv6-m\libg_nano.a(lib_a-memcpy.o)
                0x0001457c                memcpy
 .text.memset   0x0001458e       0x10 c:/freescale/kds_3.0.0/toolchain/bin/../lib/gcc/arm-none-eabi/4.9.3/../../../../arm-none-eabi/lib/armv6-m\libg_nano.a(lib_a-memset.o)
                0x0001458e                memset
 .text.strcpy   0x0001459e       0x10 c:/freescale/kds_3.0.0/toolchain/bin/../lib/gcc/arm-none-eabi/4.9.3/../../../../arm-none-eabi/lib/armv6-m\libg_nano.a(lib_a-strcpy.o)
                0x0001459e                strcpy
 .text.strlen   0x000145ae        0xe c:/freescale/kds_3.0.0/toolchain/bin/../lib/gcc/arm-none-eabi/4.9.3/../../../../arm-none-eabi/lib/armv6-m\libg_nano.a(lib_a-strlen.o)
                0x000145ae                strlen
 *(.rodata)
 .rodata        0x000145bc       0x80 c:/freescale/kds_3.0.0/toolchain/bin/../lib/gcc/arm-none-eabi/4.9.3/armv6-m\libgcc.a(divsf3.o)
 .rodata        0x0001463c       0x40 c:/freescale/kds_3.0.0/toolchain/bin/../lib/gcc/arm-none-eabi/4.9.3/armv6-m\libgcc.a(mulsf3.o)
 .rodata        0x0001467c       0x40 c:/freescale/kds_3.0.0/toolchain/bin/../lib/gcc/arm-none-eabi/4.9.3/armv6-m\libgcc.a(divdf3.o)
 *(.rodata*)
 .rodata.str1.4
                0x000146bc       0x15 ./Sources/user_tasks.o
 *fill*         0x000146d1        0x3 
 .rodata._mem_zero
                0x000146d4       0x40 ./MQXLITE/psp/cortex_m/mem_zero.o
 .rodata.str1.4
                0x00014714        0xf ./MQXLITE/kernel/mqx_utils.o
 *fill*         0x00014723        0x1 
 .rodata._mqx_path
                0x00014724        0x4 ./MQXLITE/kernel/mqxlite.o
                0x00014724                _mqx_path
 .rodata._mqx_vendor
                0x00014728        0x4 ./MQXLITE/kernel/mqxlite.o
                0x00014728                _mqx_vendor
 .rodata._mqxlite_version_number
                0x0001472c        0x4 ./MQXLITE/kernel/mqxlite.o
                0x0001472c                _mqxlite_version_number
 .rodata._mqx_version_number
                0x00014730        0x4 ./MQXLITE/kernel/mqxlite.o
                0x00014730                _mqx_version_number
 .rodata.str1.4
                0x00014734       0xda ./MQXLITE/kernel/mqxlite.o
 *fill*         0x0001480e        0x2 
 .rodata.str1.4
                0x00014810       0x23 ./MQXLITE/config/task_template_list.o
 *fill*         0x00014833        0x1 
 .rodata.MQX_template_list
                0x00014834       0x8c ./MQXLITE/config/task_template_list.o
                0x00014834                MQX_template_list
 .rodata.MQX_init_struct
                0x000148c0       0x24 ./Generated_Code/MQX1.o
                0x000148c0                MQX_init_struct
 .rodata.str1.4
                0x000148e4       0x14 ./DistantIO/distantio.o
 .rodata.str1.4
                0x000148f8        0x6 c:/freescale/kds_3.0.0/toolchain/bin/../lib/gcc/arm-none-eabi/4.9.3/../../../../arm-none-eabi/lib/armv6-m\libm.a(lib_a-wf_acos.o)
                                  0x9 (size before relaxing)
 *fill*         0x000148fe        0x2 
 .rodata.str1.4
                0x00014900        0x5 c:/freescale/kds_3.0.0/toolchain/bin/../lib/gcc/arm-none-eabi/4.9.3/../../../../arm-none-eabi/lib/armv6-m\libm.a(lib_a-wf_pow.o)
 *fill*         0x00014905        0x3 
 .rodata.str1.4
                0x00014908        0x8 c:/freescale/kds_3.0.0/toolchain/bin/../lib/gcc/arm-none-eabi/4.9.3/../../../../arm-none-eabi/lib/armv6-m\libm.a(lib_a-wf_sqrt.o)
                                  0x6 (size before relaxing)
 .rodata.dp_h   0x00014910        0x8 c:/freescale/kds_3.0.0/toolchain/bin/../lib/gcc/arm-none-eabi/4.9.3/../../../../arm-none-eabi/lib/armv6-m\libm.a(lib_a-ef_pow.o)
 .rodata.dp_l   0x00014918        0x8 c:/freescale/kds_3.0.0/toolchain/bin/../lib/gcc/arm-none-eabi/4.9.3/../../../../arm-none-eabi/lib/armv6-m\libm.a(lib_a-ef_pow.o)
 .rodata.bp     0x00014920        0x8 c:/freescale/kds_3.0.0/toolchain/bin/../lib/gcc/arm-none-eabi/4.9.3/../../../../arm-none-eabi/lib/armv6-m\libm.a(lib_a-ef_pow.o)
 .rodata.str1.4
                0x00000000        0x1 c:/freescale/kds_3.0.0/toolchain/bin/../lib/gcc/arm-none-eabi/4.9.3/../../../../arm-none-eabi/lib/armv6-m\libm.a(lib_a-ef_pow.o)
 .rodata.npio2_hw
                0x00014928       0x80 c:/freescale/kds_3.0.0/toolchain/bin/../lib/gcc/arm-none-eabi/4.9.3/../../../../arm-none-eabi/lib/armv6-m\libm.a(lib_a-ef_rem_pio2.o)
 .rodata.two_over_pi
                0x000149a8      0x318 c:/freescale/kds_3.0.0/toolchain/bin/../lib/gcc/arm-none-eabi/4.9.3/../../../../arm-none-eabi/lib/armv6-m\libm.a(lib_a-ef_rem_pio2.o)
 .rodata.init_jk
                0x00014cc0        0xc c:/freescale/kds_3.0.0/toolchain/bin/../lib/gcc/arm-none-eabi/4.9.3/../../../../arm-none-eabi/lib/armv6-m\libm.a(lib_a-kf_rem_pio2.o)
 .rodata.PIo2   0x00014ccc       0x2c c:/freescale/kds_3.0.0/toolchain/bin/../lib/gcc/arm-none-eabi/4.9.3/../../../../arm-none-eabi/lib/armv6-m\libm.a(lib_a-kf_rem_pio2.o)
 .rodata.TWO52  0x00014cf8       0x10 c:/freescale/kds_3.0.0/toolchain/bin/../lib/gcc/arm-none-eabi/4.9.3/../../../../arm-none-eabi/lib/armv6-m\libm.a(lib_a-s_rint.o)
 .rodata.str1.1
                0x00014d08        0x2 c:/freescale/kds_3.0.0/toolchain/bin/../lib/gcc/arm-none-eabi/4.9.3/../../../../arm-none-eabi/lib/armv6-m\libg_nano.a(lib_a-impure.o)
 *fill*         0x00014d0a        0x2 
 .rodata.__sf_fake_stdin
                0x00014d0c       0x20 c:/freescale/kds_3.0.0/toolchain/bin/../lib/gcc/arm-none-eabi/4.9.3/../../../../arm-none-eabi/lib/armv6-m\libg_nano.a(lib_a-findfp.o)
                0x00014d0c                __sf_fake_stdin
 .rodata.__sf_fake_stdout
                0x00014d2c       0x20 c:/freescale/kds_3.0.0/toolchain/bin/../lib/gcc/arm-none-eabi/4.9.3/../../../../arm-none-eabi/lib/armv6-m\libg_nano.a(lib_a-findfp.o)
                0x00014d2c                __sf_fake_stdout
 .rodata.__sf_fake_stderr
                0x00014d4c       0x20 c:/freescale/kds_3.0.0/toolchain/bin/../lib/gcc/arm-none-eabi/4.9.3/../../../../arm-none-eabi/lib/armv6-m\libg_nano.a(lib_a-findfp.o)
                0x00014d4c                __sf_fake_stderr
 *(.glue_7)
 .glue_7        0x00000000        0x0 linker stubs
 *(.glue_7t)
 .glue_7t       0x00000000        0x0 linker stubs
 *(.eh_frame)
 .eh_frame      0x00014d6c        0x0 c:/freescale/kds_3.0.0/toolchain/bin/../lib/gcc/arm-none-eabi/4.9.3/armv6-m/crtbegin.o
 *(.init)
 .init          0x00014d6c        0x4 c:/freescale/kds_3.0.0/toolchain/bin/../lib/gcc/arm-none-eabi/4.9.3/armv6-m/crti.o
                0x00014d6c                _init
 .init          0x00014d70        0x8 c:/freescale/kds_3.0.0/toolchain/bin/../lib/gcc/arm-none-eabi/4.9.3/armv6-m/crtn.o
 *(.fini)
 .fini          0x00014d78        0x4 c:/freescale/kds_3.0.0/toolchain/bin/../lib/gcc/arm-none-eabi/4.9.3/armv6-m/crti.o
                0x00014d78                _fini
 .fini          0x00014d7c        0x8 c:/freescale/kds_3.0.0/toolchain/bin/../lib/gcc/arm-none-eabi/4.9.3/armv6-m/crtn.o
                0x00014d84                . = ALIGN (0x4)
 *(KERNEL)
 KERNEL         0x00014d84      0x278 ./MQXLITE/psp/cortex_m/core/M0/dispatch.o
                0x00014d84                _sched_start_internal
                0x00014d8a                _sched_run_internal
                0x00014d90                _sched_check_scheduler_internal
                0x00014da8                _sched_execute_scheduler_internal
                0x00014e70                _mqx_api_call
                0x00014e72                _task_block
                0x00014eba                _int_kernel_isr
                0x00014f64                _psp_exception_return
                0x00014f9c                _mem_test_and_set
                0x00014fb2                __get_PSP
                0x00014fb8                __get_MSP
                0x00014fbe                __set_MSP
                0x00014fc4                __get_PSR
                0x00014fca                __enable_interrupt
                0x00014fce                __disable_interrupt
                0x00014fd2                __get_LR
                0x00014fd6                __get_PC
                0x00014fda                __get_CONTROL
                0x00000000                __VECTOR_TABLE_START = __vector_table
                0x00014ffc                . = ALIGN (0x4)
 *(.rdata)
                0x00014ffc                . = ALIGN (0x4)
 *(.exception)
                0x00014ffc                . = ALIGN (0x4)
                0x00014ffc                __exception_table_start__ = .
                0x00014ffc                __exception_table_end__ = .
                0x00014ffc                __sinit__ = .
                0x00014ffc                _etext = .

.vfp11_veneer   0x00014ffc        0x0
 .vfp11_veneer  0x00000000        0x0 linker stubs

.v4_bx          0x00014ffc        0x0
 .v4_bx         0x00000000        0x0 linker stubs

.iplt           0x00014ffc        0x0
 .iplt          0x00000000        0x0 c:/freescale/kds_3.0.0/toolchain/bin/../lib/gcc/arm-none-eabi/4.9.3/armv6-m/crtbegin.o

.rel.dyn        0x00014ffc        0x0
 .rel.iplt      0x00000000        0x0 c:/freescale/kds_3.0.0/toolchain/bin/../lib/gcc/arm-none-eabi/4.9.3/armv6-m/crtbegin.o

.ARM.extab
 *(.ARM.extab* .gnu.linkonce.armextab.*)

.ARM            0x00014ffc        0x0
                0x00014ffc                __exidx_start = .
 *(.ARM.exidx*)
                0x00014ffc                __exidx_end = .

.ctors          0x00014ffc        0x0
                0x00014ffc                __CTOR_LIST__ = .
 *crtbegin.o(.ctors)
 *(EXCLUDE_FILE(*crtend.o) .ctors)
 *(SORT(.ctors.*))
 *(.ctors)
                0x00014ffc                __CTOR_END__ = .

.dtors          0x00014ffc        0x0
                0x00014ffc                __DTOR_LIST__ = .
 *crtbegin.o(.dtors)
 *(EXCLUDE_FILE(*crtend.o) .dtors)
 *(SORT(.dtors.*))
 *(.dtors)
                0x00014ffc                __DTOR_END__ = .

.preinit_array  0x00014ffc        0x0
                0x00014ffc                PROVIDE (__preinit_array_start, .)
 *(.preinit_array*)
                0x00014ffc                PROVIDE (__preinit_array_end, .)

.init_array     0x00014ffc        0x4
                0x00014ffc                PROVIDE (__init_array_start, .)
 *(SORT(.init_array.*))
 *(.init_array*)
 .init_array    0x00014ffc        0x4 c:/freescale/kds_3.0.0/toolchain/bin/../lib/gcc/arm-none-eabi/4.9.3/armv6-m/crtbegin.o
                0x00015000                PROVIDE (__init_array_end, .)

.fini_array     0x00015000        0x4
                0x00015000                PROVIDE (__fini_array_start, .)
 *(SORT(.fini_array.*))
 *(.fini_array*)
 .fini_array    0x00015000        0x4 c:/freescale/kds_3.0.0/toolchain/bin/../lib/gcc/arm-none-eabi/4.9.3/armv6-m/crtbegin.o
                0x00015004                PROVIDE (__fini_array_end, .)
                0x00015004                ___ROM_AT = .

.mtb            0x1fffe000        0x0
                0x1fffe000                . = ALIGN (0x8)
                0x1fffe000                _mtb_start = .
 *(.mtb_buf)
                0x1fffe000                . = ALIGN (0x8)
                0x1fffe000                _mtb_end = .

.data           0x1fffe000       0x8c load address 0x00015004
                0x1fffe000                . = ALIGN (0x4)
                0x1fffe000                _sdata = .
 *(.data)
 *(.data*)
 .data._mqx_kernel_data
                0x1fffe000        0x4 ./MQXLITE/kernel/mqxlite.o
                0x1fffe000                _mqx_kernel_data
 .data.mqx_task_stack_pointers
                0x1fffe004       0x14 ./Generated_Code/MQX1.o
                0x1fffe004                mqx_task_stack_pointers
 .data.buffer.4459
                0x1fffe018        0xe ./DistantIO/distantio.o
 .data.__fdlib_version
                0x1fffe026        0x1 c:/freescale/kds_3.0.0/toolchain/bin/../lib/gcc/arm-none-eabi/4.9.3/../../../../arm-none-eabi/lib/armv6-m\libm.a(lib_a-s_lib_ver.o)
                0x1fffe026                __fdlib_version
 *fill*         0x1fffe027        0x1 
 .data.impure_data
                0x1fffe028       0x60 c:/freescale/kds_3.0.0/toolchain/bin/../lib/gcc/arm-none-eabi/4.9.3/../../../../arm-none-eabi/lib/armv6-m\libg_nano.a(lib_a-impure.o)
 .data._impure_ptr
                0x1fffe088        0x4 c:/freescale/kds_3.0.0/toolchain/bin/../lib/gcc/arm-none-eabi/4.9.3/../../../../arm-none-eabi/lib/armv6-m\libg_nano.a(lib_a-impure.o)
                0x1fffe088                _impure_ptr
                0x1fffe08c                . = ALIGN (0x4)
                0x1fffe08c                _edata = .
                0x0000008c                ___data_size = (_edata - _sdata)

.jcr            0x1fffe08c        0x0 load address 0x00015090
 .jcr           0x1fffe08c        0x0 c:/freescale/kds_3.0.0/toolchain/bin/../lib/gcc/arm-none-eabi/4.9.3/armv6-m/crtbegin.o

.igot.plt       0x1fffe08c        0x0 load address 0x00015090
 .igot.plt      0x00000000        0x0 c:/freescale/kds_3.0.0/toolchain/bin/../lib/gcc/arm-none-eabi/4.9.3/armv6-m/crtbegin.o
                0x1fffe08c                . = ALIGN (0x4)

.bss            0x1fffe08c     0x5b30 load address 0x00015090
                0x1fffe08c                __START_BSS = .
                0x1fffe08c                PROVIDE (__bss_start__, __START_BSS)
 *(.bss)
 .bss           0x1fffe08c       0x1c c:/freescale/kds_3.0.0/toolchain/bin/../lib/gcc/arm-none-eabi/4.9.3/armv6-m/crtbegin.o
 *(.bss*)
 .bss.iCounter.8936
                0x1fffe0a8        0x1 ./Sources/tasks.o
 *fill*         0x1fffe0a9        0x3 
 .bss.deviceData
                0x1fffe0ac        0xc ./Sources/user_tasks.o
 .bss.send_variables_counter.7649
                0x1fffe0b8        0x4 ./Sources/user_tasks.o
 .bss.counter_float
                0x1fffe0bc        0x4 ./Sources/user_tasks.o
 .bss.gyro_data
                0x1fffe0c0        0xc ./Sources/user_tasks.o
 .bss.alive_counter.7648
                0x1fffe0cc        0x4 ./Sources/user_tasks.o
 .bss.acc_data  0x1fffe0d0        0xc ./Sources/user_tasks.o
 .bss.counter   0x1fffe0dc        0x4 ./Sources/user_tasks.o
 .bss.on_decoding_done
                0x1fffe0e0        0x4 ./SerialProtocol/protocol.o
 .bss.decodingBuffer.4046
                0x1fffe0e4      0x100 ./SerialProtocol/protocol.o
 .bss.on_encoding_done
                0x1fffe1e4        0x4 ./SerialProtocol/protocol.o
 .bss.encodingBuffer.4037
                0x1fffe1e8       0x82 ./SerialProtocol/protocol.o
 *fill*         0x1fffe26a        0x2 
 .bss.argv      0x1fffe26c       0x28 ./Project_Settings/Startup_Code/startup.o
 .bss.SR_lock   0x1fffe294        0x1 ./Generated_Code/Cpu.o
                0x1fffe294                SR_lock
 *fill*         0x1fffe295        0x3 
 .bss.DeviceDataPrv__DEFAULT_RTOS_ALLOC
                0x1fffe298        0xc ./Generated_Code/FTM.o
 .bss.DeviceDataPrv__DEFAULT_RTOS_ALLOC
                0x1fffe2a4       0x24 ./Generated_Code/I2C.o
 .bss.DeviceDataPrv__DEFAULT_RTOS_ALLOC
                0x1fffe2c8        0x4 ./Generated_Code/LED_BLUE.o
 .bss.DeviceDataPrv__DEFAULT_RTOS_ALLOC
                0x1fffe2cc        0x4 ./Generated_Code/LED_GREEN.o
 .bss.DeviceDataPrv__DEFAULT_RTOS_ALLOC
                0x1fffe2d0        0x4 ./Generated_Code/LED_RED.o
 .bss.SystemTimerDeviceDataPtr
                0x1fffe2d4        0x4 ./Generated_Code/MQX1.o
 .bss.PE_LDD_DeviceDataList
                0x1fffe2d8       0x24 ./Generated_Code/PE_LDD.o
                0x1fffe2d8                PE_LDD_DeviceDataList
 .bss.RNG1_inIdx
                0x1fffe2fc        0x1 ./Generated_Code/RNG1.o
 *fill*         0x1fffe2fd        0x3 
 .bss.RNG1_buffer
                0x1fffe300       0x40 ./Generated_Code/RNG1.o
 .bss.RNG1_inSize
                0x1fffe340        0x1 ./Generated_Code/RNG1.o
 .bss.RNG1_outIdx
                0x1fffe341        0x1 ./Generated_Code/RNG1.o
 *fill*         0x1fffe342        0x2 
 .bss.DeviceDataPrv__DEFAULT_RTOS_ALLOC
                0x1fffe344        0xc ./Generated_Code/SystemTimer1.o
 .bss.DeviceDataPrv__DEFAULT_RTOS_ALLOC
                0x1fffe350        0x4 ./Generated_Code/TestPin_KF_Time.o
 .bss.DeviceDataPrv__DEFAULT_RTOS_ALLOC
                0x1fffe354        0x4 ./Generated_Code/TestPin_MagCal_Time.o
 .bss.DeviceDataPrv__DEFAULT_RTOS_ALLOC
                0x1fffe358       0x20 ./Generated_Code/UART.o
 .bss.buffer.4400
                0x1fffe378        0xe ./DistantIO/distantio.o
 *fill*         0x1fffe386        0x2 
 .bss.Log       0x1fffe388     0x2084 ./DistantIO/distantio.o
 .bss.buffer.4387
                0x2000040c        0xe ./DistantIO/distantio.o
 *fill*         0x2000041a        0x2 
 .bss.buffer.4447
                0x2000041c        0xe ./DistantIO/distantio.o
 *(COMMON)
 *fill*         0x2000042a        0x2 
 COMMON         0x2000042c      0x134 ./Sources/drivers.o
                0x2000042c                I2C_Buf
                0x2000043c                iCommand
                0x20000440                sUARTOutputBuf
                0x20000540                sUARTInputBuf
 COMMON         0x20000560       0x8c ./Sources/mqx_tasks.o
                0x20000560                mqxglobals
                0x200005dc                globals
 COMMON         0x200005ec     0x1fc0 ./Sources/tasks.o
                0x200005ec                thisSV_1DOF_P_BASIC
                0x20000604                thisAccel
                0x20000638                thisSV_3DOF_B_BASIC
                0x200006dc                thisMagBuffer
                0x20001234                thisSV_3DOF_G_BASIC
                0x200012d8                thisPressure
                0x200012f4                thisSV_6DOF_GB_BASIC
                0x200013a0                thisMagCal
                0x200017b8                thisGyro
                0x2000180c                thisSV_9DOF_GBY_KALMAN
                0x20002044                thisSV_6DOF_GY_KALMAN
                0x200024d4                thisMag
                0x2000252c                thisSV_3DOF_Y_BASIC
 COMMON         0x200025ac        0x7 ./SerialProtocol/protocol.o
                0x200025ac                decodingIndex
                0x200025ae                protocol_state
                0x200025af                escape_state
                0x200025b0                ESC_
                0x200025b1                EOF_
                0x200025b2                SOF_
 *fill*         0x200025b3        0x1 
 COMMON         0x200025b4        0x4 ./MQXLITE/kernel/task.o
                0x200025b4                _tad_task_at_flag
 COMMON         0x200025b8        0x1 ./Generated_Code/Cpu.o
                0x200025b8                SR_reg
 *fill*         0x200025b9        0x3 
 COMMON         0x200025bc     0x15fc ./Generated_Code/MQX1.o
                0x200025bc                Main_task_stack
                0x20002848                RdSensData_task_stack
                0x20002cd4                _mqx_kernel_data_struct
                0x20002f28                mqx_interrupt_stack
                0x20003038                mqx_static_ready_queue
                0x20003108                mqx_static_isr_table
                0x20003270                mqx_idle_task_stack
                0x200033a0                Fusion_task_stack
                0x2000382c                MagCal_task_stack
 COMMON         0x20003bb8        0x4 ./DistantIO/distantio.o
                0x20003bb8                tmp
                0x20003bbc                . = ALIGN (0x4)
                0x20003bbc                __END_BSS = .
                0x20003bbc                PROVIDE (__bss_end__, __END_BSS)
                0x00015090                _romp_at = (___ROM_AT + SIZEOF (.data))

.romp           0x20003bbc       0x18 load address 0x00015090
                0x00015090                __S_romp = _romp_at
                0x20003bbc        0x4 LONG 0x15004 ___ROM_AT
                0x20003bc0        0x4 LONG 0x1fffe000 _sdata
                0x20003bc4        0x4 LONG 0x8c ___data_size
                0x20003bc8        0x4 LONG 0x0
                0x20003bcc        0x4 LONG 0x0
                0x20003bd0        0x4 LONG 0x0

._user_heap_stack
                0x20003bd4      0x400 load address 0x000150a8
                0x20003bd4                . = ALIGN (0x4)
                0x20003bd4                PROVIDE (end, .)
                0x20003bd4                PROVIDE (_end, .)
                0x20003bd4                __heap_addr = .
                0x20003bd4                __HeapBase = .
                0x20003bd4                . = (. + __heap_size)
                0x20003bd4                __HeapLimit = .
                0x20003fd4                . = (. + __stack_size)
 *fill*         0x20003bd4      0x400 
                0x20003fd4                . = ALIGN (0x4)

.ARM.attributes
                0x00000000       0x28
 *(.ARM.attributes)
 .ARM.attributes
                0x00000000       0x1e c:/freescale/kds_3.0.0/toolchain/bin/../lib/gcc/arm-none-eabi/4.9.3/armv6-m/crti.o
 .ARM.attributes
                0x0000001e       0x2c c:/freescale/kds_3.0.0/toolchain/bin/../lib/gcc/arm-none-eabi/4.9.3/armv6-m/crtbegin.o
 .ARM.attributes
                0x0000004a       0x32 ./Sources/Events.o
 .ARM.attributes
                0x0000007c       0x32 ./Sources/approximations.o
 .ARM.attributes
                0x000000ae       0x32 ./Sources/drivers.o
 .ARM.attributes
                0x000000e0       0x32 ./Sources/fusion.o
 .ARM.attributes
                0x00000112       0x32 ./Sources/magnetic.o
 .ARM.attributes
                0x00000144       0x32 ./Sources/main.o
 .ARM.attributes
                0x00000176       0x32 ./Sources/matrix.o
 .ARM.attributes
                0x000001a8       0x32 ./Sources/mqx_tasks.o
 .ARM.attributes
                0x000001da       0x32 ./Sources/orientation.o
 .ARM.attributes
                0x0000020c       0x32 ./Sources/tasks.o
 .ARM.attributes
                0x0000023e       0x32 ./Sources/user_tasks.o
 .ARM.attributes
                0x00000270       0x32 ./SerialProtocol/functions.o
 .ARM.attributes
                0x000002a2       0x32 ./SerialProtocol/protocol.o
 .ARM.attributes
                0x000002d4       0x32 ./Project_Settings/Startup_Code/startup.o
 .ARM.attributes
                0x00000306       0x22 ./MQXLITE/psp/cortex_m/core/M0/boot.o
 .ARM.attributes
                0x00000328       0x22 ./MQXLITE/psp/cortex_m/core/M0/dispatch.o
 .ARM.attributes
                0x0000034a       0x32 ./MQXLITE/psp/cortex_m/int_inst.o
 .ARM.attributes
                0x0000037c       0x32 ./MQXLITE/psp/cortex_m/int_vtab.o
 .ARM.attributes
                0x000003ae       0x32 ./MQXLITE/psp/cortex_m/mem_zero.o
 .ARM.attributes
                0x000003e0       0x32 ./MQXLITE/psp/cortex_m/psp_iinit.o
 .ARM.attributes
                0x00000412       0x32 ./MQXLITE/psp/cortex_m/psp_tiad.o
 .ARM.attributes
                0x00000444       0x32 ./MQXLITE/psp/cortex_m/psp_tinm.o
 .ARM.attributes
                0x00000476       0x32 ./MQXLITE/psp/cortex_m/sc_irdyq.o
 .ARM.attributes
                0x000004a8       0x32 ./MQXLITE/psp/cortex_m/stack_bu.o
 .ARM.attributes
                0x000004da       0x32 ./MQXLITE/psp/cortex_m/stack_de.o
 .ARM.attributes
                0x0000050c       0x32 ./MQXLITE/kernel/idletask.o
 .ARM.attributes
                0x0000053e       0x32 ./MQXLITE/kernel/int.o
 .ARM.attributes
                0x00000570       0x32 ./MQXLITE/kernel/lwevent.o
 .ARM.attributes
                0x000005a2       0x32 ./MQXLITE/kernel/lwsem.o
 .ARM.attributes
                0x000005d4       0x32 ./MQXLITE/kernel/mqx_utils.o
 .ARM.attributes
                0x00000606       0x32 ./MQXLITE/kernel/mqxlite.o
 .ARM.attributes
                0x00000638       0x32 ./MQXLITE/kernel/task.o
 .ARM.attributes
                0x0000066a       0x32 ./MQXLITE/kernel/time_ticks.o
 .ARM.attributes
                0x0000069c       0x32 ./MQXLITE/config/task_template_list.o
 .ARM.attributes
                0x000006ce       0x32 ./Generated_Code/Cpu.o
 .ARM.attributes
                0x00000700       0x32 ./Generated_Code/FTM.o
 .ARM.attributes
                0x00000732       0x32 ./Generated_Code/I2C.o
 .ARM.attributes
                0x00000764       0x32 ./Generated_Code/LED_BLUE.o
 .ARM.attributes
                0x00000796       0x32 ./Generated_Code/LED_GREEN.o
 .ARM.attributes
                0x000007c8       0x32 ./Generated_Code/LED_RED.o
 .ARM.attributes
                0x000007fa       0x32 ./Generated_Code/MQX1.o
 .ARM.attributes
                0x0000082c       0x32 ./Generated_Code/PE_LDD.o
 .ARM.attributes
                0x0000085e       0x32 ./Generated_Code/RNG1.o
 .ARM.attributes
                0x00000890       0x32 ./Generated_Code/SystemTimer1.o
 .ARM.attributes
                0x000008c2       0x32 ./Generated_Code/TestPin_KF_Time.o
 .ARM.attributes
                0x000008f4       0x32 ./Generated_Code/TestPin_MagCal_Time.o
 .ARM.attributes
                0x00000926       0x32 ./Generated_Code/UART.o
 .ARM.attributes
                0x00000958       0x32 ./Generated_Code/Vectors.o
 .ARM.attributes
                0x0000098a       0x32 ./DistantIO/crc.o
 .ARM.attributes
                0x000009bc       0x32 ./DistantIO/distantio.o
 .ARM.attributes
                0x000009ee       0x2c c:/freescale/kds_3.0.0/toolchain/bin/../lib/gcc/arm-none-eabi/4.9.3/../../../../arm-none-eabi/lib/armv6-m\libm.a(lib_a-sf_sin.o)
 .ARM.attributes
                0x00000a1a       0x2c c:/freescale/kds_3.0.0/toolchain/bin/../lib/gcc/arm-none-eabi/4.9.3/../../../../arm-none-eabi/lib/armv6-m\libm.a(lib_a-wf_acos.o)
 .ARM.attributes
                0x00000a46       0x2c c:/freescale/kds_3.0.0/toolchain/bin/../lib/gcc/arm-none-eabi/4.9.3/../../../../arm-none-eabi/lib/armv6-m\libm.a(lib_a-wf_pow.o)
 .ARM.attributes
                0x00000a72       0x2c c:/freescale/kds_3.0.0/toolchain/bin/../lib/gcc/arm-none-eabi/4.9.3/../../../../arm-none-eabi/lib/armv6-m\libm.a(lib_a-wf_sqrt.o)
 .ARM.attributes
                0x00000a9e       0x2c c:/freescale/kds_3.0.0/toolchain/bin/../lib/gcc/arm-none-eabi/4.9.3/../../../../arm-none-eabi/lib/armv6-m\libm.a(lib_a-ef_acos.o)
 .ARM.attributes
                0x00000aca       0x2c c:/freescale/kds_3.0.0/toolchain/bin/../lib/gcc/arm-none-eabi/4.9.3/../../../../arm-none-eabi/lib/armv6-m\libm.a(lib_a-ef_pow.o)
 .ARM.attributes
                0x00000af6       0x2c c:/freescale/kds_3.0.0/toolchain/bin/../lib/gcc/arm-none-eabi/4.9.3/../../../../arm-none-eabi/lib/armv6-m\libm.a(lib_a-ef_rem_pio2.o)
 .ARM.attributes
                0x00000b22       0x2c c:/freescale/kds_3.0.0/toolchain/bin/../lib/gcc/arm-none-eabi/4.9.3/../../../../arm-none-eabi/lib/armv6-m\libm.a(lib_a-ef_sqrt.o)
 .ARM.attributes
                0x00000b4e       0x2c c:/freescale/kds_3.0.0/toolchain/bin/../lib/gcc/arm-none-eabi/4.9.3/../../../../arm-none-eabi/lib/armv6-m\libm.a(lib_a-kf_cos.o)
 .ARM.attributes
                0x00000b7a       0x2c c:/freescale/kds_3.0.0/toolchain/bin/../lib/gcc/arm-none-eabi/4.9.3/../../../../arm-none-eabi/lib/armv6-m\libm.a(lib_a-kf_rem_pio2.o)
 .ARM.attributes
                0x00000ba6       0x2c c:/freescale/kds_3.0.0/toolchain/bin/../lib/gcc/arm-none-eabi/4.9.3/../../../../arm-none-eabi/lib/armv6-m\libm.a(lib_a-kf_sin.o)
 .ARM.attributes
                0x00000bd2       0x2c c:/freescale/kds_3.0.0/toolchain/bin/../lib/gcc/arm-none-eabi/4.9.3/../../../../arm-none-eabi/lib/armv6-m\libm.a(lib_a-s_lib_ver.o)
 .ARM.attributes
                0x00000bfe       0x2c c:/freescale/kds_3.0.0/toolchain/bin/../lib/gcc/arm-none-eabi/4.9.3/../../../../arm-none-eabi/lib/armv6-m\libm.a(lib_a-s_matherr.o)
 .ARM.attributes
                0x00000c2a       0x2c c:/freescale/kds_3.0.0/toolchain/bin/../lib/gcc/arm-none-eabi/4.9.3/../../../../arm-none-eabi/lib/armv6-m\libm.a(lib_a-s_nan.o)
 .ARM.attributes
                0x00000c56       0x2c c:/freescale/kds_3.0.0/toolchain/bin/../lib/gcc/arm-none-eabi/4.9.3/../../../../arm-none-eabi/lib/armv6-m\libm.a(lib_a-s_rint.o)
 .ARM.attributes
                0x00000c82       0x2c c:/freescale/kds_3.0.0/toolchain/bin/../lib/gcc/arm-none-eabi/4.9.3/../../../../arm-none-eabi/lib/armv6-m\libm.a(lib_a-sf_fabs.o)
 .ARM.attributes
                0x00000cae       0x2c c:/freescale/kds_3.0.0/toolchain/bin/../lib/gcc/arm-none-eabi/4.9.3/../../../../arm-none-eabi/lib/armv6-m\libm.a(lib_a-sf_finite.o)
 .ARM.attributes
                0x00000cda       0x2c c:/freescale/kds_3.0.0/toolchain/bin/../lib/gcc/arm-none-eabi/4.9.3/../../../../arm-none-eabi/lib/armv6-m\libm.a(lib_a-sf_floor.o)
 .ARM.attributes
                0x00000d06       0x2c c:/freescale/kds_3.0.0/toolchain/bin/../lib/gcc/arm-none-eabi/4.9.3/../../../../arm-none-eabi/lib/armv6-m\libm.a(lib_a-sf_fpclassify.o)
 .ARM.attributes
                0x00000d32       0x2c c:/freescale/kds_3.0.0/toolchain/bin/../lib/gcc/arm-none-eabi/4.9.3/../../../../arm-none-eabi/lib/armv6-m\libm.a(lib_a-sf_nan.o)
 .ARM.attributes
                0x00000d5e       0x2c c:/freescale/kds_3.0.0/toolchain/bin/../lib/gcc/arm-none-eabi/4.9.3/../../../../arm-none-eabi/lib/armv6-m\libm.a(lib_a-sf_scalbn.o)
 .ARM.attributes
                0x00000d8a       0x2c c:/freescale/kds_3.0.0/toolchain/bin/../lib/gcc/arm-none-eabi/4.9.3/../../../../arm-none-eabi/lib/armv6-m\libm.a(lib_a-sf_copysign.o)
 .ARM.attributes
                0x00000db6       0x1e c:/freescale/kds_3.0.0/toolchain/bin/../lib/gcc/arm-none-eabi/4.9.3/armv6-m\libgcc.a(_udivsi3.o)
 .ARM.attributes
                0x00000dd4       0x1e c:/freescale/kds_3.0.0/toolchain/bin/../lib/gcc/arm-none-eabi/4.9.3/armv6-m\libgcc.a(_divsi3.o)
 .ARM.attributes
                0x00000df2       0x1e c:/freescale/kds_3.0.0/toolchain/bin/../lib/gcc/arm-none-eabi/4.9.3/armv6-m\libgcc.a(_dvmd_tls.o)
 .ARM.attributes
                0x00000e10       0x1e c:/freescale/kds_3.0.0/toolchain/bin/../lib/gcc/arm-none-eabi/4.9.3/armv6-m\libgcc.a(_arm_cmpdf2.o)
 .ARM.attributes
                0x00000e2e       0x1e c:/freescale/kds_3.0.0/toolchain/bin/../lib/gcc/arm-none-eabi/4.9.3/armv6-m\libgcc.a(_arm_cmpsf2.o)
 .ARM.attributes
                0x00000e4c       0x2c c:/freescale/kds_3.0.0/toolchain/bin/../lib/gcc/arm-none-eabi/4.9.3/armv6-m\libgcc.a(addsf3.o)
 .ARM.attributes
                0x00000e78       0x2c c:/freescale/kds_3.0.0/toolchain/bin/../lib/gcc/arm-none-eabi/4.9.3/armv6-m\libgcc.a(divsf3.o)
 .ARM.attributes
                0x00000ea4       0x2c c:/freescale/kds_3.0.0/toolchain/bin/../lib/gcc/arm-none-eabi/4.9.3/armv6-m\libgcc.a(eqsf2.o)
 .ARM.attributes
                0x00000ed0       0x2c c:/freescale/kds_3.0.0/toolchain/bin/../lib/gcc/arm-none-eabi/4.9.3/armv6-m\libgcc.a(gesf2.o)
 .ARM.attributes
                0x00000efc       0x2c c:/freescale/kds_3.0.0/toolchain/bin/../lib/gcc/arm-none-eabi/4.9.3/armv6-m\libgcc.a(lesf2.o)
 .ARM.attributes
                0x00000f28       0x2c c:/freescale/kds_3.0.0/toolchain/bin/../lib/gcc/arm-none-eabi/4.9.3/armv6-m\libgcc.a(mulsf3.o)
 .ARM.attributes
                0x00000f54       0x2c c:/freescale/kds_3.0.0/toolchain/bin/../lib/gcc/arm-none-eabi/4.9.3/armv6-m\libgcc.a(subsf3.o)
 .ARM.attributes
                0x00000f80       0x2c c:/freescale/kds_3.0.0/toolchain/bin/../lib/gcc/arm-none-eabi/4.9.3/armv6-m\libgcc.a(fixsfsi.o)
 .ARM.attributes
                0x00000fac       0x2c c:/freescale/kds_3.0.0/toolchain/bin/../lib/gcc/arm-none-eabi/4.9.3/armv6-m\libgcc.a(floatsisf.o)
 .ARM.attributes
                0x00000fd8       0x2c c:/freescale/kds_3.0.0/toolchain/bin/../lib/gcc/arm-none-eabi/4.9.3/armv6-m\libgcc.a(adddf3.o)
 .ARM.attributes
                0x00001004       0x2c c:/freescale/kds_3.0.0/toolchain/bin/../lib/gcc/arm-none-eabi/4.9.3/armv6-m\libgcc.a(divdf3.o)
 .ARM.attributes
                0x00001030       0x2c c:/freescale/kds_3.0.0/toolchain/bin/../lib/gcc/arm-none-eabi/4.9.3/armv6-m\libgcc.a(eqdf2.o)
 .ARM.attributes
                0x0000105c       0x2c c:/freescale/kds_3.0.0/toolchain/bin/../lib/gcc/arm-none-eabi/4.9.3/armv6-m\libgcc.a(gedf2.o)
 .ARM.attributes
                0x00001088       0x2c c:/freescale/kds_3.0.0/toolchain/bin/../lib/gcc/arm-none-eabi/4.9.3/armv6-m\libgcc.a(ledf2.o)
 .ARM.attributes
                0x000010b4       0x2c c:/freescale/kds_3.0.0/toolchain/bin/../lib/gcc/arm-none-eabi/4.9.3/armv6-m\libgcc.a(subdf3.o)
 .ARM.attributes
                0x000010e0       0x2c c:/freescale/kds_3.0.0/toolchain/bin/../lib/gcc/arm-none-eabi/4.9.3/armv6-m\libgcc.a(extendsfdf2.o)
 .ARM.attributes
                0x0000110c       0x2c c:/freescale/kds_3.0.0/toolchain/bin/../lib/gcc/arm-none-eabi/4.9.3/armv6-m\libgcc.a(truncdfsf2.o)
 .ARM.attributes
                0x00001138       0x1e c:/freescale/kds_3.0.0/toolchain/bin/../lib/gcc/arm-none-eabi/4.9.3/armv6-m\libgcc.a(_clzsi2.o)
 .ARM.attributes
                0x00001156       0x2c c:/freescale/kds_3.0.0/toolchain/bin/../lib/gcc/arm-none-eabi/4.9.3/../../../../arm-none-eabi/lib/armv6-m\libg_nano.a(lib_a-errno.o)
 .ARM.attributes
                0x00001182       0x2c c:/freescale/kds_3.0.0/toolchain/bin/../lib/gcc/arm-none-eabi/4.9.3/../../../../arm-none-eabi/lib/armv6-m\libg_nano.a(lib_a-impure.o)
 .ARM.attributes
                0x000011ae       0x2c c:/freescale/kds_3.0.0/toolchain/bin/../lib/gcc/arm-none-eabi/4.9.3/../../../../arm-none-eabi/lib/armv6-m\libg_nano.a(lib_a-memcpy.o)
 .ARM.attributes
                0x000011da       0x2c c:/freescale/kds_3.0.0/toolchain/bin/../lib/gcc/arm-none-eabi/4.9.3/../../../../arm-none-eabi/lib/armv6-m\libg_nano.a(lib_a-memset.o)
 .ARM.attributes
                0x00001206       0x2c c:/freescale/kds_3.0.0/toolchain/bin/../lib/gcc/arm-none-eabi/4.9.3/../../../../arm-none-eabi/lib/armv6-m\libg_nano.a(lib_a-strcpy.o)
 .ARM.attributes
                0x00001232       0x2c c:/freescale/kds_3.0.0/toolchain/bin/../lib/gcc/arm-none-eabi/4.9.3/../../../../arm-none-eabi/lib/armv6-m\libg_nano.a(lib_a-strlen.o)
 .ARM.attributes
                0x0000125e       0x2c c:/freescale/kds_3.0.0/toolchain/bin/../lib/gcc/arm-none-eabi/4.9.3/../../../../arm-none-eabi/lib/armv6-m\libg_nano.a(lib_a-findfp.o)
 .ARM.attributes
                0x0000128a       0x1e c:/freescale/kds_3.0.0/toolchain/bin/../lib/gcc/arm-none-eabi/4.9.3/armv6-m/crtn.o
OUTPUT(FSFK_KL46Z.elf elf32-littlearm)

.debug_info     0x00000000    0x21bd6
 .debug_info    0x00000000      0x6f4 ./Sources/Events.o
 .debug_info    0x000006f4      0x4cd ./Sources/approximations.o
 .debug_info    0x00000bc1     0x3335 ./Sources/drivers.o
 .debug_info    0x00003ef6     0x275c ./Sources/fusion.o
 .debug_info    0x00006652      0xb57 ./Sources/magnetic.o
 .debug_info    0x000071a9       0xdd ./Sources/main.o
 .debug_info    0x00007286      0x6c5 ./Sources/matrix.o
 .debug_info    0x0000794b      0xd06 ./Sources/mqx_tasks.o
 .debug_info    0x00008651     0x1194 ./Sources/orientation.o
 .debug_info    0x000097e5     0x17aa ./Sources/tasks.o
 .debug_info    0x0000af8f      0x8a5 ./Sources/user_tasks.o
 .debug_info    0x0000b834      0x1e6 ./SerialProtocol/functions.o
 .debug_info    0x0000ba1a      0x28d ./SerialProtocol/protocol.o
 .debug_info    0x0000bca7      0x4de ./Project_Settings/Startup_Code/startup.o
 .debug_info    0x0000c185       0x91 ./MQXLITE/psp/cortex_m/core/M0/boot.o
 .debug_info    0x0000c216       0x95 ./MQXLITE/psp/cortex_m/core/M0/dispatch.o
 .debug_info    0x0000c2ab      0x9cc ./MQXLITE/psp/cortex_m/int_inst.o
 .debug_info    0x0000cc77      0x339 ./MQXLITE/psp/cortex_m/int_vtab.o
 .debug_info    0x0000cfb0      0x14a ./MQXLITE/psp/cortex_m/mem_zero.o
 .debug_info    0x0000d0fa      0x12d ./MQXLITE/psp/cortex_m/psp_iinit.o
 .debug_info    0x0000d227      0xa53 ./MQXLITE/psp/cortex_m/psp_tiad.o
 .debug_info    0x0000dc7a      0xa4b ./MQXLITE/psp/cortex_m/psp_tinm.o
 .debug_info    0x0000e6c5      0xb90 ./MQXLITE/psp/cortex_m/sc_irdyq.o
 .debug_info    0x0000f255      0x641 ./MQXLITE/psp/cortex_m/stack_bu.o
 .debug_info    0x0000f896      0x404 ./MQXLITE/psp/cortex_m/stack_de.o
 .debug_info    0x0000fc9a      0x9c6 ./MQXLITE/kernel/idletask.o
 .debug_info    0x00010660     0x1028 ./MQXLITE/kernel/int.o
 .debug_info    0x00011688     0x15e7 ./MQXLITE/kernel/lwevent.o
 .debug_info    0x00012c6f     0x1538 ./MQXLITE/kernel/lwsem.o
 .debug_info    0x000141a7      0xbb2 ./MQXLITE/kernel/mqx_utils.o
 .debug_info    0x00014d59     0x1066 ./MQXLITE/kernel/mqxlite.o
 .debug_info    0x00015dbf     0x3b14 ./MQXLITE/kernel/task.o
 .debug_info    0x000198d3     0x1407 ./MQXLITE/kernel/time_ticks.o
 .debug_info    0x0001acda      0x29d ./MQXLITE/config/task_template_list.o
 .debug_info    0x0001af77      0xc59 ./Generated_Code/Cpu.o
 .debug_info    0x0001bbd0      0x7c9 ./Generated_Code/FTM.o
 .debug_info    0x0001c399      0xc45 ./Generated_Code/I2C.o
 .debug_info    0x0001cfde      0x3b6 ./Generated_Code/LED_BLUE.o
 .debug_info    0x0001d394      0x3b6 ./Generated_Code/LED_GREEN.o
 .debug_info    0x0001d74a      0x3b6 ./Generated_Code/LED_RED.o
 .debug_info    0x0001db00      0xfe2 ./Generated_Code/MQX1.o
 .debug_info    0x0001eae2      0x3d3 ./Generated_Code/PE_LDD.o
 .debug_info    0x0001eeb5      0x1ea ./Generated_Code/RNG1.o
 .debug_info    0x0001f09f      0x70e ./Generated_Code/SystemTimer1.o
 .debug_info    0x0001f7ad      0x391 ./Generated_Code/TestPin_KF_Time.o
 .debug_info    0x0001fb3e      0x391 ./Generated_Code/TestPin_MagCal_Time.o
 .debug_info    0x0001fecf      0xb21 ./Generated_Code/UART.o
 .debug_info    0x000209f0      0x23a ./Generated_Code/Vectors.o
 .debug_info    0x00020c2a      0x119 ./DistantIO/crc.o
 .debug_info    0x00020d43      0xe93 ./DistantIO/distantio.o

.debug_abbrev   0x00000000     0x5968
 .debug_abbrev  0x00000000      0x1cb ./Sources/Events.o
 .debug_abbrev  0x000001cb      0x101 ./Sources/approximations.o
 .debug_abbrev  0x000002cc      0x350 ./Sources/drivers.o
 .debug_abbrev  0x0000061c      0x248 ./Sources/fusion.o
 .debug_abbrev  0x00000864      0x214 ./Sources/magnetic.o
 .debug_abbrev  0x00000a78       0x82 ./Sources/main.o
 .debug_abbrev  0x00000afa      0x246 ./Sources/matrix.o
 .debug_abbrev  0x00000d40      0x230 ./Sources/mqx_tasks.o
 .debug_abbrev  0x00000f70      0x2af ./Sources/orientation.o
 .debug_abbrev  0x0000121f      0x29f ./Sources/tasks.o
 .debug_abbrev  0x000014be      0x24d ./Sources/user_tasks.o
 .debug_abbrev  0x0000170b       0xd6 ./SerialProtocol/functions.o
 .debug_abbrev  0x000017e1      0x105 ./SerialProtocol/protocol.o
 .debug_abbrev  0x000018e6      0x1e1 ./Project_Settings/Startup_Code/startup.o
 .debug_abbrev  0x00001ac7       0x14 ./MQXLITE/psp/cortex_m/core/M0/boot.o
 .debug_abbrev  0x00001adb       0x14 ./MQXLITE/psp/cortex_m/core/M0/dispatch.o
 .debug_abbrev  0x00001aef      0x147 ./MQXLITE/psp/cortex_m/int_inst.o
 .debug_abbrev  0x00001c36      0x11d ./MQXLITE/psp/cortex_m/int_vtab.o
 .debug_abbrev  0x00001d53       0x7d ./MQXLITE/psp/cortex_m/mem_zero.o
 .debug_abbrev  0x00001dd0       0xc2 ./MQXLITE/psp/cortex_m/psp_iinit.o
 .debug_abbrev  0x00001e92      0x149 ./MQXLITE/psp/cortex_m/psp_tiad.o
 .debug_abbrev  0x00001fdb      0x152 ./MQXLITE/psp/cortex_m/psp_tinm.o
 .debug_abbrev  0x0000212d      0x19c ./MQXLITE/psp/cortex_m/sc_irdyq.o
 .debug_abbrev  0x000022c9      0x14d ./MQXLITE/psp/cortex_m/stack_bu.o
 .debug_abbrev  0x00002416       0xd9 ./MQXLITE/psp/cortex_m/stack_de.o
 .debug_abbrev  0x000024ef      0x141 ./MQXLITE/kernel/idletask.o
 .debug_abbrev  0x00002630      0x2e3 ./MQXLITE/kernel/int.o
 .debug_abbrev  0x00002913      0x314 ./MQXLITE/kernel/lwevent.o
 .debug_abbrev  0x00002c27      0x31a ./MQXLITE/kernel/lwsem.o
 .debug_abbrev  0x00002f41      0x219 ./MQXLITE/kernel/mqx_utils.o
 .debug_abbrev  0x0000315a      0x2da ./MQXLITE/kernel/mqxlite.o
 .debug_abbrev  0x00003434      0x457 ./MQXLITE/kernel/task.o
 .debug_abbrev  0x0000388b      0x349 ./MQXLITE/kernel/time_ticks.o
 .debug_abbrev  0x00003bd4       0xb7 ./MQXLITE/config/task_template_list.o
 .debug_abbrev  0x00003c8b      0x1de ./Generated_Code/Cpu.o
 .debug_abbrev  0x00003e69      0x256 ./Generated_Code/FTM.o
 .debug_abbrev  0x000040bf      0x26e ./Generated_Code/I2C.o
 .debug_abbrev  0x0000432d      0x17a ./Generated_Code/LED_BLUE.o
 .debug_abbrev  0x000044a7      0x17a ./Generated_Code/LED_GREEN.o
 .debug_abbrev  0x00004621      0x17a ./Generated_Code/LED_RED.o
 .debug_abbrev  0x0000479b      0x2e0 ./Generated_Code/MQX1.o
 .debug_abbrev  0x00004a7b      0x162 ./Generated_Code/PE_LDD.o
 .debug_abbrev  0x00004bdd       0xec ./Generated_Code/RNG1.o
 .debug_abbrev  0x00004cc9      0x27d ./Generated_Code/SystemTimer1.o
 .debug_abbrev  0x00004f46      0x151 ./Generated_Code/TestPin_KF_Time.o
 .debug_abbrev  0x00005097      0x151 ./Generated_Code/TestPin_MagCal_Time.o
 .debug_abbrev  0x000051e8      0x2c2 ./Generated_Code/UART.o
 .debug_abbrev  0x000054aa       0xb7 ./Generated_Code/Vectors.o
 .debug_abbrev  0x00005561       0xa8 ./DistantIO/crc.o
 .debug_abbrev  0x00005609      0x35f ./DistantIO/distantio.o

.debug_loc      0x00000000    0x215f2
 .debug_loc     0x00000000       0x8f ./Sources/Events.o
 .debug_loc     0x0000008f      0xd7d ./Sources/approximations.o
 .debug_loc     0x00000e0c     0x72e9 ./Sources/drivers.o
 .debug_loc     0x000080f5     0x80bc ./Sources/fusion.o
 .debug_loc     0x000101b1     0x17f0 ./Sources/magnetic.o
 .debug_loc     0x000119a1     0x1231 ./Sources/matrix.o
 .debug_loc     0x00012bd2       0xc6 ./Sources/mqx_tasks.o
 .debug_loc     0x00012c98     0x2365 ./Sources/orientation.o
 .debug_loc     0x00014ffd      0x320 ./Sources/tasks.o
 .debug_loc     0x0001531d       0xce ./Sources/user_tasks.o
 .debug_loc     0x000153eb       0xbb ./SerialProtocol/functions.o
 .debug_loc     0x000154a6      0x173 ./SerialProtocol/protocol.o
 .debug_loc     0x00015619      0x38d ./Project_Settings/Startup_Code/startup.o
 .debug_loc     0x000159a6       0x1f ./MQXLITE/psp/cortex_m/int_inst.o
 .debug_loc     0x000159c5       0x22 ./MQXLITE/psp/cortex_m/int_vtab.o
 .debug_loc     0x000159e7      0x301 ./MQXLITE/psp/cortex_m/mem_zero.o
 .debug_loc     0x00015ce8       0x6b ./MQXLITE/psp/cortex_m/psp_iinit.o
 .debug_loc     0x00015d53       0x99 ./MQXLITE/psp/cortex_m/psp_tiad.o
 .debug_loc     0x00015dec       0x87 ./MQXLITE/psp/cortex_m/psp_tinm.o
 .debug_loc     0x00015e73      0x1ee ./MQXLITE/psp/cortex_m/sc_irdyq.o
 .debug_loc     0x00016061      0x10e ./MQXLITE/psp/cortex_m/stack_bu.o
 .debug_loc     0x0001616f      0x89a ./MQXLITE/kernel/int.o
 .debug_loc     0x00016a09     0x150e ./MQXLITE/kernel/lwevent.o
 .debug_loc     0x00017f17      0xe3a ./MQXLITE/kernel/lwsem.o
 .debug_loc     0x00018d51      0x174 ./MQXLITE/kernel/mqx_utils.o
 .debug_loc     0x00018ec5      0x18e ./MQXLITE/kernel/mqxlite.o
 .debug_loc     0x00019053     0x4eac ./MQXLITE/kernel/task.o
 .debug_loc     0x0001deff      0xd1c ./MQXLITE/kernel/time_ticks.o
 .debug_loc     0x0001ec1b      0x104 ./Generated_Code/FTM.o
 .debug_loc     0x0001ed1f      0x589 ./Generated_Code/I2C.o
 .debug_loc     0x0001f2a8       0x6b ./Generated_Code/LED_BLUE.o
 .debug_loc     0x0001f313       0x69 ./Generated_Code/LED_GREEN.o
 .debug_loc     0x0001f37c       0x6a ./Generated_Code/LED_RED.o
 .debug_loc     0x0001f3e6      0x16e ./Generated_Code/MQX1.o
 .debug_loc     0x0001f554       0xcb ./Generated_Code/PE_LDD.o
 .debug_loc     0x0001f61f       0xae ./Generated_Code/RNG1.o
 .debug_loc     0x0001f6cd      0x165 ./Generated_Code/SystemTimer1.o
 .debug_loc     0x0001f832       0x6a ./Generated_Code/TestPin_KF_Time.o
 .debug_loc     0x0001f89c       0x6a ./Generated_Code/TestPin_MagCal_Time.o
 .debug_loc     0x0001f906      0x334 ./Generated_Code/UART.o
 .debug_loc     0x0001fc3a       0xdc ./DistantIO/crc.o
 .debug_loc     0x0001fd16     0x18dc ./DistantIO/distantio.o

.debug_aranges  0x00000000      0xf00
 .debug_aranges
                0x00000000       0x58 ./Sources/Events.o
 .debug_aranges
                0x00000058       0x40 ./Sources/approximations.o
 .debug_aranges
                0x00000098       0x90 ./Sources/drivers.o
 .debug_aranges
                0x00000128       0x88 ./Sources/fusion.o
 .debug_aranges
                0x000001b0       0x48 ./Sources/magnetic.o
 .debug_aranges
                0x000001f8       0x20 ./Sources/main.o
 .debug_aranges
                0x00000218       0x68 ./Sources/matrix.o
 .debug_aranges
                0x00000280       0x38 ./Sources/mqx_tasks.o
 .debug_aranges
                0x000002b8       0xd8 ./Sources/orientation.o
 .debug_aranges
                0x00000390       0x58 ./Sources/tasks.o
 .debug_aranges
                0x000003e8       0x58 ./Sources/user_tasks.o
 .debug_aranges
                0x00000440       0x28 ./SerialProtocol/functions.o
 .debug_aranges
                0x00000468       0x30 ./SerialProtocol/protocol.o
 .debug_aranges
                0x00000498       0x58 ./Project_Settings/Startup_Code/startup.o
 .debug_aranges
                0x000004f0       0x20 ./MQXLITE/psp/cortex_m/core/M0/boot.o
 .debug_aranges
                0x00000510       0x20 ./MQXLITE/psp/cortex_m/core/M0/dispatch.o
 .debug_aranges
                0x00000530       0x20 ./MQXLITE/psp/cortex_m/int_inst.o
 .debug_aranges
                0x00000550       0x28 ./MQXLITE/psp/cortex_m/int_vtab.o
 .debug_aranges
                0x00000578       0x20 ./MQXLITE/psp/cortex_m/mem_zero.o
 .debug_aranges
                0x00000598       0x20 ./MQXLITE/psp/cortex_m/psp_iinit.o
 .debug_aranges
                0x000005b8       0x20 ./MQXLITE/psp/cortex_m/psp_tiad.o
 .debug_aranges
                0x000005d8       0x20 ./MQXLITE/psp/cortex_m/psp_tinm.o
 .debug_aranges
                0x000005f8       0x28 ./MQXLITE/psp/cortex_m/sc_irdyq.o
 .debug_aranges
                0x00000620       0x20 ./MQXLITE/psp/cortex_m/stack_bu.o
 .debug_aranges
                0x00000640       0x20 ./MQXLITE/psp/cortex_m/stack_de.o
 .debug_aranges
                0x00000660       0x20 ./MQXLITE/kernel/idletask.o
 .debug_aranges
                0x00000680       0x90 ./MQXLITE/kernel/int.o
 .debug_aranges
                0x00000710       0x80 ./MQXLITE/kernel/lwevent.o
 .debug_aranges
                0x00000790       0x80 ./MQXLITE/kernel/lwsem.o
 .debug_aranges
                0x00000810       0x60 ./MQXLITE/kernel/mqx_utils.o
 .debug_aranges
                0x00000870       0x30 ./MQXLITE/kernel/mqxlite.o
 .debug_aranges
                0x000008a0      0x160 ./MQXLITE/kernel/task.o
 .debug_aranges
                0x00000a00       0xb8 ./MQXLITE/kernel/time_ticks.o
 .debug_aranges
                0x00000ab8       0x18 ./MQXLITE/config/task_template_list.o
 .debug_aranges
                0x00000ad0       0x30 ./Generated_Code/Cpu.o
 .debug_aranges
                0x00000b00       0x40 ./Generated_Code/FTM.o
 .debug_aranges
                0x00000b40       0x68 ./Generated_Code/I2C.o
 .debug_aranges
                0x00000ba8       0x48 ./Generated_Code/LED_BLUE.o
 .debug_aranges
                0x00000bf0       0x48 ./Generated_Code/LED_GREEN.o
 .debug_aranges
                0x00000c38       0x48 ./Generated_Code/LED_RED.o
 .debug_aranges
                0x00000c80       0x40 ./Generated_Code/MQX1.o
 .debug_aranges
                0x00000cc0       0x30 ./Generated_Code/PE_LDD.o
 .debug_aranges
                0x00000cf0       0x40 ./Generated_Code/RNG1.o
 .debug_aranges
                0x00000d30       0x60 ./Generated_Code/SystemTimer1.o
 .debug_aranges
                0x00000d90       0x40 ./Generated_Code/TestPin_KF_Time.o
 .debug_aranges
                0x00000dd0       0x40 ./Generated_Code/TestPin_MagCal_Time.o
 .debug_aranges
                0x00000e10       0x50 ./Generated_Code/UART.o
 .debug_aranges
                0x00000e60       0x18 ./Generated_Code/Vectors.o
 .debug_aranges
                0x00000e78       0x20 ./DistantIO/crc.o
 .debug_aranges
                0x00000e98       0x68 ./DistantIO/distantio.o

.debug_ranges   0x00000000     0x2748
 .debug_ranges  0x00000000       0x48 ./Sources/Events.o
 .debug_ranges  0x00000048      0x1a8 ./Sources/approximations.o
 .debug_ranges  0x000001f0      0xa28 ./Sources/drivers.o
 .debug_ranges  0x00000c18       0x78 ./Sources/fusion.o
 .debug_ranges  0x00000c90       0x38 ./Sources/magnetic.o
 .debug_ranges  0x00000cc8       0x10 ./Sources/main.o
 .debug_ranges  0x00000cd8       0x88 ./Sources/matrix.o
 .debug_ranges  0x00000d60       0x28 ./Sources/mqx_tasks.o
 .debug_ranges  0x00000d88      0x188 ./Sources/orientation.o
 .debug_ranges  0x00000f10       0xa8 ./Sources/tasks.o
 .debug_ranges  0x00000fb8       0x60 ./Sources/user_tasks.o
 .debug_ranges  0x00001018       0x18 ./SerialProtocol/functions.o
 .debug_ranges  0x00001030       0x20 ./SerialProtocol/protocol.o
 .debug_ranges  0x00001050       0x90 ./Project_Settings/Startup_Code/startup.o
 .debug_ranges  0x000010e0       0x10 ./MQXLITE/psp/cortex_m/int_inst.o
 .debug_ranges  0x000010f0       0x18 ./MQXLITE/psp/cortex_m/int_vtab.o
 .debug_ranges  0x00001108       0x10 ./MQXLITE/psp/cortex_m/mem_zero.o
 .debug_ranges  0x00001118       0x10 ./MQXLITE/psp/cortex_m/psp_iinit.o
 .debug_ranges  0x00001128       0x10 ./MQXLITE/psp/cortex_m/psp_tiad.o
 .debug_ranges  0x00001138       0x10 ./MQXLITE/psp/cortex_m/psp_tinm.o
 .debug_ranges  0x00001148       0x18 ./MQXLITE/psp/cortex_m/sc_irdyq.o
 .debug_ranges  0x00001160       0x10 ./MQXLITE/psp/cortex_m/stack_bu.o
 .debug_ranges  0x00001170       0x10 ./MQXLITE/psp/cortex_m/stack_de.o
 .debug_ranges  0x00001180       0x10 ./MQXLITE/kernel/idletask.o
 .debug_ranges  0x00001190      0x120 ./MQXLITE/kernel/int.o
 .debug_ranges  0x000012b0      0x1f8 ./MQXLITE/kernel/lwevent.o
 .debug_ranges  0x000014a8      0x290 ./MQXLITE/kernel/lwsem.o
 .debug_ranges  0x00001738       0x50 ./MQXLITE/kernel/mqx_utils.o
 .debug_ranges  0x00001788       0x48 ./MQXLITE/kernel/mqxlite.o
 .debug_ranges  0x000017d0      0x780 ./MQXLITE/kernel/task.o
 .debug_ranges  0x00001f50      0x1a0 ./MQXLITE/kernel/time_ticks.o
 .debug_ranges  0x000020f0       0x20 ./Generated_Code/Cpu.o
 .debug_ranges  0x00002110       0x30 ./Generated_Code/FTM.o
 .debug_ranges  0x00002140       0x58 ./Generated_Code/I2C.o
 .debug_ranges  0x00002198       0x38 ./Generated_Code/LED_BLUE.o
 .debug_ranges  0x000021d0       0x38 ./Generated_Code/LED_GREEN.o
 .debug_ranges  0x00002208       0x38 ./Generated_Code/LED_RED.o
 .debug_ranges  0x00002240       0x48 ./Generated_Code/MQX1.o
 .debug_ranges  0x00002288       0x20 ./Generated_Code/PE_LDD.o
 .debug_ranges  0x000022a8       0x80 ./Generated_Code/RNG1.o
 .debug_ranges  0x00002328       0x50 ./Generated_Code/SystemTimer1.o
 .debug_ranges  0x00002378       0x30 ./Generated_Code/TestPin_KF_Time.o
 .debug_ranges  0x000023a8       0x30 ./Generated_Code/TestPin_MagCal_Time.o
 .debug_ranges  0x000023d8       0x40 ./Generated_Code/UART.o
 .debug_ranges  0x00002418       0x38 ./DistantIO/crc.o
 .debug_ranges  0x00002450      0x2f8 ./DistantIO/distantio.o

.debug_line     0x00000000     0xad05
 .debug_line    0x00000000      0x329 ./Sources/Events.o
 .debug_line    0x00000329      0x2be ./Sources/approximations.o
 .debug_line    0x000005e7     0x105f ./Sources/drivers.o
 .debug_line    0x00001646     0x11c6 ./Sources/fusion.o
 .debug_line    0x0000280c      0x689 ./Sources/magnetic.o
 .debug_line    0x00002e95      0x157 ./Sources/main.o
 .debug_line    0x00002fec      0x3bc ./Sources/matrix.o
 .debug_line    0x000033a8      0x3cd ./Sources/mqx_tasks.o
 .debug_line    0x00003775      0x772 ./Sources/orientation.o
 .debug_line    0x00003ee7      0x4fa ./Sources/tasks.o
 .debug_line    0x000043e1      0x2d4 ./Sources/user_tasks.o
 .debug_line    0x000046b5      0x16b ./SerialProtocol/functions.o
 .debug_line    0x00004820      0x164 ./SerialProtocol/protocol.o
 .debug_line    0x00004984      0x14e ./Project_Settings/Startup_Code/startup.o
 .debug_line    0x00004ad2       0x68 ./MQXLITE/psp/cortex_m/core/M0/boot.o
 .debug_line    0x00004b3a      0x18b ./MQXLITE/psp/cortex_m/core/M0/dispatch.o
 .debug_line    0x00004cc5      0x147 ./MQXLITE/psp/cortex_m/int_inst.o
 .debug_line    0x00004e0c       0xd5 ./MQXLITE/psp/cortex_m/int_vtab.o
 .debug_line    0x00004ee1      0x13a ./MQXLITE/psp/cortex_m/mem_zero.o
 .debug_line    0x0000501b      0x11b ./MQXLITE/psp/cortex_m/psp_iinit.o
 .debug_line    0x00005136      0x15d ./MQXLITE/psp/cortex_m/psp_tiad.o