Archive member included because of file (symbol)

c:/freescale/kds_3.0.0/toolchain/bin/../lib/gcc/arm-none-eabi/4.8.4/../../../../arm-none-eabi/lib/armv6-m\libm.a(lib_a-sf_sin.o)
                              ./Sources/orientation.o (sinf)
c:/freescale/kds_3.0.0/toolchain/bin/../lib/gcc/arm-none-eabi/4.8.4/../../../../arm-none-eabi/lib/armv6-m\libm.a(lib_a-wf_acos.o)
                              ./Sources/orientation.o (acosf)
c:/freescale/kds_3.0.0/toolchain/bin/../lib/gcc/arm-none-eabi/4.8.4/../../../../arm-none-eabi/lib/armv6-m\libm.a(lib_a-wf_pow.o)
                              ./Sources/magnetic.o (powf)
c:/freescale/kds_3.0.0/toolchain/bin/../lib/gcc/arm-none-eabi/4.8.4/../../../../arm-none-eabi/lib/armv6-m\libm.a(lib_a-wf_sqrt.o)
                              ./Sources/approximations.o (sqrtf)
c:/freescale/kds_3.0.0/toolchain/bin/../lib/gcc/arm-none-eabi/4.8.4/../../../../arm-none-eabi/lib/armv6-m\libm.a(lib_a-ef_acos.o)
                              c:/freescale/kds_3.0.0/toolchain/bin/../lib/gcc/arm-none-eabi/4.8.4/../../../../arm-none-eabi/lib/armv6-m\libm.a(lib_a-wf_acos.o) (__ieee754_acosf)
c:/freescale/kds_3.0.0/toolchain/bin/../lib/gcc/arm-none-eabi/4.8.4/../../../../arm-none-eabi/lib/armv6-m\libm.a(lib_a-ef_pow.o)
                              c:/freescale/kds_3.0.0/toolchain/bin/../lib/gcc/arm-none-eabi/4.8.4/../../../../arm-none-eabi/lib/armv6-m\libm.a(lib_a-wf_pow.o) (__ieee754_powf)
c:/freescale/kds_3.0.0/toolchain/bin/../lib/gcc/arm-none-eabi/4.8.4/../../../../arm-none-eabi/lib/armv6-m\libm.a(lib_a-ef_rem_pio2.o)
                              c:/freescale/kds_3.0.0/toolchain/bin/../lib/gcc/arm-none-eabi/4.8.4/../../../../arm-none-eabi/lib/armv6-m\libm.a(lib_a-sf_sin.o) (__ieee754_rem_pio2f)
c:/freescale/kds_3.0.0/toolchain/bin/../lib/gcc/arm-none-eabi/4.8.4/../../../../arm-none-eabi/lib/armv6-m\libm.a(lib_a-ef_sqrt.o)
                              c:/freescale/kds_3.0.0/toolchain/bin/../lib/gcc/arm-none-eabi/4.8.4/../../../../arm-none-eabi/lib/armv6-m\libm.a(lib_a-wf_sqrt.o) (__ieee754_sqrtf)
c:/freescale/kds_3.0.0/toolchain/bin/../lib/gcc/arm-none-eabi/4.8.4/../../../../arm-none-eabi/lib/armv6-m\libm.a(lib_a-kf_cos.o)
                              c:/freescale/kds_3.0.0/toolchain/bin/../lib/gcc/arm-none-eabi/4.8.4/../../../../arm-none-eabi/lib/armv6-m\libm.a(lib_a-sf_sin.o) (__kernel_cosf)
c:/freescale/kds_3.0.0/toolchain/bin/../lib/gcc/arm-none-eabi/4.8.4/../../../../arm-none-eabi/lib/armv6-m\libm.a(lib_a-kf_rem_pio2.o)
                              c:/freescale/kds_3.0.0/toolchain/bin/../lib/gcc/arm-none-eabi/4.8.4/../../../../arm-none-eabi/lib/armv6-m\libm.a(lib_a-ef_rem_pio2.o) (__kernel_rem_pio2f)
c:/freescale/kds_3.0.0/toolchain/bin/../lib/gcc/arm-none-eabi/4.8.4/../../../../arm-none-eabi/lib/armv6-m\libm.a(lib_a-kf_sin.o)
                              c:/freescale/kds_3.0.0/toolchain/bin/../lib/gcc/arm-none-eabi/4.8.4/../../../../arm-none-eabi/lib/armv6-m\libm.a(lib_a-sf_sin.o) (__kernel_sinf)
c:/freescale/kds_3.0.0/toolchain/bin/../lib/gcc/arm-none-eabi/4.8.4/../../../../arm-none-eabi/lib/armv6-m\libm.a(lib_a-s_lib_ver.o)
                              c:/freescale/kds_3.0.0/toolchain/bin/../lib/gcc/arm-none-eabi/4.8.4/../../../../arm-none-eabi/lib/armv6-m\libm.a(lib_a-wf_acos.o) (__fdlib_version)
c:/freescale/kds_3.0.0/toolchain/bin/../lib/gcc/arm-none-eabi/4.8.4/../../../../arm-none-eabi/lib/armv6-m\libm.a(lib_a-s_matherr.o)
                              c:/freescale/kds_3.0.0/toolchain/bin/../lib/gcc/arm-none-eabi/4.8.4/../../../../arm-none-eabi/lib/armv6-m\libm.a(lib_a-wf_acos.o) (matherr)
c:/freescale/kds_3.0.0/toolchain/bin/../lib/gcc/arm-none-eabi/4.8.4/../../../../arm-none-eabi/lib/armv6-m\libm.a(lib_a-s_nan.o)
                              c:/freescale/kds_3.0.0/toolchain/bin/../lib/gcc/arm-none-eabi/4.8.4/../../../../arm-none-eabi/lib/armv6-m\libm.a(lib_a-wf_acos.o) (nan)
c:/freescale/kds_3.0.0/toolchain/bin/../lib/gcc/arm-none-eabi/4.8.4/../../../../arm-none-eabi/lib/armv6-m\libm.a(lib_a-s_rint.o)
                              c:/freescale/kds_3.0.0/toolchain/bin/../lib/gcc/arm-none-eabi/4.8.4/../../../../arm-none-eabi/lib/armv6-m\libm.a(lib_a-wf_pow.o) (rint)
c:/freescale/kds_3.0.0/toolchain/bin/../lib/gcc/arm-none-eabi/4.8.4/../../../../arm-none-eabi/lib/armv6-m\libm.a(lib_a-sf_fabs.o)
                              c:/freescale/kds_3.0.0/toolchain/bin/../lib/gcc/arm-none-eabi/4.8.4/../../../../arm-none-eabi/lib/armv6-m\libm.a(lib_a-wf_acos.o) (fabsf)
c:/freescale/kds_3.0.0/toolchain/bin/../lib/gcc/arm-none-eabi/4.8.4/../../../../arm-none-eabi/lib/armv6-m\libm.a(lib_a-sf_finite.o)
                              c:/freescale/kds_3.0.0/toolchain/bin/../lib/gcc/arm-none-eabi/4.8.4/../../../../arm-none-eabi/lib/armv6-m\libm.a(lib_a-wf_pow.o) (finitef)
c:/freescale/kds_3.0.0/toolchain/bin/../lib/gcc/arm-none-eabi/4.8.4/../../../../arm-none-eabi/lib/armv6-m\libm.a(lib_a-sf_floor.o)
[...]
Memory Configuration

Name             Origin             Length             Attributes
m_interrupts     0x00000000         0x000000c0         xr
m_text           0x00000410         0x0003fbf0         xr
m_data           0x1fffe000         0x00008000         rw
m_cfmprotrom     0x00000400         0x00000010         xr
*default*        0x00000000         0xffffffff

Linker script and memory map

LOAD c:/freescale/kds_3.0.0/toolchain/bin/../lib/gcc/arm-none-eabi/4.8.4/armv6-m/crti.o
LOAD c:/freescale/kds_3.0.0/toolchain/bin/../lib/gcc/arm-none-eabi/4.8.4/armv6-m/crtbegin.o
LOAD c:/freescale/kds_3.0.0/toolchain/bin/../lib/gcc/arm-none-eabi/4.8.4/../../../../arm-none-eabi/lib/armv6-m/crt0.o
LOAD ./Sources/Events.o
LOAD ./Sources/approximations.o
LOAD ./Sources/drivers.o
LOAD ./Sources/fusion.o
LOAD ./Sources/magnetic.o
LOAD ./Sources/main.o
LOAD ./Sources/matrix.o
LOAD ./Sources/mqx_tasks.o
LOAD ./Sources/orientation.o
LOAD ./Sources/tasks.o
LOAD ./Sources/user_tasks.o
LOAD ./SerialProtocol/functions.o
LOAD ./SerialProtocol/protocol.o
LOAD ./Project_Settings/Startup_Code/startup.o
LOAD ./MQXLITE/psp/cortex_m/core/M0/boot.o
LOAD ./MQXLITE/psp/cortex_m/core/M0/dispatch.o
LOAD ./MQXLITE/psp/cortex_m/cortex.o
LOAD ./MQXLITE/psp/cortex_m/int_gkis.o
LOAD ./MQXLITE/psp/cortex_m/int_inst.o
LOAD ./MQXLITE/psp/cortex_m/int_kisr.o
LOAD ./MQXLITE/psp/cortex_m/int_pvta.o
LOAD ./MQXLITE/psp/cortex_m/int_unx.o
LOAD ./MQXLITE/psp/cortex_m/int_vtab.o
LOAD ./MQXLITE/psp/cortex_m/int_xcpt.o
LOAD ./MQXLITE/psp/cortex_m/mem_zero.o
LOAD ./MQXLITE/psp/cortex_m/psp_iinit.o
LOAD ./MQXLITE/psp/cortex_m/psp_supp.o
LOAD ./MQXLITE/psp/cortex_m/psp_tiad.o
LOAD ./MQXLITE/psp/cortex_m/psp_tinm.o
LOAD ./MQXLITE/psp/cortex_m/psp_tipr.o
LOAD ./MQXLITE/psp/cortex_m/psp_tisu.o
LOAD ./MQXLITE/psp/cortex_m/sc_irdyq.o
LOAD ./MQXLITE/psp/cortex_m/stack_bu.o
LOAD ./MQXLITE/psp/cortex_m/stack_de.o
LOAD ./MQXLITE/psp/cortex_m/stack_st.o
LOAD ./MQXLITE/kernel/idletask.o
LOAD ./MQXLITE/kernel/int.o
LOAD ./MQXLITE/kernel/klog.o
LOAD ./MQXLITE/kernel/lwevent.o
LOAD ./MQXLITE/kernel/lwlog.o
LOAD ./MQXLITE/kernel/lwmem.o
LOAD ./MQXLITE/kernel/lwmsgq.o
LOAD ./MQXLITE/kernel/lwsem.o
LOAD ./MQXLITE/kernel/lwtimer.o
LOAD ./MQXLITE/kernel/mqx_utils.o
LOAD ./MQXLITE/kernel/mqxlite.o
LOAD ./MQXLITE/kernel/mutex.o
LOAD ./MQXLITE/kernel/qu_test.o
LOAD ./MQXLITE/kernel/sched.o
LOAD ./MQXLITE/kernel/task.o
LOAD ./MQXLITE/kernel/time_ticks.o
LOAD ./MQXLITE/config/task_template_list.o
LOAD ./Generated_Code/Cpu.o
LOAD ./Generated_Code/FTM.o
LOAD ./Generated_Code/I2C.o
LOAD ./Generated_Code/LED_BLUE.o
LOAD ./Generated_Code/LED_GREEN.o
LOAD ./Generated_Code/LED_RED.o
LOAD ./Generated_Code/MQX1.o
LOAD ./Generated_Code/PE_LDD.o
LOAD ./Generated_Code/RNG1.o
LOAD ./Generated_Code/SystemTimer1.o
LOAD ./Generated_Code/TestPin_KF_Time.o
LOAD ./Generated_Code/TestPin_MagCal_Time.o
LOAD ./Generated_Code/UART.o
LOAD ./Generated_Code/Vectors.o
LOAD ./DistantIO/crc.o
LOAD ./DistantIO/distantio.o
LOAD c:/freescale/kds_3.0.0/toolchain/bin/../lib/gcc/arm-none-eabi/4.8.4/../../../../arm-none-eabi/lib/armv6-m\libstdc++_s.a
LOAD c:/freescale/kds_3.0.0/toolchain/bin/../lib/gcc/arm-none-eabi/4.8.4/../../../../arm-none-eabi/lib/armv6-m\libm.a
START GROUP
LOAD c:/freescale/kds_3.0.0/toolchain/bin/../lib/gcc/arm-none-eabi/4.8.4/armv6-m\libgcc.a
LOAD c:/freescale/kds_3.0.0/toolchain/bin/../lib/gcc/arm-none-eabi/4.8.4/../../../../arm-none-eabi/lib/armv6-m\libg_s.a
LOAD c:/freescale/kds_3.0.0/toolchain/bin/../lib/gcc/arm-none-eabi/4.8.4/../../../../arm-none-eabi/lib/armv6-m\libc_s.a
END GROUP
START GROUP
LOAD c:/freescale/kds_3.0.0/toolchain/bin/../lib/gcc/arm-none-eabi/4.8.4/armv6-m\libgcc.a
LOAD c:/freescale/kds_3.0.0/toolchain/bin/../lib/gcc/arm-none-eabi/4.8.4/../../../../arm-none-eabi/lib/armv6-m\libc_s.a
END GROUP
LOAD c:/freescale/kds_3.0.0/toolchain/bin/../lib/gcc/arm-none-eabi/4.8.4/armv6-m/crtend.o
LOAD c:/freescale/kds_3.0.0/toolchain/bin/../lib/gcc/arm-none-eabi/4.8.4/armv6-m/crtn.o
                0x20006000                _estack = 0x20006000
                0x20006000                __SP_INIT = _estack
                0x20006000                __stack = _estack
                0x00000000                __heap_size = 0x0
                0x00000400                __stack_size = 0x400

.interrupts     0x00000000       0xc0
                0x00000000                __vector_table = .
                0x00000000                . = ALIGN (0x4)
 *(.vectortable)
 .vectortable   0x00000000       0xc0 ./Generated_Code/Vectors.o
                0x00000000                __vect_table
                0x000000c0                . = ALIGN (0x4)

.cfmprotect     0x00000400       0x10
                0x00000400                . = ALIGN (0x4)
 *(.cfmconfig)
 .cfmconfig     0x00000400       0x10 ./Generated_Code/Cpu.o
                0x00000400                _cfm
                0x00000410                . = ALIGN (0x4)

.text           0x00000410    0x137b4
                0x00000410                . = ALIGN (0x4)
 *(.text)
 .text          0x00000410       0x60 c:/freescale/kds_3.0.0/toolchain/bin/../lib/gcc/arm-none-eabi/4.8.4/armv6-m/crtbegin.o
 .text          0x00000470       0x34 ./MQXLITE/psp/cortex_m/core/M0/boot.o
                0x00000470                __boot
 .text          0x000004a4       0x9c c:/freescale/kds_3.0.0/toolchain/bin/../lib/gcc/arm-none-eabi/4.8.4/armv6-m\libgcc.a(_udivsi3.o)
                0x000004a4                __aeabi_uidiv
                0x000004a4                __udivsi3
                0x0000052c                __aeabi_uidivmod
 .text          0x00000540       0xc0 c:/freescale/kds_3.0.0/toolchain/bin/../lib/gcc/arm-none-eabi/4.8.4/armv6-m\libgcc.a(_divsi3.o)
                0x00000540                __divsi3
                0x00000540                __aeabi_idiv
                0x000005ec                __aeabi_idivmod
 .text          0x00000600        0x4 c:/freescale/kds_3.0.0/toolchain/bin/../lib/gcc/arm-none-eabi/4.8.4/armv6-m\libgcc.a(_dvmd_tls.o)
                0x00000600                __aeabi_idiv0
                0x00000600                __aeabi_ldiv0
 .text          0x00000604       0x7c c:/freescale/kds_3.0.0/toolchain/bin/../lib/gcc/arm-none-eabi/4.8.4/armv6-m\libgcc.a(_arm_cmpdf2.o)
                0x00000604                __aeabi_cdrcmple
                0x00000614                __aeabi_cdcmple
                0x00000614                __aeabi_cdcmpeq
                0x00000624                __aeabi_dcmpeq
                0x00000630                __aeabi_dcmplt
                0x00000644                __aeabi_dcmple
                0x00000658                __aeabi_dcmpgt
                0x0000066c                __aeabi_dcmpge
 .text          0x00000680       0x74 c:/freescale/kds_3.0.0/toolchain/bin/../lib/gcc/arm-none-eabi/4.8.4/armv6-m\libgcc.a(_arm_cmpsf2.o)
                0x00000680                __aeabi_cfrcmple
                0x00000688                __aeabi_cfcmpeq
                0x00000688                __aeabi_cfcmple
                0x00000698                __aeabi_fcmpeq
                0x000006a4                __aeabi_fcmplt
                0x000006b8                __aeabi_fcmple
                0x000006cc                __aeabi_fcmpgt
                0x000006e0                __aeabi_fcmpge
 .text          0x000006f4      0x2d8 c:/freescale/kds_3.0.0/toolchain/bin/../lib/gcc/arm-none-eabi/4.8.4/armv6-m\libgcc.a(addsf3.o)
                0x000006f4                __aeabi_fadd
 .text          0x000009cc      0x24c c:/freescale/kds_3.0.0/toolchain/bin/../lib/gcc/arm-none-eabi/4.8.4/armv6-m\libgcc.a(divsf3.o)
                0x000009cc                __aeabi_fdiv
 .text          0x00000c18       0x54 c:/freescale/kds_3.0.0/toolchain/bin/../lib/gcc/arm-none-eabi/4.8.4/armv6-m\libgcc.a(eqsf2.o)
                0x00000c18                __eqsf2
                0x00000c18                __nesf2
 .text          0x00000c6c       0x90 c:/freescale/kds_3.0.0/toolchain/bin/../lib/gcc/arm-none-eabi/4.8.4/armv6-m\libgcc.a(gesf2.o)
                0x00000c6c                __gesf2
                0x00000c6c                __gtsf2
 .text          0x00000cfc       0x98 c:/freescale/kds_3.0.0/toolchain/bin/../lib/gcc/arm-none-eabi/4.8.4/armv6-m\libgcc.a(lesf2.o)
                0x00000cfc                __ltsf2
                0x00000cfc                __lesf2
 .text          0x00000d94      0x254 c:/freescale/kds_3.0.0/toolchain/bin/../lib/gcc/arm-none-eabi/4.8.4/armv6-m\libgcc.a(mulsf3.o)
                0x00000d94                __aeabi_fmul
 .text          0x00000fe8      0x2ec c:/freescale/kds_3.0.0/toolchain/bin/../lib/gcc/arm-none-eabi/4.8.4/armv6-m\libgcc.a(subsf3.o)
                0x00000fe8                __aeabi_fsub
 .text          0x000012d4       0x40 c:/freescale/kds_3.0.0/toolchain/bin/../lib/gcc/arm-none-eabi/4.8.4/armv6-m\libgcc.a(fixsfsi.o)
                0x000012d4                __aeabi_f2iz
 .text          0x00001314       0xb8 c:/freescale/kds_3.0.0/toolchain/bin/../lib/gcc/arm-none-eabi/4.8.4/armv6-m\libgcc.a(floatsisf.o)
                0x00001314                __aeabi_i2f
 .text          0x000013cc      0x644 c:/freescale/kds_3.0.0/toolchain/bin/../lib/gcc/arm-none-eabi/4.8.4/armv6-m\libgcc.a(adddf3.o)
                0x000013cc                __aeabi_dadd
 .text          0x00001a10      0x648 c:/freescale/kds_3.0.0/toolchain/bin/../lib/gcc/arm-none-eabi/4.8.4/armv6-m\libgcc.a(divdf3.o)
                0x00001a10                __aeabi_ddiv
 .text          0x00002058       0x94 c:/freescale/kds_3.0.0/toolchain/bin/../lib/gcc/arm-none-eabi/4.8.4/armv6-m\libgcc.a(eqdf2.o)
                0x00002058                __nedf2
                0x00002058                __eqdf2
 .text          0x000020ec       0xfc c:/freescale/kds_3.0.0/toolchain/bin/../lib/gcc/arm-none-eabi/4.8.4/armv6-m\libgcc.a(gedf2.o)
                0x000020ec                __gedf2
                0x000020ec                __gtdf2
 .text          0x000021e8       0xfc c:/freescale/kds_3.0.0/toolchain/bin/../lib/gcc/arm-none-eabi/4.8.4/armv6-m\libgcc.a(ledf2.o)
                0x000021e8                __ledf2
                0x000021e8                __ltdf2
 .text          0x000022e4      0x668 c:/freescale/kds_3.0.0/toolchain/bin/../lib/gcc/arm-none-eabi/4.8.4/armv6-m\libgcc.a(subdf3.o)
                0x000022e4                __aeabi_dsub
 .text          0x0000294c       0xa4 c:/freescale/kds_3.0.0/toolchain/bin/../lib/gcc/arm-none-eabi/4.8.4/armv6-m\libgcc.a(extendsfdf2.o)
                0x0000294c                __aeabi_f2d
 .text          0x000029f0      0x118 c:/freescale/kds_3.0.0/toolchain/bin/../lib/gcc/arm-none-eabi/4.8.4/armv6-m\libgcc.a(truncdfsf2.o)
                0x000029f0                __aeabi_d2f
 .text          0x00002b08       0x3c c:/freescale/kds_3.0.0/toolchain/bin/../lib/gcc/arm-none-eabi/4.8.4/armv6-m\libgcc.a(_clzsi2.o)
                0x00002b08                __clzsi2
 *(.text*)
 .text.FTM_OnCounterRestart
                0x00002b44       0x1c ./Sources/Events.o
                0x00002b44                FTM_OnCounterRestart
 .text.UART_OnBlockSent
                0x00002b60        0x4 ./Sources/Events.o
                0x00002b60                UART_OnBlockSent
 .text.I2C_OnMasterBlockSent
                0x00002b64       0x14 ./Sources/Events.o
                0x00002b64                I2C_OnMasterBlockSent
 .text.I2C_OnMasterBlockReceived
                0x00002b78       0x14 ./Sources/Events.o
                0x00002b78                I2C_OnMasterBlockReceived
 .text.UART_OnTxComplete
                0x00002b8c        0x4 ./Sources/Events.o
                0x00002b8c                UART_OnTxComplete
 .text.UART_OnBlockReceived
                0x00002b90       0x18 ./Sources/Events.o
                0x00002b90                UART_OnBlockReceived
 .text.fasin_deg
                0x00002ba8      0x154 ./Sources/approximations.o
                0x00002ba8                fasin_deg
 .text.facos_deg
                0x00002cfc      0x280 ./Sources/approximations.o
                0x00002cfc                facos_deg
 .text.fatan_deg
                0x00002f7c      0x11c ./Sources/approximations.o
                0x00002f7c                fatan_deg
 .text.fatan2_deg
                0x00003098      0x378 ./Sources/approximations.o
                0x00003098                fatan2_deg
 .text.MPL3115_Init
                0x00003410       0xd0 ./Sources/drivers.o
                0x00003410                MPL3115_Init
 .text.FXOS8700_Init
                0x000034e0      0x184 ./Sources/drivers.o
                0x000034e0                FXOS8700_Init
 .text.FXAS21000_Init
                0x00003664       0xd4 ./Sources/drivers.o
                0x00003664                FXAS21000_Init
 .text.MPL3115_ReadData
                0x00003738       0x90 ./Sources/drivers.o
                0x00003738                MPL3115_ReadData
 .text.FXOS8700_ReadData
                0x000037c8      0x128 ./Sources/drivers.o
                0x000037c8                FXOS8700_ReadData
 .text.FXAS21000_ReadData
                0x000038f0       0xec ./Sources/drivers.o
                0x000038f0                FXAS21000_ReadData
 .text.fInit_6DOF_GY_KALMAN
                0x000039dc      0x3ec ./Sources/fusion.o
                0x000039dc                fInit_6DOF_GY_KALMAN
 .text.fInit_9DOF_GBY_KALMAN
                0x00003dc8      0x7c0 ./Sources/fusion.o
                0x00003dc8                fInit_9DOF_GBY_KALMAN
 .text.fRun_1DOF_P_BASIC
                0x00004588       0x44 ./Sources/fusion.o
                0x00004588                fRun_1DOF_P_BASIC
 .text.fRun_3DOF_G_BASIC
                0x000045cc      0x144 ./Sources/fusion.o
                0x000045cc                fRun_3DOF_G_BASIC
 .text.fRun_3DOF_B_BASIC
                0x00004710      0x160 ./Sources/fusion.o
                0x00004710                fRun_3DOF_B_BASIC
 .text.fRun_3DOF_Y_BASIC
                0x00004870      0x194 ./Sources/fusion.o
                0x00004870                fRun_3DOF_Y_BASIC
 .text.fRun_6DOF_GB_BASIC
                0x00004a04      0x1b0 ./Sources/fusion.o
                0x00004a04                fRun_6DOF_GB_BASIC
 .text.fRun_6DOF_GY_KALMAN
                0x00004bb4     0x1094 ./Sources/fusion.o
                0x00004bb4                fRun_6DOF_GY_KALMAN
 .text.fRun_9DOF_GBY_KALMAN
                0x00005c48     0x3c0c ./Sources/fusion.o
                0x00005c48                fRun_9DOF_GBY_KALMAN
 .text.fInitMagCalibration
                0x00009854       0xe8 ./Sources/magnetic.o
                0x00009854                fInitMagCalibration
 .text.iUpdateMagnetometerBuffer
                0x0000993c      0x42c ./Sources/magnetic.o
                0x0000993c                iUpdateMagnetometerBuffer
 .text.fInvertMagCal
                0x00009d68      0x198 ./Sources/magnetic.o
                0x00009d68                fInvertMagCal
 .text.fUpdateCalibration4INV
                0x00009f00      0x814 ./Sources/magnetic.o
                0x00009f00                fUpdateCalibration4INV
 .text.fUpdateCalibration7EIG
                0x0000a714      0x5e4 ./Sources/magnetic.o
                0x0000a714                fUpdateCalibration7EIG
 .text.fUpdateCalibration10EIG
                0x0000acf8      0x9e4 ./Sources/magnetic.o
                0x0000acf8                fUpdateCalibration10EIG
 .text.startup.main
                0x0000b6dc        0xc ./Sources/main.o
                0x0000b6dc                main
 .text.f3x3matrixAeqI
                0x0000b6e8       0x1c ./Sources/matrix.o
                0x0000b6e8                f3x3matrixAeqI
 .text.f3x3matrixAeqScalar
                0x0000b704       0x14 ./Sources/matrix.o
                0x0000b704                f3x3matrixAeqScalar
 .text.f3x3matrixAeqAxScalar
                0x0000b718       0x60 ./Sources/matrix.o
                0x0000b718                f3x3matrixAeqAxScalar
 .text.f3x3matrixAeqMinusA
                0x0000b778       0x3c ./Sources/matrix.o
                0x0000b778                f3x3matrixAeqMinusA
 .text.f3x3matrixAeqInvSymB
                0x0000b7b4      0x178 ./Sources/matrix.o
                0x0000b7b4                f3x3matrixAeqInvSymB
 .text.f3x3matrixDetA
                0x0000b92c       0xa0 ./Sources/matrix.o
                0x0000b92c                f3x3matrixDetA
 *fill*         0x0000b9cc        0x4 
 .text.eigencompute
                0x0000b9d0      0x480 ./Sources/matrix.o
                0x0000b9d0                eigencompute
 .text.fmatrixAeqInvA
                0x0000be50      0x280 ./Sources/matrix.o
                0x0000be50                fmatrixAeqInvA
 .text.Main_task
                0x0000c0d0       0xd8 ./Sources/mqx_tasks.o
                0x0000c0d0                Main_task
 .text.RdSensData_task
                0x0000c1a8       0x40 ./Sources/mqx_tasks.o
                0x0000c1a8                RdSensData_task
 .text.Fusion_task
                0x0000c1e8       0x90 ./Sources/mqx_tasks.o
                0x0000c1e8                Fusion_task
 .text.MagCal_task
                0x0000c278       0x44 ./Sources/mqx_tasks.o
                0x0000c278                MagCal_task
 .text.f3DOFTiltNED
                0x0000c2bc      0x12c ./Sources/orientation.o
                0x0000c2bc                f3DOFTiltNED
 .text.f3DOFTiltAndroid
                0x0000c3e8      0x134 ./Sources/orientation.o
                0x0000c3e8                f3DOFTiltAndroid
 .text.f3DOFTiltWin8
                0x0000c51c      0x170 ./Sources/orientation.o
                0x0000c51c                f3DOFTiltWin8
 .text.f3DOFMagnetometerMatrixNED
                0x0000c68c       0x6c ./Sources/orientation.o
                0x0000c68c                f3DOFMagnetometerMatrixNED
 .text.f3DOFMagnetometerMatrixAndroid
                0x0000c6f8       0x6c ./Sources/orientation.o
                0x0000c6f8                f3DOFMagnetometerMatrixAndroid
 .text.f3DOFMagnetometerMatrixWin8
                0x0000c764       0x6c ./Sources/orientation.o
                0x0000c764                f3DOFMagnetometerMatrixWin8
 .text.feCompassNED
                0x0000c7d0      0x2f8 ./Sources/orientation.o
                0x0000c7d0                feCompassNED
 .text.feCompassAndroid
                0x0000cac8      0x2f8 ./Sources/orientation.o
                0x0000cac8                feCompassAndroid
 .text.feCompassWin8
                0x0000cdc0      0x310 ./Sources/orientation.o
                0x0000cdc0                feCompassWin8
 .text.fNEDAnglesDegFromRotationMatrix
                0x0000d0d0       0xec ./Sources/orientation.o
                0x0000d0d0                fNEDAnglesDegFromRotationMatrix
 .text.fAndroidAnglesDegFromRotationMatrix
                0x0000d1bc       0xec ./Sources/orientation.o
                0x0000d1bc                fAndroidAnglesDegFromRotationMatrix
 .text.fWin8AnglesDegFromRotationMatrix
                0x0000d2a8      0x17c ./Sources/orientation.o
                0x0000d2a8                fWin8AnglesDegFromRotationMatrix
 .text.fQuaternionFromRotationVectorDeg
                0x0000d424      0x194 ./Sources/orientation.o
                0x0000d424                fQuaternionFromRotationVectorDeg
 .text.fQuaternionFromRotationMatrix
                0x0000d5b8      0x140 ./Sources/orientation.o
                0x0000d5b8                fQuaternionFromRotationMatrix
 .text.fRotationMatrixFromQuaternion
                0x0000d6f8      0x120 ./Sources/orientation.o
                0x0000d6f8                fRotationMatrixFromQuaternion
 .text.fRotationVectorDegFromQuaternion
                0x0000d818       0xb8 ./Sources/orientation.o
                0x0000d818                fRotationVectorDegFromQuaternion
 .text.fLPFOrientationQuaternion
                0x0000d8d0      0x4ec ./Sources/orientation.o
                0x0000d8d0                fLPFOrientationQuaternion
 .text.fLPFScalar
                0x0000ddbc       0x2c ./Sources/orientation.o
                0x0000ddbc                fLPFScalar
 .text.qAeqBxC  0x0000dde8      0x148 ./Sources/orientation.o
                0x0000dde8                qAeqBxC
 .text.qAeqAxB  0x0000df30      0x138 ./Sources/orientation.o
                0x0000df30                qAeqAxB
 .text.fqAeqNormqA
                0x0000e068       0xd4 ./Sources/orientation.o
                0x0000e068                fqAeqNormqA
 .text.fqAeq1   0x0000e13c       0x10 ./Sources/orientation.o
                0x0000e13c                fqAeq1
 .text.RdSensData_Init
                0x0000e14c       0x58 ./Sources/tasks.o
                0x0000e14c                RdSensData_Init
 .text.Fusion_Init
                0x0000e1a4       0x6c ./Sources/tasks.o
                0x0000e1a4                Fusion_Init
 .text.RdSensData_Run
                0x0000e210      0x32c ./Sources/tasks.o
                0x0000e210                RdSensData_Run
 .text.Fusion_Run
                0x0000e53c      0x2c4 ./Sources/tasks.o
                0x0000e53c                Fusion_Run
 .text.MagCal_Run
                0x0000e800      0x13c ./Sources/tasks.o
                0x0000e800                MagCal_Run
 .text.rx_callback
                0x0000e93c        0x8 ./Sources/user_tasks.o
                0x0000e93c                rx_callback
 .text.UserStartup
                0x0000e944       0x70 ./Sources/user_tasks.o
                0x0000e944                UserStartup
 .text.UserHighFrequencyTaskInit
                0x0000e9b4        0x4 ./Sources/user_tasks.o
                0x0000e9b4                UserHighFrequencyTaskInit
 .text.UserMediumFrequencyTaskInit
                0x0000e9b8        0x4 ./Sources/user_tasks.o
                0x0000e9b8                UserMediumFrequencyTaskInit
 .text.UserHighFrequencyTaskRun
                0x0000e9bc        0x4 ./Sources/user_tasks.o
                0x0000e9bc                UserHighFrequencyTaskRun
 .text.UserMediumFrequencyTaskRun
                0x0000e9c0       0x34 ./Sources/user_tasks.o
                0x0000e9c0                UserMediumFrequencyTaskRun
 .text.sendBytes
                0x0000e9f4       0x14 ./SerialProtocol/functions.o
                0x0000e9f4                sendBytes
 .text.init_protocol
                0x0000ea08       0x3c ./SerialProtocol/protocol.o
                0x0000ea08                init_protocol
 .text.decode   0x0000ea44       0x90 ./SerialProtocol/protocol.o
                0x0000ea44                decode
 .text.__copy_rom_sections_to_ram
                0x0000ead4       0x78 ./Project_Settings/Startup_Code/startup.o
                0x0000ead4                __copy_rom_sections_to_ram
 .text.__init_registers
                0x0000eb4c        0x4 ./Project_Settings/Startup_Code/startup.o
                0x0000eb4c                __init_registers
 .text.__init_user
                0x0000eb50        0x4 ./Project_Settings/Startup_Code/startup.o
                0x0000eb50                __init_user
 .text.__thumb_startup
                0x0000eb54       0x7c ./Project_Settings/Startup_Code/startup.o
                0x0000eb54                __thumb_startup
 .text._psp_int_install
                0x0000ebd0       0x14 ./MQXLITE/psp/cortex_m/int_inst.o
                0x0000ebd0                _psp_int_install
 .text._int_set_vector_table
                0x0000ebe4       0x14 ./MQXLITE/psp/cortex_m/int_vtab.o
                0x0000ebe4                _int_set_vector_table
 .text._mem_zero
                0x0000ebf8       0xec ./MQXLITE/psp/cortex_m/mem_zero.o
                0x0000ebf8                _mem_zero
 .text._psp_int_init
                0x0000ece4       0x14 ./MQXLITE/psp/cortex_m/psp_iinit.o
                0x0000ece4                _psp_int_init
 .text._psp_add_ticks
                0x0000ecf8       0x40 ./MQXLITE/psp/cortex_m/psp_tiad.o
                0x0000ecf8                _psp_add_ticks
 .text._psp_normalize_ticks
                0x0000ed38       0x3c ./MQXLITE/psp/cortex_m/psp_tinm.o
                0x0000ed38                _psp_normalize_ticks
 .text._psp_set_kernel_disable_level
                0x0000ed74       0x78 ./MQXLITE/psp/cortex_m/sc_irdyq.o
                0x0000ed74                _psp_set_kernel_disable_level
 .text._psp_init_readyqs
                0x0000edec       0x84 ./MQXLITE/psp/cortex_m/sc_irdyq.o
                0x0000edec                _psp_init_readyqs
 .text._psp_build_stack_frame
                0x0000ee70       0x44 ./MQXLITE/psp/cortex_m/stack_bu.o
                0x0000ee70                _psp_build_stack_frame
 .text._psp_destroy_stack_frame
                0x0000eeb4        0x4 ./MQXLITE/psp/cortex_m/stack_de.o
                0x0000eeb4                _psp_destroy_stack_frame
 .text._mqx_idle_task
                0x0000eeb8       0x10 ./MQXLITE/kernel/idletask.o
                0x0000eeb8                _mqx_idle_task
 .text._int_default_isr
                0x0000eec8       0x4c ./MQXLITE/kernel/int.o
                0x0000eec8                _int_default_isr
 .text._int_disable
                0x0000ef14       0x18 ./MQXLITE/kernel/int.o
                0x0000ef14                _int_disable
 .text._int_enable
                0x0000ef2c       0x1c ./MQXLITE/kernel/int.o
                0x0000ef2c                _int_enable
 .text._int_get_isr_data
                0x0000ef48       0x40 ./MQXLITE/kernel/int.o
                0x0000ef48                _int_get_isr_data
 .text._int_install_isr
                0x0000ef88       0x64 ./MQXLITE/kernel/int.o
                0x0000ef88                _int_install_isr
 .text._int_init
                0x0000efec       0x4c ./MQXLITE/kernel/int.o
                0x0000efec                _int_init
 .text._lwevent_create
                0x0000f038       0x84 ./MQXLITE/kernel/lwevent.o
                0x0000f038                _lwevent_create
 .text._lwevent_set
                0x0000f0bc      0x128 ./MQXLITE/kernel/lwevent.o
                0x0000f0bc                _lwevent_set
 .text._lwevent_wait_for
                0x0000f1e4       0xfc ./MQXLITE/kernel/lwevent.o
                0x0000f1e4                _lwevent_wait_for
 .text._lwsem_create
                0x0000f2e0       0x64 ./MQXLITE/kernel/lwsem.o
                0x0000f2e0                _lwsem_create
 .text._lwsem_post
                0x0000f344       0xb4 ./MQXLITE/kernel/lwsem.o
                0x0000f344                _lwsem_post
 .text._lwsem_wait
                0x0000f3f8       0x98 ./MQXLITE/kernel/lwsem.o
                0x0000f3f8                _lwsem_wait
 .text._mqx_set_cpu_type
                0x0000f490        0xc ./MQXLITE/kernel/mqx_utils.o
                0x0000f490                _mqx_set_cpu_type
 .text._mqx_init_kernel_data_internal
                0x0000f49c       0xfc ./MQXLITE/kernel/mqx_utils.o
                0x0000f49c                _mqx_init_kernel_data_internal
 .text._mqxlite_init
                0x0000f598       0xc0 ./MQXLITE/kernel/mqxlite.o
                0x0000f598                _mqxlite_init
 .text._mqxlite
                0x0000f658       0x98 ./MQXLITE/kernel/mqxlite.o
                0x0000f658                _mqxlite
 .text._mqx_exit
                0x0000f6f0        0x8 ./MQXLITE/kernel/mqxlite.o
                0x0000f6f0                _mqx_exit
 .text._task_exit_function_internal
                0x0000f6f8      0x140 ./MQXLITE/kernel/task.o
                0x0000f6f8                _task_exit_function_internal
 .text._task_destroy
                0x0000f838      0x1bc ./MQXLITE/kernel/task.o
                0x0000f838                _task_destroy
 .text._task_set_error
                0x0000f9f4       0x34 ./MQXLITE/kernel/task.o
                0x0000f9f4                _task_set_error
 .text._task_init_internal
                0x0000fa28      0x28c ./MQXLITE/kernel/task.o
                0x0000fa28                _task_init_internal
 .text._task_create_at
                0x0000fcb4      0x158 ./MQXLITE/kernel/task.o
                0x0000fcb4                _task_create_at
 .text._task_fill_stack_internal
                0x0000fe0c       0x14 ./MQXLITE/kernel/task.o
                0x0000fe0c                _task_fill_stack_internal
 .text._task_ready_internal
                0x0000fe20       0x28 ./MQXLITE/kernel/task.o
                0x0000fe20                _task_ready_internal
 .text._task_set_error_td_internal
                0x0000fe48       0x10 ./MQXLITE/kernel/task.o
                0x0000fe48                _task_set_error_td_internal
 .text._time_delay_for
                0x0000fe58       0xc4 ./MQXLITE/kernel/time_ticks.o
                0x0000fe58                _time_delay_for
 .text._time_notify_kernel
                0x0000ff1c      0x138 ./MQXLITE/kernel/time_ticks.o
                0x0000ff1c                _time_notify_kernel
 .text._time_set_hwtick_function
                0x00010054       0x18 ./MQXLITE/kernel/time_ticks.o
                0x00010054                _time_set_hwtick_function
 .text._time_set_hwticks_per_tick
                0x0001006c       0x10 ./MQXLITE/kernel/time_ticks.o
                0x0001006c                _time_set_hwticks_per_tick
 .text.Cpu_Interrupt
                0x0001007c        0x4 ./Generated_Code/Cpu.o
                0x0001007c                Cpu_Interrupt
 .text.__init_hardware
                0x00010080      0x120 ./Generated_Code/Cpu.o
                0x00010080                __init_hardware
 .text.PE_low_level_init
                0x000101a0       0xbc ./Generated_Code/Cpu.o
                0x000101a0                PE_low_level_init
 .text.FTM_Interrupt
                0x0001025c       0x18 ./Generated_Code/FTM.o
                0x0001025c                FTM_Interrupt
 .text.FTM_Init
                0x00010274       0x7c ./Generated_Code/FTM.o
                0x00010274                FTM_Init
 .text.FTM_SetPeriodTicks
                0x000102f0       0x20 ./Generated_Code/FTM.o
                0x000102f0                FTM_SetPeriodTicks
 .text.I2C_Interrupt
                0x00010310      0x168 ./Generated_Code/I2C.o
                0x00010310                I2C_Interrupt
 .text.I2C_Init
                0x00010478       0xc8 ./Generated_Code/I2C.o
                0x00010478                I2C_Init
 .text.I2C_MasterSendBlock
                0x00010540       0xbc ./Generated_Code/I2C.o
                0x00010540                I2C_MasterSendBlock
 .text.I2C_MasterReceiveBlock
                0x000105fc       0xb8 ./Generated_Code/I2C.o
                0x000105fc                I2C_MasterReceiveBlock
 .text.I2C_SelectSlaveDevice
                0x000106b4       0x70 ./Generated_Code/I2C.o
                0x000106b4                I2C_SelectSlaveDevice
 .text.I2C_GetError
                0x00010724       0x1c ./Generated_Code/I2C.o
                0x00010724                I2C_GetError
 .text.I2C_CheckBus
                0x00010740       0x18 ./Generated_Code/I2C.o
                0x00010740                I2C_CheckBus
 .text.LED_BLUE_Init
                0x00010758       0x44 ./Generated_Code/LED_BLUE.o
                0x00010758                LED_BLUE_Init
 .text.LED_BLUE_SetVal
                0x0001079c       0x10 ./Generated_Code/LED_BLUE.o
                0x0001079c                LED_BLUE_SetVal
 .text.LED_GREEN_Init
                0x000107ac       0x40 ./Generated_Code/LED_GREEN.o
                0x000107ac                LED_GREEN_Init
 .text.LED_GREEN_SetVal
                0x000107ec        0xc ./Generated_Code/LED_GREEN.o
                0x000107ec                LED_GREEN_SetVal
 .text.LED_GREEN_NegVal
                0x000107f8        0xc ./Generated_Code/LED_GREEN.o
                0x000107f8                LED_GREEN_NegVal
 .text.LED_RED_Init
                0x00010804       0x44 ./Generated_Code/LED_RED.o
                0x00010804                LED_RED_Init
 .text.LED_RED_ClrVal
                0x00010848       0x10 ./Generated_Code/LED_RED.o
                0x00010848                LED_RED_ClrVal
 .text.LED_RED_SetVal
                0x00010858       0x10 ./Generated_Code/LED_RED.o
                0x00010858                LED_RED_SetVal
 .text.SystemTimer1_OnCounterRestart
                0x00010868        0x8 ./Generated_Code/MQX1.o
                0x00010868                SystemTimer1_OnCounterRestart
 .text.system_timer_init
                0x00010870       0x54 ./Generated_Code/MQX1.o
                0x00010870                system_timer_init
 .text.system_timer_start
                0x000108c4       0x14 ./Generated_Code/MQX1.o
                0x000108c4                system_timer_start
 .text.RNG1_Put
                0x000108d8       0x80 ./Generated_Code/RNG1.o
                0x000108d8                RNG1_Put
 .text.RNG1_Get
                0x00010958       0x84 ./Generated_Code/RNG1.o
                0x00010958                RNG1_Get
 .text.RNG1_NofElements
                0x000109dc        0xc ./Generated_Code/RNG1.o
                0x000109dc                RNG1_NofElements
 .text.RNG1_NofFreeElements
                0x000109e8       0x10 ./Generated_Code/RNG1.o
                0x000109e8                RNG1_NofFreeElements
 .text.RNG1_Init
                0x000109f8       0x1c ./Generated_Code/RNG1.o
                0x000109f8                RNG1_Init
 .text.SystemTimer1_Interrupt
                0x00010a14       0x1c ./Generated_Code/SystemTimer1.o
                0x00010a14                SystemTimer1_Interrupt
 .text.SystemTimer1_Init
                0x00010a30       0x60 ./Generated_Code/SystemTimer1.o
                0x00010a30                SystemTimer1_Init
 .text.SystemTimer1_Enable
                0x00010a90       0x14 ./Generated_Code/SystemTimer1.o
                0x00010a90                SystemTimer1_Enable
 .text.SystemTimer1_GetInputFrequency
                0x00010aa4        0x8 ./Generated_Code/SystemTimer1.o
                0x00010aa4                SystemTimer1_GetInputFrequency
 .text.SystemTimer1_GetPeriodTicks
                0x00010aac       0x14 ./Generated_Code/SystemTimer1.o
                0x00010aac                SystemTimer1_GetPeriodTicks
 .text.SystemTimer1_GetCounterValue
                0x00010ac0        0xc ./Generated_Code/SystemTimer1.o
                0x00010ac0                SystemTimer1_GetCounterValue
 .text.TestPin_KF_Time_Init
                0x00010acc       0x48 ./Generated_Code/TestPin_KF_Time.o
                0x00010acc                TestPin_KF_Time_Init
 .text.TestPin_KF_Time_ClrVal
                0x00010b14       0x10 ./Generated_Code/TestPin_KF_Time.o
                0x00010b14                TestPin_KF_Time_ClrVal
 .text.TestPin_KF_Time_SetVal
                0x00010b24       0x10 ./Generated_Code/TestPin_KF_Time.o
                0x00010b24                TestPin_KF_Time_SetVal
 .text.TestPin_MagCal_Time_Init
                0x00010b34       0x48 ./Generated_Code/TestPin_MagCal_Time.o
                0x00010b34                TestPin_MagCal_Time_Init
 .text.TestPin_MagCal_Time_ClrVal
                0x00010b7c       0x10 ./Generated_Code/TestPin_MagCal_Time.o
                0x00010b7c                TestPin_MagCal_Time_ClrVal
 .text.TestPin_MagCal_Time_SetVal
                0x00010b8c       0x10 ./Generated_Code/TestPin_MagCal_Time.o
                0x00010b8c                TestPin_MagCal_Time_SetVal
 .text.UART_Interrupt
                0x00010b9c       0xdc ./Generated_Code/UART.o
                0x00010b9c                UART_Interrupt
 .text.UART_Init
                0x00010c78      0x10c ./Generated_Code/UART.o
                0x00010c78                UART_Init
 .text.UART_ReceiveBlock
                0x00010d84       0x2c ./Generated_Code/UART.o
                0x00010d84                UART_ReceiveBlock
 .text.UART_SendBlock
                0x00010db0       0x4c ./Generated_Code/UART.o
                0x00010db0                UART_SendBlock
 .text.UART_GetTxCompleteStatus
                0x00010dfc       0x14 ./Generated_Code/UART.o
                0x00010dfc                UART_GetTxCompleteStatus
 .text.crc16    0x00010e10      0x118 ./DistantIO/crc.o
                0x00010e10                crc16
 .text.init_distantio
                0x00010f28       0x8c ./DistantIO/distantio.o
                0x00010f28                init_distantio
 .text.register_var
                0x00010fb4       0x6c ./DistantIO/distantio.o
                0x00010fb4                register_var
 .text.distantio_decode
                0x00011020      0x1e8 ./DistantIO/distantio.o
                0x00011020                distantio_decode
 .text.sinf     0x00011208       0x80 c:/freescale/kds_3.0.0/toolchain/bin/../lib/gcc/arm-none-eabi/4.8.4/../../../../arm-none-eabi/lib/armv6-m\libm.a(lib_a-sf_sin.o)
                0x00011208                sinf
 .text.acosf    0x00011288       0xa0 c:/freescale/kds_3.0.0/toolchain/bin/../lib/gcc/arm-none-eabi/4.8.4/../../../../arm-none-eabi/lib/armv6-m\libm.a(lib_a-wf_acos.o)
                0x00011288                acosf
 .text.powf     0x00011328      0x398 c:/freescale/kds_3.0.0/toolchain/bin/../lib/gcc/arm-none-eabi/4.8.4/../../../../arm-none-eabi/lib/armv6-m\libm.a(lib_a-wf_pow.o)
                0x00011328                powf
 .text.sqrtf    0x000116c0       0xb0 c:/freescale/kds_3.0.0/toolchain/bin/../lib/gcc/arm-none-eabi/4.8.4/../../../../arm-none-eabi/lib/armv6-m\libm.a(lib_a-wf_sqrt.o)
                0x000116c0                sqrtf
 .text.__ieee754_acosf
                0x00011770      0x2d4 c:/freescale/kds_3.0.0/toolchain/bin/../lib/gcc/arm-none-eabi/4.8.4/../../../../arm-none-eabi/lib/armv6-m\libm.a(lib_a-ef_acos.o)
                0x00011770                __ieee754_acosf
 .text.__ieee754_powf
                0x00011a44      0x71c c:/freescale/kds_3.0.0/toolchain/bin/../lib/gcc/arm-none-eabi/4.8.4/../../../../arm-none-eabi/lib/armv6-m\libm.a(lib_a-ef_pow.o)
                0x00011a44                __ieee754_powf
 .text.__ieee754_rem_pio2f
                0x00012160      0x2f8 c:/freescale/kds_3.0.0/toolchain/bin/../lib/gcc/arm-none-eabi/4.8.4/../../../../arm-none-eabi/lib/armv6-m\libm.a(lib_a-ef_rem_pio2.o)
                0x00012160                __ieee754_rem_pio2f
 .text.__ieee754_sqrtf
                0x00012458       0xbc c:/freescale/kds_3.0.0/toolchain/bin/../lib/gcc/arm-none-eabi/4.8.4/../../../../arm-none-eabi/lib/armv6-m\libm.a(lib_a-ef_sqrt.o)
                0x00012458                __ieee754_sqrtf
 .text.__kernel_cosf
                0x00012514      0x190 c:/freescale/kds_3.0.0/toolchain/bin/../lib/gcc/arm-none-eabi/4.8.4/../../../../arm-none-eabi/lib/armv6-m\libm.a(lib_a-kf_cos.o)
                0x00012514                __kernel_cosf
 .text.__kernel_rem_pio2f
                0x000126a4      0x6c0 c:/freescale/kds_3.0.0/toolchain/bin/../lib/gcc/arm-none-eabi/4.8.4/../../../../arm-none-eabi/lib/armv6-m\libm.a(lib_a-kf_rem_pio2.o)
                0x000126a4                __kernel_rem_pio2f
 .text.__kernel_sinf
                0x00012d64       0xf4 c:/freescale/kds_3.0.0/toolchain/bin/../lib/gcc/arm-none-eabi/4.8.4/../../../../arm-none-eabi/lib/armv6-m\libm.a(lib_a-kf_sin.o)
                0x00012d64                __kernel_sinf
 .text.matherr  0x00012e58        0x4 c:/freescale/kds_3.0.0/toolchain/bin/../lib/gcc/arm-none-eabi/4.8.4/../../../../arm-none-eabi/lib/armv6-m\libm.a(lib_a-s_matherr.o)
                0x00012e58                matherr
 *fill*         0x00012e5c        0x4 
 .text.nan      0x00012e60       0x10 c:/freescale/kds_3.0.0/toolchain/bin/../lib/gcc/arm-none-eabi/4.8.4/../../../../arm-none-eabi/lib/armv6-m\libm.a(lib_a-s_nan.o)
                0x00012e60                nan
 .text.rint     0x00012e70      0x154 c:/freescale/kds_3.0.0/toolchain/bin/../lib/gcc/arm-none-eabi/4.8.4/../../../../arm-none-eabi/lib/armv6-m\libm.a(lib_a-s_rint.o)
                0x00012e70                rint
 .text.fabsf    0x00012fc4        0x8 c:/freescale/kds_3.0.0/toolchain/bin/../lib/gcc/arm-none-eabi/4.8.4/../../../../arm-none-eabi/lib/armv6-m\libm.a(lib_a-sf_fabs.o)
                0x00012fc4                fabsf
 .text.finitef  0x00012fcc       0x14 c:/freescale/kds_3.0.0/toolchain/bin/../lib/gcc/arm-none-eabi/4.8.4/../../../../arm-none-eabi/lib/armv6-m\libm.a(lib_a-sf_finite.o)
                0x00012fcc                finitef
 .text.floorf   0x00012fe0       0x98 c:/freescale/kds_3.0.0/toolchain/bin/../lib/gcc/arm-none-eabi/4.8.4/../../../../arm-none-eabi/lib/armv6-m\libm.a(lib_a-sf_floor.o)
                0x00012fe0                floorf
 .text.__fpclassifyf
                0x00013078       0x3c c:/freescale/kds_3.0.0/toolchain/bin/../lib/gcc/arm-none-eabi/4.8.4/../../../../arm-none-eabi/lib/armv6-m\libm.a(lib_a-sf_fpclassify.o)
                0x00013078                __fpclassifyf
 .text.nanf     0x000130b4        0x8 c:/freescale/kds_3.0.0/toolchain/bin/../lib/gcc/arm-none-eabi/4.8.4/../../../../arm-none-eabi/lib/armv6-m\libm.a(lib_a-sf_nan.o)
                0x000130b4                nanf
 .text.scalbnf  0x000130bc       0xcc c:/freescale/kds_3.0.0/toolchain/bin/../lib/gcc/arm-none-eabi/4.8.4/../../../../arm-none-eabi/lib/armv6-m\libm.a(lib_a-sf_scalbn.o)
                0x000130bc                scalbnf
 .text.copysignf
                0x00013188        0xc c:/freescale/kds_3.0.0/toolchain/bin/../lib/gcc/arm-none-eabi/4.8.4/../../../../arm-none-eabi/lib/armv6-m\libm.a(lib_a-sf_copysign.o)
                0x00013188                copysignf
 .text.__errno  0x00013194        0xc c:/freescale/kds_3.0.0/toolchain/bin/../lib/gcc/arm-none-eabi/4.8.4/../../../../arm-none-eabi/lib/armv6-m\libg_s.a(lib_a-errno.o)
                0x00013194                __errno
 .text.memset   0x000131a0       0x10 c:/freescale/kds_3.0.0/toolchain/bin/../lib/gcc/arm-none-eabi/4.8.4/../../../../arm-none-eabi/lib/armv6-m\libg_s.a(lib_a-memset.o)
                0x000131a0                memset
 .text.strcpy   0x000131b0       0x10 c:/freescale/kds_3.0.0/toolchain/bin/../lib/gcc/arm-none-eabi/4.8.4/../../../../arm-none-eabi/lib/armv6-m\libg_s.a(lib_a-strcpy.o)
                0x000131b0                strcpy
 .text.strlen   0x000131c0        0xe c:/freescale/kds_3.0.0/toolchain/bin/../lib/gcc/arm-none-eabi/4.8.4/../../../../arm-none-eabi/lib/armv6-m\libg_s.a(lib_a-strlen.o)
                0x000131c0                strlen
 *(.rodata)
 *fill*         0x000131ce        0x2 
 .rodata        0x000131d0       0x40 c:/freescale/kds_3.0.0/toolchain/bin/../lib/gcc/arm-none-eabi/4.8.4/armv6-m\libgcc.a(divsf3.o)
 .rodata        0x00013210       0x40 c:/freescale/kds_3.0.0/toolchain/bin/../lib/gcc/arm-none-eabi/4.8.4/armv6-m\libgcc.a(mulsf3.o)
 .rodata        0x00013250       0x40 c:/freescale/kds_3.0.0/toolchain/bin/../lib/gcc/arm-none-eabi/4.8.4/armv6-m\libgcc.a(divdf3.o)
 *(.rodata*)
 .rodata.str1.4
                0x00013290       0x14 ./Sources/user_tasks.o
 .rodata._mem_zero
                0x000132a4       0x40 ./MQXLITE/psp/cortex_m/mem_zero.o
 .rodata.str1.4
                0x000132e4        0xf ./MQXLITE/kernel/mqx_utils.o
                                 0x10 (size before relaxing)
 *fill*         0x000132f3        0x1 
 .rodata._mqx_path
                0x000132f4        0x4 ./MQXLITE/kernel/mqxlite.o
                0x000132f4                _mqx_path
 .rodata._mqx_vendor
                0x000132f8        0x4 ./MQXLITE/kernel/mqxlite.o
                0x000132f8                _mqx_vendor
 .rodata._mqxlite_version_number
                0x000132fc        0x4 ./MQXLITE/kernel/mqxlite.o
                0x000132fc                _mqxlite_version_number
 .rodata._mqx_version_number
                0x00013300        0x4 ./MQXLITE/kernel/mqxlite.o
                0x00013300                _mqx_version_number
 .rodata.str1.4
                0x00013304       0xda ./MQXLITE/kernel/mqxlite.o
                                 0xdc (size before relaxing)
 *fill*         0x000133de        0x2 
 .rodata.str1.4
                0x000133e0       0x23 ./MQXLITE/config/task_template_list.o
                                 0x24 (size before relaxing)
 *fill*         0x00013403        0x1 
 .rodata.MQX_template_list
                0x00013404       0x8c ./MQXLITE/config/task_template_list.o
                0x00013404                MQX_template_list
 .rodata.MQX_init_struct
                0x00013490       0x24 ./Generated_Code/MQX1.o
                0x00013490                MQX_init_struct
 .rodata.str1.4
                0x000134b4        0x9 ./DistantIO/distantio.o
                                  0xc (size before relaxing)
 *fill*         0x000134bd        0x3 
 .rodata.str1.4
                0x000134c0        0x6 c:/freescale/kds_3.0.0/toolchain/bin/../lib/gcc/arm-none-eabi/4.8.4/../../../../arm-none-eabi/lib/armv6-m\libm.a(lib_a-wf_acos.o)
                                  0xc (size before relaxing)
 *fill*         0x000134c6        0x2 
 .rodata.str1.4
                0x000134c8        0x5 c:/freescale/kds_3.0.0/toolchain/bin/../lib/gcc/arm-none-eabi/4.8.4/../../../../arm-none-eabi/lib/armv6-m\libm.a(lib_a-wf_pow.o)
                                  0x8 (size before relaxing)
 *fill*         0x000134cd        0x3 
 .rodata.str1.4
                0x000134d0        0x8 c:/freescale/kds_3.0.0/toolchain/bin/../lib/gcc/arm-none-eabi/4.8.4/../../../../arm-none-eabi/lib/armv6-m\libm.a(lib_a-wf_sqrt.o)
 .rodata.dp_h   0x000134d8        0x8 c:/freescale/kds_3.0.0/toolchain/bin/../lib/gcc/arm-none-eabi/4.8.4/../../../../arm-none-eabi/lib/armv6-m\libm.a(lib_a-ef_pow.o)
 .rodata.dp_l   0x000134e0        0x8 c:/freescale/kds_3.0.0/toolchain/bin/../lib/gcc/arm-none-eabi/4.8.4/../../../../arm-none-eabi/lib/armv6-m\libm.a(lib_a-ef_pow.o)
 .rodata.bp     0x000134e8        0x8 c:/freescale/kds_3.0.0/toolchain/bin/../lib/gcc/arm-none-eabi/4.8.4/../../../../arm-none-eabi/lib/armv6-m\libm.a(lib_a-ef_pow.o)
 .rodata.str1.4
                0x00000000        0x4 c:/freescale/kds_3.0.0/toolchain/bin/../lib/gcc/arm-none-eabi/4.8.4/../../../../arm-none-eabi/lib/armv6-m\libm.a(lib_a-ef_pow.o)
 .rodata.npio2_hw
                0x000134f0       0x80 c:/freescale/kds_3.0.0/toolchain/bin/../lib/gcc/arm-none-eabi/4.8.4/../../../../arm-none-eabi/lib/armv6-m\libm.a(lib_a-ef_rem_pio2.o)
 .rodata.two_over_pi
                0x00013570      0x318 c:/freescale/kds_3.0.0/toolchain/bin/../lib/gcc/arm-none-eabi/4.8.4/../../../../arm-none-eabi/lib/armv6-m\libm.a(lib_a-ef_rem_pio2.o)
 .rodata.init_jk
                0x00013888        0xc c:/freescale/kds_3.0.0/toolchain/bin/../lib/gcc/arm-none-eabi/4.8.4/../../../../arm-none-eabi/lib/armv6-m\libm.a(lib_a-kf_rem_pio2.o)
 .rodata.PIo2   0x00013894       0x2c c:/freescale/kds_3.0.0/toolchain/bin/../lib/gcc/arm-none-eabi/4.8.4/../../../../arm-none-eabi/lib/armv6-m\libm.a(lib_a-kf_rem_pio2.o)
 .rodata.TWO52  0x000138c0       0x10 c:/freescale/kds_3.0.0/toolchain/bin/../lib/gcc/arm-none-eabi/4.8.4/../../../../arm-none-eabi/lib/armv6-m\libm.a(lib_a-s_rint.o)
 .rodata.str1.1
                0x000138d0        0x2 c:/freescale/kds_3.0.0/toolchain/bin/../lib/gcc/arm-none-eabi/4.8.4/../../../../arm-none-eabi/lib/armv6-m\libg_s.a(lib_a-impure.o)
 *fill*         0x000138d2        0x2 
 .rodata.__sf_fake_stdin
                0x000138d4       0x20 c:/freescale/kds_3.0.0/toolchain/bin/../lib/gcc/arm-none-eabi/4.8.4/../../../../arm-none-eabi/lib/armv6-m\libg_s.a(lib_a-findfp.o)
                0x000138d4                __sf_fake_stdin
 .rodata.__sf_fake_stdout
                0x000138f4       0x20 c:/freescale/kds_3.0.0/toolchain/bin/../lib/gcc/arm-none-eabi/4.8.4/../../../../arm-none-eabi/lib/armv6-m\libg_s.a(lib_a-findfp.o)
                0x000138f4                __sf_fake_stdout
 .rodata.__sf_fake_stderr
                0x00013914       0x20 c:/freescale/kds_3.0.0/toolchain/bin/../lib/gcc/arm-none-eabi/4.8.4/../../../../arm-none-eabi/lib/armv6-m\libg_s.a(lib_a-findfp.o)
                0x00013914                __sf_fake_stderr
 *(.glue_7)
 .glue_7        0x00000000        0x0 linker stubs
 *(.glue_7t)
 .glue_7t       0x00000000        0x0 linker stubs
 *(.eh_frame)
 .eh_frame      0x00013934        0x0 c:/freescale/kds_3.0.0/toolchain/bin/../lib/gcc/arm-none-eabi/4.8.4/armv6-m/crtbegin.o
 *(.init)
 .init          0x00013934        0x4 c:/freescale/kds_3.0.0/toolchain/bin/../lib/gcc/arm-none-eabi/4.8.4/armv6-m/crti.o
                0x00013934                _init
 .init          0x00013938        0x8 c:/freescale/kds_3.0.0/toolchain/bin/../lib/gcc/arm-none-eabi/4.8.4/armv6-m/crtn.o
 *(.fini)
 .fini          0x00013940        0x4 c:/freescale/kds_3.0.0/toolchain/bin/../lib/gcc/arm-none-eabi/4.8.4/armv6-m/crti.o
                0x00013940                _fini
 .fini          0x00013944        0x8 c:/freescale/kds_3.0.0/toolchain/bin/../lib/gcc/arm-none-eabi/4.8.4/armv6-m/crtn.o
                0x0001394c                . = ALIGN (0x4)
 *(KERNEL)
 KERNEL         0x0001394c      0x278 ./MQXLITE/psp/cortex_m/core/M0/dispatch.o
                0x0001394c                _sched_start_internal
                0x00013952                _sched_run_internal
                0x00013958                _sched_check_scheduler_internal
                0x00013970                _sched_execute_scheduler_internal
                0x00013a38                _mqx_api_call
                0x00013a3a                _task_block
                0x00013a82                _int_kernel_isr
                0x00013b2c                _psp_exception_return
                0x00013b64                _mem_test_and_set
                0x00013b7a                __get_PSP
                0x00013b80                __get_MSP
                0x00013b86                __set_MSP
                0x00013b8c                __get_PSR
                0x00013b92                __enable_interrupt
                0x00013b96                __disable_interrupt
                0x00013b9a                __get_LR
                0x00013b9e                __get_PC
                0x00013ba2                __get_CONTROL
                0x00000000                __VECTOR_TABLE_START = __vector_table
                0x00013bc4                . = ALIGN (0x4)
 *(.rdata)
                0x00013bc4                . = ALIGN (0x4)
 *(.exception)
                0x00013bc4                . = ALIGN (0x4)
                0x00013bc4                __exception_table_start__ = .
                0x00013bc4                __exception_table_end__ = .
                0x00013bc4                __sinit__ = .
                0x00013bc4                _etext = .

.vfp11_veneer   0x00013bc4        0x0
 .vfp11_veneer  0x00000000        0x0 linker stubs

.v4_bx          0x00013bc4        0x0
 .v4_bx         0x00000000        0x0 linker stubs

.iplt           0x00013bc4        0x0
 .iplt          0x00000000        0x0 c:/freescale/kds_3.0.0/toolchain/bin/../lib/gcc/arm-none-eabi/4.8.4/armv6-m/crtbegin.o

.rel.dyn        0x00013bc4        0x0
 .rel.iplt      0x00000000        0x0 c:/freescale/kds_3.0.0/toolchain/bin/../lib/gcc/arm-none-eabi/4.8.4/armv6-m/crtbegin.o

.ARM.extab
 *(.ARM.extab* .gnu.linkonce.armextab.*)

.ARM            0x00013bc4        0x0
                0x00013bc4                __exidx_start = .
 *(.ARM.exidx*)
                0x00013bc4                __exidx_end = .

.ctors          0x00013bc4        0x0
                0x00013bc4                __CTOR_LIST__ = .
 *crtbegin.o(.ctors)
 *(EXCLUDE_FILE(*crtend.o) .ctors)
 *(SORT(.ctors.*))
 *(.ctors)
                0x00013bc4                __CTOR_END__ = .

.dtors          0x00013bc4        0x0
                0x00013bc4                __DTOR_LIST__ = .
 *crtbegin.o(.dtors)
 *(EXCLUDE_FILE(*crtend.o) .dtors)
 *(SORT(.dtors.*))
 *(.dtors)
                0x00013bc4                __DTOR_END__ = .

.preinit_array  0x00013bc4        0x0
                0x00013bc4                PROVIDE (__preinit_array_start, .)
 *(.preinit_array*)
                0x00013bc4                PROVIDE (__preinit_array_end, .)

.init_array     0x00013bc4        0x4
                0x00013bc4                PROVIDE (__init_array_start, .)
 *(SORT(.init_array.*))
 *(.init_array*)
 .init_array    0x00013bc4        0x4 c:/freescale/kds_3.0.0/toolchain/bin/../lib/gcc/arm-none-eabi/4.8.4/armv6-m/crtbegin.o
                0x00013bc8                PROVIDE (__init_array_end, .)

.fini_array     0x00013bc8        0x4
                0x00013bc8                PROVIDE (__fini_array_start, .)
 *(SORT(.fini_array.*))
 *(.fini_array*)
 .fini_array    0x00013bc8        0x4 c:/freescale/kds_3.0.0/toolchain/bin/../lib/gcc/arm-none-eabi/4.8.4/armv6-m/crtbegin.o
                0x00013bcc                PROVIDE (__fini_array_end, .)
                0x00013bcc                ___ROM_AT = .

.mtb            0x1fffe000        0x0
                0x1fffe000                . = ALIGN (0x8)
                0x1fffe000                _mtb_start = .
 *(.mtb_buf)
                0x1fffe000                . = ALIGN (0x8)
                0x1fffe000                _mtb_end = .

.data           0x1fffe000       0x80 load address 0x00013bcc
                0x1fffe000                . = ALIGN (0x4)
                0x1fffe000                _sdata = .
 *(.data)
 *(.data*)
 .data._mqx_kernel_data
                0x1fffe000        0x4 ./MQXLITE/kernel/mqxlite.o
                0x1fffe000                _mqx_kernel_data
 .data.mqx_task_stack_pointers
                0x1fffe004       0x14 ./Generated_Code/MQX1.o
                0x1fffe004                mqx_task_stack_pointers
 .data.__fdlib_version
                0x1fffe018        0x1 c:/freescale/kds_3.0.0/toolchain/bin/../lib/gcc/arm-none-eabi/4.8.4/../../../../arm-none-eabi/lib/armv6-m\libm.a(lib_a-s_lib_ver.o)
                0x1fffe018                __fdlib_version
 *fill*         0x1fffe019        0x3 
 .data.impure_data
                0x1fffe01c       0x60 c:/freescale/kds_3.0.0/toolchain/bin/../lib/gcc/arm-none-eabi/4.8.4/../../../../arm-none-eabi/lib/armv6-m\libg_s.a(lib_a-impure.o)
 .data._impure_ptr
                0x1fffe07c        0x4 c:/freescale/kds_3.0.0/toolchain/bin/../lib/gcc/arm-none-eabi/4.8.4/../../../../arm-none-eabi/lib/armv6-m\libg_s.a(lib_a-impure.o)
                0x1fffe07c                _impure_ptr
                0x1fffe080                . = ALIGN (0x4)
                0x1fffe080                _edata = .
                0x00000080                ___data_size = (_edata - _sdata)

.jcr            0x1fffe080        0x0 load address 0x00013c4c
 .jcr           0x1fffe080        0x0 c:/freescale/kds_3.0.0/toolchain/bin/../lib/gcc/arm-none-eabi/4.8.4/armv6-m/crtbegin.o

.igot.plt       0x1fffe080        0x0 load address 0x00013c4c
 .igot.plt      0x00000000        0x0 c:/freescale/kds_3.0.0/toolchain/bin/../lib/gcc/arm-none-eabi/4.8.4/armv6-m/crtbegin.o
                0x1fffe080                . = ALIGN (0x4)

.bss            0x1fffe080     0x3d68 load address 0x00013c4c
                0x1fffe080                __START_BSS = .
                0x1fffe080                PROVIDE (__bss_start__, __START_BSS)
 *(.bss)
 .bss           0x1fffe080       0x1c c:/freescale/kds_3.0.0/toolchain/bin/../lib/gcc/arm-none-eabi/4.8.4/armv6-m/crtbegin.o
 *(.bss*)
 .bss.iCounter.8761
                0x1fffe09c        0x1 ./Sources/tasks.o
 *fill*         0x1fffe09d        0x3 
 .bss.deviceData
                0x1fffe0a0        0xc ./Sources/user_tasks.o
 .bss.decodingBuffer.6767
                0x1fffe0ac      0x100 ./SerialProtocol/protocol.o
 .bss.argv      0x1fffe1ac       0x28 ./Project_Settings/Startup_Code/startup.o
 .bss.SR_lock   0x1fffe1d4        0x1 ./Generated_Code/Cpu.o
                0x1fffe1d4                SR_lock
 *fill*         0x1fffe1d5        0x3 
 .bss.DeviceDataPrv__DEFAULT_RTOS_ALLOC
                0x1fffe1d8        0xc ./Generated_Code/FTM.o
 .bss.DeviceDataPrv__DEFAULT_RTOS_ALLOC
                0x1fffe1e4       0x24 ./Generated_Code/I2C.o
 .bss.DeviceDataPrv__DEFAULT_RTOS_ALLOC
                0x1fffe208        0x4 ./Generated_Code/LED_BLUE.o
 .bss.DeviceDataPrv__DEFAULT_RTOS_ALLOC
                0x1fffe20c        0x4 ./Generated_Code/LED_GREEN.o
 .bss.DeviceDataPrv__DEFAULT_RTOS_ALLOC
                0x1fffe210        0x4 ./Generated_Code/LED_RED.o
 .bss.SystemTimerDeviceDataPtr
                0x1fffe214        0x4 ./Generated_Code/MQX1.o
 .bss.PE_LDD_DeviceDataList
                0x1fffe218       0x24 ./Generated_Code/PE_LDD.o
                0x1fffe218                PE_LDD_DeviceDataList
 .bss.RNG1_inIdx
                0x1fffe23c        0x1 ./Generated_Code/RNG1.o
 *fill*         0x1fffe23d        0x3 
 .bss.RNG1_buffer
                0x1fffe240       0x40 ./Generated_Code/RNG1.o
 .bss.RNG1_inSize
                0x1fffe280        0x1 ./Generated_Code/RNG1.o
 .bss.RNG1_outIdx
                0x1fffe281        0x1 ./Generated_Code/RNG1.o
 *fill*         0x1fffe282        0x2 
 .bss.DeviceDataPrv__DEFAULT_RTOS_ALLOC
                0x1fffe284        0xc ./Generated_Code/SystemTimer1.o
 .bss.DeviceDataPrv__DEFAULT_RTOS_ALLOC
                0x1fffe290        0x4 ./Generated_Code/TestPin_KF_Time.o
 .bss.DeviceDataPrv__DEFAULT_RTOS_ALLOC
                0x1fffe294        0x4 ./Generated_Code/TestPin_MagCal_Time.o
 .bss.DeviceDataPrv__DEFAULT_RTOS_ALLOC
                0x1fffe298       0x20 ./Generated_Code/UART.o
 .bss.buffer.7025
                0x1fffe2b8       0x10 ./DistantIO/distantio.o
 *(COMMON)
 COMMON         0x1fffe2c8      0x134 ./Sources/drivers.o
                0x1fffe2c8                I2C_Buf
                0x1fffe2d8                iCommand
                0x1fffe2dc                sUARTOutputBuf
                0x1fffe3dc                sUARTInputBuf
 COMMON         0x1fffe3fc       0x8c ./Sources/mqx_tasks.o
                0x1fffe3fc                mqxglobals
                0x1fffe478                globals
 COMMON         0x1fffe488     0x1fc0 ./Sources/tasks.o
                0x1fffe488                thisSV_1DOF_P_BASIC
                0x1fffe4a0                thisAccel
                0x1fffe4d4                thisSV_3DOF_B_BASIC
                0x1fffe578                thisMagBuffer
                0x1ffff0d0                thisSV_3DOF_G_BASIC
                0x1ffff174                thisPressure
                0x1ffff190                thisSV_6DOF_GB_BASIC
                0x1ffff23c                thisMagCal
                0x1ffff654                thisGyro
                0x1ffff6a8                thisSV_9DOF_GBY_KALMAN
                0x1ffffee0                thisSV_6DOF_GY_KALMAN
                0x20000370                thisMag
                0x200003c8                thisSV_3DOF_Y_BASIC
 COMMON         0x20000448        0x4 ./Sources/user_tasks.o
                0x20000448                counter
 COMMON         0x2000044c        0x7 ./SerialProtocol/protocol.o
                0x2000044c                decodingIndex
                0x2000044e                protocol_state
                0x2000044f                escape_state
                0x20000450                ESC_
                0x20000451                EOF_
                0x20000452                SOF_
 *fill*         0x20000453        0x1 
 COMMON         0x20000454        0x4 ./MQXLITE/kernel/task.o
                0x20000454                _tad_task_at_flag
 COMMON         0x20000458        0x1 ./Generated_Code/Cpu.o
                0x20000458                SR_reg
 *fill*         0x20000459        0x3 
 COMMON         0x2000045c     0x15fc ./Generated_Code/MQX1.o
                0x2000045c                Main_task_stack
                0x200006e8                RdSensData_task_stack
                0x20000b74                _mqx_kernel_data_struct
                0x20000dc8                mqx_interrupt_stack
                0x20000ed8                mqx_static_ready_queue
                0x20000fa8                mqx_static_isr_table
                0x20001110                mqx_idle_task_stack
                0x20001240                Fusion_task_stack
                0x200016cc                MagCal_task_stack
 COMMON         0x20001a58      0x390 ./DistantIO/distantio.o
                0x20001a58                tmp
                0x20001a5c                current_group_id
                0x20001a60                Log
                0x20001de8                . = ALIGN (0x4)
                0x20001de8                __END_BSS = .
                0x20001de8                PROVIDE (__bss_end__, __END_BSS)
                0x00013c4c                _romp_at = (___ROM_AT + SIZEOF (.data))

.romp           0x20001de8       0x18 load address 0x00013c4c
                0x00013c4c                __S_romp = _romp_at
                0x20001de8        0x4 LONG 0x13bcc ___ROM_AT
                0x20001dec        0x4 LONG 0x1fffe000 _sdata
                0x20001df0        0x4 LONG 0x80 ___data_size
                0x20001df4        0x4 LONG 0x0
                0x20001df8        0x4 LONG 0x0
                0x20001dfc        0x4 LONG 0x0

._user_heap_stack
                0x20001e00      0x400 load address 0x00013c64
                0x20001e00                . = ALIGN (0x4)
                0x20001e00                PROVIDE (end, .)
                0x20001e00                PROVIDE (_end, .)
                0x20001e00                __heap_addr = .
                0x20001e00                __HeapBase = .
                0x20001e00                . = (. + __heap_size)
                0x20001e00                __HeapLimit = .
                0x20002200                . = (. + __stack_size)
 *fill*         0x20001e00      0x400 
                0x20002200                . = ALIGN (0x4)

.ARM.attributes
                0x00000000       0x28
 *(.ARM.attributes)
 .ARM.attributes
                0x00000000       0x1e c:/freescale/kds_3.0.0/toolchain/bin/../lib/gcc/arm-none-eabi/4.8.4/armv6-m/crti.o
 .ARM.attributes
                0x0000001e       0x2c c:/freescale/kds_3.0.0/toolchain/bin/../lib/gcc/arm-none-eabi/4.8.4/armv6-m/crtbegin.o
 .ARM.attributes
                0x0000004a       0x32 ./Sources/Events.o
 .ARM.attributes
                0x0000007c       0x32 ./Sources/approximations.o
 .ARM.attributes
                0x000000ae       0x32 ./Sources/drivers.o
 .ARM.attributes
                0x000000e0       0x32 ./Sources/fusion.o
 .ARM.attributes
                0x00000112       0x32 ./Sources/magnetic.o
 .ARM.attributes
                0x00000144       0x32 ./Sources/main.o
 .ARM.attributes
                0x00000176       0x32 ./Sources/matrix.o
 .ARM.attributes
                0x000001a8       0x32 ./Sources/mqx_tasks.o
 .ARM.attributes
                0x000001da       0x32 ./Sources/orientation.o
 .ARM.attributes
                0x0000020c       0x32 ./Sources/tasks.o
 .ARM.attributes
                0x0000023e       0x32 ./Sources/user_tasks.o
 .ARM.attributes
                0x00000270       0x32 ./SerialProtocol/functions.o
 .ARM.attributes
                0x000002a2       0x32 ./SerialProtocol/protocol.o
 .ARM.attributes
                0x000002d4       0x32 ./Project_Settings/Startup_Code/startup.o
 .ARM.attributes
                0x00000306       0x22 ./MQXLITE/psp/cortex_m/core/M0/boot.o
 .ARM.attributes
                0x00000328       0x22 ./MQXLITE/psp/cortex_m/core/M0/dispatch.o
 .ARM.attributes
                0x0000034a       0x32 ./MQXLITE/psp/cortex_m/int_inst.o
 .ARM.attributes
                0x0000037c       0x32 ./MQXLITE/psp/cortex_m/int_vtab.o
 .ARM.attributes
                0x000003ae       0x32 ./MQXLITE/psp/cortex_m/mem_zero.o
 .ARM.attributes
                0x000003e0       0x32 ./MQXLITE/psp/cortex_m/psp_iinit.o
 .ARM.attributes
                0x00000412       0x32 ./MQXLITE/psp/cortex_m/psp_tiad.o
 .ARM.attributes
                0x00000444       0x32 ./MQXLITE/psp/cortex_m/psp_tinm.o
 .ARM.attributes
                0x00000476       0x32 ./MQXLITE/psp/cortex_m/sc_irdyq.o
 .ARM.attributes
                0x000004a8       0x32 ./MQXLITE/psp/cortex_m/stack_bu.o
 .ARM.attributes
                0x000004da       0x32 ./MQXLITE/psp/cortex_m/stack_de.o
 .ARM.attributes
                0x0000050c       0x32 ./MQXLITE/kernel/idletask.o
 .ARM.attributes
                0x0000053e       0x32 ./MQXLITE/kernel/int.o
 .ARM.attributes
                0x00000570       0x32 ./MQXLITE/kernel/lwevent.o
 .ARM.attributes
                0x000005a2       0x32 ./MQXLITE/kernel/lwsem.o
 .ARM.attributes
                0x000005d4       0x32 ./MQXLITE/kernel/mqx_utils.o
 .ARM.attributes
                0x00000606       0x32 ./MQXLITE/kernel/mqxlite.o
 .ARM.attributes
                0x00000638       0x32 ./MQXLITE/kernel/task.o
 .ARM.attributes
                0x0000066a       0x32 ./MQXLITE/kernel/time_ticks.o
 .ARM.attributes
                0x0000069c       0x32 ./MQXLITE/config/task_template_list.o
 .ARM.attributes
                0x000006ce       0x32 ./Generated_Code/Cpu.o
 .ARM.attributes
                0x00000700       0x32 ./Generated_Code/FTM.o
 .ARM.attributes
                0x00000732       0x32 ./Generated_Code/I2C.o
 .ARM.attributes
                0x00000764       0x32 ./Generated_Code/LED_BLUE.o
 .ARM.attributes
                0x00000796       0x32 ./Generated_Code/LED_GREEN.o
 .ARM.attributes
                0x000007c8       0x32 ./Generated_Code/LED_RED.o
 .ARM.attributes
                0x000007fa       0x32 ./Generated_Code/MQX1.o
 .ARM.attributes
                0x0000082c       0x32 ./Generated_Code/PE_LDD.o
 .ARM.attributes
                0x0000085e       0x32 ./Generated_Code/RNG1.o
 .ARM.attributes
                0x00000890       0x32 ./Generated_Code/SystemTimer1.o
 .ARM.attributes
                0x000008c2       0x32 ./Generated_Code/TestPin_KF_Time.o
 .ARM.attributes
                0x000008f4       0x32 ./Generated_Code/TestPin_MagCal_Time.o
 .ARM.attributes
                0x00000926       0x32 ./Generated_Code/UART.o
 .ARM.attributes
                0x00000958       0x32 ./Generated_Code/Vectors.o
 .ARM.attributes
                0x0000098a       0x32 ./DistantIO/crc.o
 .ARM.attributes
                0x000009bc       0x32 ./DistantIO/distantio.o
 .ARM.attributes
                0x000009ee       0x2c c:/freescale/kds_3.0.0/toolchain/bin/../lib/gcc/arm-none-eabi/4.8.4/../../../../arm-none-eabi/lib/armv6-m\libm.a(lib_a-sf_sin.o)
 .ARM.attributes
                0x00000a1a       0x2c c:/freescale/kds_3.0.0/toolchain/bin/../lib/gcc/arm-none-eabi/4.8.4/../../../../arm-none-eabi/lib/armv6-m\libm.a(lib_a-wf_acos.o)
 .ARM.attributes
                0x00000a46       0x2c c:/freescale/kds_3.0.0/toolchain/bin/../lib/gcc/arm-none-eabi/4.8.4/../../../../arm-none-eabi/lib/armv6-m\libm.a(lib_a-wf_pow.o)
 .ARM.attributes
                0x00000a72       0x2c c:/freescale/kds_3.0.0/toolchain/bin/../lib/gcc/arm-none-eabi/4.8.4/../../../../arm-none-eabi/lib/armv6-m\libm.a(lib_a-wf_sqrt.o)
 .ARM.attributes
                0x00000a9e       0x2c c:/freescale/kds_3.0.0/toolchain/bin/../lib/gcc/arm-none-eabi/4.8.4/../../../../arm-none-eabi/lib/armv6-m\libm.a(lib_a-ef_acos.o)
 .ARM.attributes
                0x00000aca       0x2c c:/freescale/kds_3.0.0/toolchain/bin/../lib/gcc/arm-none-eabi/4.8.4/../../../../arm-none-eabi/lib/armv6-m\libm.a(lib_a-ef_pow.o)
 .ARM.attributes
                0x00000af6       0x2c c:/freescale/kds_3.0.0/toolchain/bin/../lib/gcc/arm-none-eabi/4.8.4/../../../../arm-none-eabi/lib/armv6-m\libm.a(lib_a-ef_rem_pio2.o)
 .ARM.attributes
                0x00000b22       0x2c c:/freescale/kds_3.0.0/toolchain/bin/../lib/gcc/arm-none-eabi/4.8.4/../../../../arm-none-eabi/lib/armv6-m\libm.a(lib_a-ef_sqrt.o)
 .ARM.attributes
                0x00000b4e       0x2c c:/freescale/kds_3.0.0/toolchain/bin/../lib/gcc/arm-none-eabi/4.8.4/../../../../arm-none-eabi/lib/armv6-m\libm.a(lib_a-kf_cos.o)
 .ARM.attributes
                0x00000b7a       0x2c c:/freescale/kds_3.0.0/toolchain/bin/../lib/gcc/arm-none-eabi/4.8.4/../../../../arm-none-eabi/lib/armv6-m\libm.a(lib_a-kf_rem_pio2.o)
 .ARM.attributes
                0x00000ba6       0x2c c:/freescale/kds_3.0.0/toolchain/bin/../lib/gcc/arm-none-eabi/4.8.4/../../../../arm-none-eabi/lib/armv6-m\libm.a(lib_a-kf_sin.o)
 .ARM.attributes
                0x00000bd2       0x2c c:/freescale/kds_3.0.0/toolchain/bin/../lib/gcc/arm-none-eabi/4.8.4/../../../../arm-none-eabi/lib/armv6-m\libm.a(lib_a-s_lib_ver.o)
 .ARM.attributes
                0x00000bfe       0x2c c:/freescale/kds_3.0.0/toolchain/bin/../lib/gcc/arm-none-eabi/4.8.4/../../../../arm-none-eabi/lib/armv6-m\libm.a(lib_a-s_matherr.o)
 .ARM.attributes
                0x00000c2a       0x2c c:/freescale/kds_3.0.0/toolchain/bin/../lib/gcc/arm-none-eabi/4.8.4/../../../../arm-none-eabi/lib/armv6-m\libm.a(lib_a-s_nan.o)
 .ARM.attributes
                0x00000c56       0x2c c:/freescale/kds_3.0.0/toolchain/bin/../lib/gcc/arm-none-eabi/4.8.4/../../../../arm-none-eabi/lib/armv6-m\libm.a(lib_a-s_rint.o)
 .ARM.attributes
                0x00000c82       0x2c c:/freescale/kds_3.0.0/toolchain/bin/../lib/gcc/arm-none-eabi/4.8.4/../../../../arm-none-eabi/lib/armv6-m\libm.a(lib_a-sf_fabs.o)
 .ARM.attributes
                0x00000cae       0x2c c:/freescale/kds_3.0.0/toolchain/bin/../lib/gcc/arm-none-eabi/4.8.4/../../../../arm-none-eabi/lib/armv6-m\libm.a(lib_a-sf_finite.o)
 .ARM.attributes
                0x00000cda       0x2c c:/freescale/kds_3.0.0/toolchain/bin/../lib/gcc/arm-none-eabi/4.8.4/../../../../arm-none-eabi/lib/armv6-m\libm.a(lib_a-sf_floor.o)
 .ARM.attributes
                0x00000d06       0x2c c:/freescale/kds_3.0.0/toolchain/bin/../lib/gcc/arm-none-eabi/4.8.4/../../../../arm-none-eabi/lib/armv6-m\libm.a(lib_a-sf_fpclassify.o)
 .ARM.attributes
                0x00000d32       0x2c c:/freescale/kds_3.0.0/toolchain/bin/../lib/gcc/arm-none-eabi/4.8.4/../../../../arm-none-eabi/lib/armv6-m\libm.a(lib_a-sf_nan.o)
 .ARM.attributes
                0x00000d5e       0x2c c:/freescale/kds_3.0.0/toolchain/bin/../lib/gcc/arm-none-eabi/4.8.4/../../../../arm-none-eabi/lib/armv6-m\libm.a(lib_a-sf_scalbn.o)
 .ARM.attributes
                0x00000d8a       0x2c c:/freescale/kds_3.0.0/toolchain/bin/../lib/gcc/arm-none-eabi/4.8.4/../../../../arm-none-eabi/lib/armv6-m\libm.a(lib_a-sf_copysign.o)
 .ARM.attributes
                0x00000db6       0x1e c:/freescale/kds_3.0.0/toolchain/bin/../lib/gcc/arm-none-eabi/4.8.4/armv6-m\libgcc.a(_udivsi3.o)
 .ARM.attributes
                0x00000dd4       0x1e c:/freescale/kds_3.0.0/toolchain/bin/../lib/gcc/arm-none-eabi/4.8.4/armv6-m\libgcc.a(_divsi3.o)
 .ARM.attributes
                0x00000df2       0x1e c:/freescale/kds_3.0.0/toolchain/bin/../lib/gcc/arm-none-eabi/4.8.4/armv6-m\libgcc.a(_dvmd_tls.o)
 .ARM.attributes
                0x00000e10       0x1e c:/freescale/kds_3.0.0/toolchain/bin/../lib/gcc/arm-none-eabi/4.8.4/armv6-m\libgcc.a(_arm_cmpdf2.o)
 .ARM.attributes
                0x00000e2e       0x1e c:/freescale/kds_3.0.0/toolchain/bin/../lib/gcc/arm-none-eabi/4.8.4/armv6-m\libgcc.a(_arm_cmpsf2.o)
 .ARM.attributes
                0x00000e4c       0x2c c:/freescale/kds_3.0.0/toolchain/bin/../lib/gcc/arm-none-eabi/4.8.4/armv6-m\libgcc.a(addsf3.o)
 .ARM.attributes
                0x00000e78       0x2c c:/freescale/kds_3.0.0/toolchain/bin/../lib/gcc/arm-none-eabi/4.8.4/armv6-m\libgcc.a(divsf3.o)
 .ARM.attributes
                0x00000ea4       0x2c c:/freescale/kds_3.0.0/toolchain/bin/../lib/gcc/arm-none-eabi/4.8.4/armv6-m\libgcc.a(eqsf2.o)
 .ARM.attributes
                0x00000ed0       0x2c c:/freescale/kds_3.0.0/toolchain/bin/../lib/gcc/arm-none-eabi/4.8.4/armv6-m\libgcc.a(gesf2.o)
 .ARM.attributes
                0x00000efc       0x2c c:/freescale/kds_3.0.0/toolchain/bin/../lib/gcc/arm-none-eabi/4.8.4/armv6-m\libgcc.a(lesf2.o)
 .ARM.attributes
                0x00000f28       0x2c c:/freescale/kds_3.0.0/toolchain/bin/../lib/gcc/arm-none-eabi/4.8.4/armv6-m\libgcc.a(mulsf3.o)
 .ARM.attributes
                0x00000f54       0x2c c:/freescale/kds_3.0.0/toolchain/bin/../lib/gcc/arm-none-eabi/4.8.4/armv6-m\libgcc.a(subsf3.o)
 .ARM.attributes
                0x00000f80       0x2c c:/freescale/kds_3.0.0/toolchain/bin/../lib/gcc/arm-none-eabi/4.8.4/armv6-m\libgcc.a(fixsfsi.o)
 .ARM.attributes
                0x00000fac       0x2c c:/freescale/kds_3.0.0/toolchain/bin/../lib/gcc/arm-none-eabi/4.8.4/armv6-m\libgcc.a(floatsisf.o)
 .ARM.attributes
                0x00000fd8       0x2c c:/freescale/kds_3.0.0/toolchain/bin/../lib/gcc/arm-none-eabi/4.8.4/armv6-m\libgcc.a(adddf3.o)
 .ARM.attributes
                0x00001004       0x2c c:/freescale/kds_3.0.0/toolchain/bin/../lib/gcc/arm-none-eabi/4.8.4/armv6-m\libgcc.a(divdf3.o)
 .ARM.attributes
                0x00001030       0x2c c:/freescale/kds_3.0.0/toolchain/bin/../lib/gcc/arm-none-eabi/4.8.4/armv6-m\libgcc.a(eqdf2.o)
 .ARM.attributes
                0x0000105c       0x2c c:/freescale/kds_3.0.0/toolchain/bin/../lib/gcc/arm-none-eabi/4.8.4/armv6-m\libgcc.a(gedf2.o)
 .ARM.attributes
                0x00001088       0x2c c:/freescale/kds_3.0.0/toolchain/bin/../lib/gcc/arm-none-eabi/4.8.4/armv6-m\libgcc.a(ledf2.o)
 .ARM.attributes
                0x000010b4       0x2c c:/freescale/kds_3.0.0/toolchain/bin/../lib/gcc/arm-none-eabi/4.8.4/armv6-m\libgcc.a(subdf3.o)
 .ARM.attributes
                0x000010e0       0x2c c:/freescale/kds_3.0.0/toolchain/bin/../lib/gcc/arm-none-eabi/4.8.4/armv6-m\libgcc.a(extendsfdf2.o)
 .ARM.attributes
                0x0000110c       0x2c c:/freescale/kds_3.0.0/toolchain/bin/../lib/gcc/arm-none-eabi/4.8.4/armv6-m\libgcc.a(truncdfsf2.o)
 .ARM.attributes
                0x00001138       0x1e c:/freescale/kds_3.0.0/toolchain/bin/../lib/gcc/arm-none-eabi/4.8.4/armv6-m\libgcc.a(_clzsi2.o)
 .ARM.attributes
                0x00001156       0x2c c:/freescale/kds_3.0.0/toolchain/bin/../lib/gcc/arm-none-eabi/4.8.4/../../../../arm-none-eabi/lib/armv6-m\libg_s.a(lib_a-errno.o)
 .ARM.attributes
                0x00001182       0x2c c:/freescale/kds_3.0.0/toolchain/bin/../lib/gcc/arm-none-eabi/4.8.4/../../../../arm-none-eabi/lib/armv6-m\libg_s.a(lib_a-impure.o)
 .ARM.attributes
                0x000011ae       0x2c c:/freescale/kds_3.0.0/toolchain/bin/../lib/gcc/arm-none-eabi/4.8.4/../../../../arm-none-eabi/lib/armv6-m\libg_s.a(lib_a-memset.o)
 .ARM.attributes
                0x000011da       0x2c c:/freescale/kds_3.0.0/toolchain/bin/../lib/gcc/arm-none-eabi/4.8.4/../../../../arm-none-eabi/lib/armv6-m\libg_s.a(lib_a-strcpy.o)
 .ARM.attributes
                0x00001206       0x2c c:/freescale/kds_3.0.0/toolchain/bin/../lib/gcc/arm-none-eabi/4.8.4/../../../../arm-none-eabi/lib/armv6-m\libg_s.a(lib_a-strlen.o)
 .ARM.attributes
                0x00001232       0x2c c:/freescale/kds_3.0.0/toolchain/bin/../lib/gcc/arm-none-eabi/4.8.4/../../../../arm-none-eabi/lib/armv6-m\libg_s.a(lib_a-findfp.o)
 .ARM.attributes
                0x0000125e       0x1e c:/freescale/kds_3.0.0/toolchain/bin/../lib/gcc/arm-none-eabi/4.8.4/armv6-m/crtn.o
OUTPUT(FSFK_KL46Z.elf elf32-littlearm)

.debug_info     0x00000000    0x21655
 .debug_info    0x00000000      0x6f4 ./Sources/Events.o
 .debug_info    0x000006f4      0x4cd ./Sources/approximations.o
 .debug_info    0x00000bc1     0x3342 ./Sources/drivers.o
 .debug_info    0x00003f03     0x2708 ./Sources/fusion.o
 .debug_info    0x0000660b      0xb5f ./Sources/magnetic.o
 .debug_info    0x0000716a       0xdd ./Sources/main.o
 .debug_info    0x00007247      0x6cd ./Sources/matrix.o
 .debug_info    0x00007914      0xd06 ./Sources/mqx_tasks.o
 .debug_info    0x0000861a     0x118f ./Sources/orientation.o
 .debug_info    0x000097a9     0x17ad ./Sources/tasks.o
 .debug_info    0x0000af56      0x5c7 ./Sources/user_tasks.o
 .debug_info    0x0000b51d      0x1ec ./SerialProtocol/functions.o
 .debug_info    0x0000b709      0x3a8 ./SerialProtocol/protocol.o
 .debug_info    0x0000bab1      0x44a ./Project_Settings/Startup_Code/startup.o
 .debug_info    0x0000befb       0x87 ./MQXLITE/psp/cortex_m/core/M0/boot.o
 .debug_info    0x0000bf82       0x8b ./MQXLITE/psp/cortex_m/core/M0/dispatch.o
 .debug_info    0x0000c00d      0x9cc ./MQXLITE/psp/cortex_m/int_inst.o
 .debug_info    0x0000c9d9      0x339 ./MQXLITE/psp/cortex_m/int_vtab.o
 .debug_info    0x0000cd12      0x14a ./MQXLITE/psp/cortex_m/mem_zero.o
 .debug_info    0x0000ce5c      0x12d ./MQXLITE/psp/cortex_m/psp_iinit.o
 .debug_info    0x0000cf89      0xa4f ./MQXLITE/psp/cortex_m/psp_tiad.o
 .debug_info    0x0000d9d8      0xa4b ./MQXLITE/psp/cortex_m/psp_tinm.o
 .debug_info    0x0000e423      0xb90 ./MQXLITE/psp/cortex_m/sc_irdyq.o
 .debug_info    0x0000efb3      0x641 ./MQXLITE/psp/cortex_m/stack_bu.o
 .debug_info    0x0000f5f4      0x404 ./MQXLITE/psp/cortex_m/stack_de.o
 .debug_info    0x0000f9f8      0x9c6 ./MQXLITE/kernel/idletask.o
 .debug_info    0x000103be     0x1028 ./MQXLITE/kernel/int.o
 .debug_info    0x000113e6     0x15f3 ./MQXLITE/kernel/lwevent.o
 .debug_info    0x000129d9     0x1536 ./MQXLITE/kernel/lwsem.o
 .debug_info    0x00013f0f      0xbb2 ./MQXLITE/kernel/mqx_utils.o
 .debug_info    0x00014ac1     0x1068 ./MQXLITE/kernel/mqxlite.o
 .debug_info    0x00015b29     0x3c44 ./MQXLITE/kernel/task.o
 .debug_info    0x0001976d     0x13ff ./MQXLITE/kernel/time_ticks.o
 .debug_info    0x0001ab6c      0x29d ./MQXLITE/config/task_template_list.o
 .debug_info    0x0001ae09      0xc59 ./Generated_Code/Cpu.o
 .debug_info    0x0001ba62      0x7c9 ./Generated_Code/FTM.o
 .debug_info    0x0001c22b      0xc45 ./Generated_Code/I2C.o
 .debug_info    0x0001ce70      0x3b6 ./Generated_Code/LED_BLUE.o
 .debug_info    0x0001d226      0x3b6 ./Generated_Code/LED_GREEN.o
 .debug_info    0x0001d5dc      0x3b6 ./Generated_Code/LED_RED.o
 .debug_info    0x0001d992      0xfe2 ./Generated_Code/MQX1.o
 .debug_info    0x0001e974      0x3d3 ./Generated_Code/PE_LDD.o
 .debug_info    0x0001ed47      0x1ea ./Generated_Code/RNG1.o
 .debug_info    0x0001ef31      0x70e ./Generated_Code/SystemTimer1.o
 .debug_info    0x0001f63f      0x391 ./Generated_Code/TestPin_KF_Time.o
 .debug_info    0x0001f9d0      0x391 ./Generated_Code/TestPin_MagCal_Time.o
 .debug_info    0x0001fd61      0xb21 ./Generated_Code/UART.o
 .debug_info    0x00020882      0x23a ./Generated_Code/Vectors.o
 .debug_info    0x00020abc      0x12d ./DistantIO/crc.o
 .debug_info    0x00020be9      0xa6c ./DistantIO/distantio.o

.debug_abbrev   0x00000000     0x589d
 .debug_abbrev  0x00000000      0x1cb ./Sources/Events.o
 .debug_abbrev  0x000001cb      0x101 ./Sources/approximations.o
 .debug_abbrev  0x000002cc      0x331 ./Sources/drivers.o
 .debug_abbrev  0x000005fd      0x248 ./Sources/fusion.o
 .debug_abbrev  0x00000845      0x207 ./Sources/magnetic.o
 .debug_abbrev  0x00000a4c       0x82 ./Sources/main.o
 .debug_abbrev  0x00000ace      0x23f ./Sources/matrix.o
 .debug_abbrev  0x00000d0d      0x230 ./Sources/mqx_tasks.o
 .debug_abbrev  0x00000f3d      0x2b6 ./Sources/orientation.o
 .debug_abbrev  0x000011f3      0x290 ./Sources/tasks.o
 .debug_abbrev  0x00001483      0x1db ./Sources/user_tasks.o
 .debug_abbrev  0x0000165e       0xd6 ./SerialProtocol/functions.o
 .debug_abbrev  0x00001734      0x119 ./SerialProtocol/protocol.o
 .debug_abbrev  0x0000184d      0x1ca ./Project_Settings/Startup_Code/startup.o
 .debug_abbrev  0x00001a17       0x14 ./MQXLITE/psp/cortex_m/core/M0/boot.o
 .debug_abbrev  0x00001a2b       0x14 ./MQXLITE/psp/cortex_m/core/M0/dispatch.o
 .debug_abbrev  0x00001a3f      0x147 ./MQXLITE/psp/cortex_m/int_inst.o
 .debug_abbrev  0x00001b86      0x11d ./MQXLITE/psp/cortex_m/int_vtab.o
 .debug_abbrev  0x00001ca3       0x7d ./MQXLITE/psp/cortex_m/mem_zero.o
 .debug_abbrev  0x00001d20       0xc2 ./MQXLITE/psp/cortex_m/psp_iinit.o
 .debug_abbrev  0x00001de2      0x158 ./MQXLITE/psp/cortex_m/psp_tiad.o
 .debug_abbrev  0x00001f3a      0x152 ./MQXLITE/psp/cortex_m/psp_tinm.o
 .debug_abbrev  0x0000208c      0x19c ./MQXLITE/psp/cortex_m/sc_irdyq.o
 .debug_abbrev  0x00002228      0x14d ./MQXLITE/psp/cortex_m/stack_bu.o
 .debug_abbrev  0x00002375       0xd9 ./MQXLITE/psp/cortex_m/stack_de.o
 .debug_abbrev  0x0000244e      0x141 ./MQXLITE/kernel/idletask.o
 .debug_abbrev  0x0000258f      0x2e3 ./MQXLITE/kernel/int.o
 .debug_abbrev  0x00002872      0x31f ./MQXLITE/kernel/lwevent.o
 .debug_abbrev  0x00002b91      0x31a ./MQXLITE/kernel/lwsem.o
 .debug_abbrev  0x00002eab      0x219 ./MQXLITE/kernel/mqx_utils.o
 .debug_abbrev  0x000030c4      0x2da ./MQXLITE/kernel/mqxlite.o
 .debug_abbrev  0x0000339e      0x457 ./MQXLITE/kernel/task.o
 .debug_abbrev  0x000037f5      0x352 ./MQXLITE/kernel/time_ticks.o
 .debug_abbrev  0x00003b47       0xb7 ./MQXLITE/config/task_template_list.o
 .debug_abbrev  0x00003bfe      0x1de ./Generated_Code/Cpu.o
 .debug_abbrev  0x00003ddc      0x256 ./Generated_Code/FTM.o
 .debug_abbrev  0x00004032      0x26e ./Generated_Code/I2C.o
 .debug_abbrev  0x000042a0      0x17a ./Generated_Code/LED_BLUE.o
 .debug_abbrev  0x0000441a      0x17a ./Generated_Code/LED_GREEN.o
 .debug_abbrev  0x00004594      0x17a ./Generated_Code/LED_RED.o
 .debug_abbrev  0x0000470e      0x2e0 ./Generated_Code/MQX1.o
 .debug_abbrev  0x000049ee      0x162 ./Generated_Code/PE_LDD.o
 .debug_abbrev  0x00004b50       0xec ./Generated_Code/RNG1.o
 .debug_abbrev  0x00004c3c      0x27d ./Generated_Code/SystemTimer1.o
 .debug_abbrev  0x00004eb9      0x151 ./Generated_Code/TestPin_KF_Time.o
 .debug_abbrev  0x0000500a      0x151 ./Generated_Code/TestPin_MagCal_Time.o
 .debug_abbrev  0x0000515b      0x2c2 ./Generated_Code/UART.o
 .debug_abbrev  0x0000541d       0xb7 ./Generated_Code/Vectors.o
 .debug_abbrev  0x000054d4       0x9d ./DistantIO/crc.o
 .debug_abbrev  0x00005571      0x32c ./DistantIO/distantio.o

.debug_loc      0x00000000    0x2068f
 .debug_loc     0x00000000       0x8f ./Sources/Events.o
 .debug_loc     0x0000008f      0xd51 ./Sources/approximations.o
 .debug_loc     0x00000de0     0x799b ./Sources/drivers.o
 .debug_loc     0x0000877b     0x6b77 ./Sources/fusion.o
 .debug_loc     0x0000f2f2     0x19e5 ./Sources/magnetic.o
 .debug_loc     0x00010cd7     0x12ca ./Sources/matrix.o
 .debug_loc     0x00011fa1       0xd3 ./Sources/mqx_tasks.o
 .debug_loc     0x00012074     0x23d1 ./Sources/orientation.o
 .debug_loc     0x00014445      0x2ae ./Sources/tasks.o
 .debug_loc     0x000146f3       0x42 ./Sources/user_tasks.o
 .debug_loc     0x00014735       0xbb ./SerialProtocol/functions.o
 .debug_loc     0x000147f0      0x211 ./SerialProtocol/protocol.o
 .debug_loc     0x00014a01      0x31b ./Project_Settings/Startup_Code/startup.o
 .debug_loc     0x00014d1c       0x1f ./MQXLITE/psp/cortex_m/int_inst.o
 .debug_loc     0x00014d3b       0x22 ./MQXLITE/psp/cortex_m/int_vtab.o
 .debug_loc     0x00014d5d      0x2b7 ./MQXLITE/psp/cortex_m/mem_zero.o
 .debug_loc     0x00015014       0x6b ./MQXLITE/psp/cortex_m/psp_iinit.o
 .debug_loc     0x0001507f       0x55 ./MQXLITE/psp/cortex_m/psp_tiad.o
 .debug_loc     0x000150d4       0x87 ./MQXLITE/psp/cortex_m/psp_tinm.o
 .debug_loc     0x0001515b      0x1e3 ./MQXLITE/psp/cortex_m/sc_irdyq.o
 .debug_loc     0x0001533e      0x141 ./MQXLITE/psp/cortex_m/stack_bu.o
 .debug_loc     0x0001547f      0x817 ./MQXLITE/kernel/int.o
 .debug_loc     0x00015c96     0x1798 ./MQXLITE/kernel/lwevent.o
 .debug_loc     0x0001742e      0xc88 ./MQXLITE/kernel/lwsem.o
 .debug_loc     0x000180b6      0x174 ./MQXLITE/kernel/mqx_utils.o
 .debug_loc     0x0001822a      0x181 ./MQXLITE/kernel/mqxlite.o
 .debug_loc     0x000183ab     0x5813 ./MQXLITE/kernel/task.o
 .debug_loc     0x0001dbbe      0xc74 ./MQXLITE/kernel/time_ticks.o
 .debug_loc     0x0001e832      0x111 ./Generated_Code/FTM.o
 .debug_loc     0x0001e943      0x535 ./Generated_Code/I2C.o
 .debug_loc     0x0001ee78       0x6b ./Generated_Code/LED_BLUE.o
 .debug_loc     0x0001eee3       0x69 ./Generated_Code/LED_GREEN.o
 .debug_loc     0x0001ef4c       0x6a ./Generated_Code/LED_RED.o
 .debug_loc     0x0001efb6      0x16e ./Generated_Code/MQX1.o
 .debug_loc     0x0001f124       0xcb ./Generated_Code/PE_LDD.o
 .debug_loc     0x0001f1ef       0xb9 ./Generated_Code/RNG1.o
 .debug_loc     0x0001f2a8      0x165 ./Generated_Code/SystemTimer1.o
 .debug_loc     0x0001f40d       0x6a ./Generated_Code/TestPin_KF_Time.o
 .debug_loc     0x0001f477       0x6a ./Generated_Code/TestPin_MagCal_Time.o
 .debug_loc     0x0001f4e1      0x310 ./Generated_Code/UART.o
 .debug_loc     0x0001f7f1       0xc3 ./DistantIO/crc.o
 .debug_loc     0x0001f8b4      0xddb ./DistantIO/distantio.o

.debug_aranges  0x00000000      0xee8
 .debug_aranges
                0x00000000       0x58 ./Sources/Events.o
 .debug_aranges
                0x00000058       0x40 ./Sources/approximations.o
 .debug_aranges
                0x00000098       0x90 ./Sources/drivers.o
 .debug_aranges
                0x00000128       0x88 ./Sources/fusion.o
 .debug_aranges
                0x000001b0       0x48 ./Sources/magnetic.o
 .debug_aranges
                0x000001f8       0x20 ./Sources/main.o
 .debug_aranges
                0x00000218       0x68 ./Sources/matrix.o
 .debug_aranges
                0x00000280       0x38 ./Sources/mqx_tasks.o
 .debug_aranges
                0x000002b8       0xd8 ./Sources/orientation.o
 .debug_aranges
                0x00000390       0x58 ./Sources/tasks.o
 .debug_aranges
                0x000003e8       0x48 ./Sources/user_tasks.o
 .debug_aranges
                0x00000430       0x28 ./SerialProtocol/functions.o
 .debug_aranges
                0x00000458       0x30 ./SerialProtocol/protocol.o
 .debug_aranges
                0x00000488       0x58 ./Project_Settings/Startup_Code/startup.o
 .debug_aranges
                0x000004e0       0x20 ./MQXLITE/psp/cortex_m/core/M0/boot.o
 .debug_aranges
                0x00000500       0x20 ./MQXLITE/psp/cortex_m/core/M0/dispatch.o
 .debug_aranges
                0x00000520       0x20 ./MQXLITE/psp/cortex_m/int_inst.o
 .debug_aranges
                0x00000540       0x28 ./MQXLITE/psp/cortex_m/int_vtab.o
 .debug_aranges
                0x00000568       0x20 ./MQXLITE/psp/cortex_m/mem_zero.o
 .debug_aranges
                0x00000588       0x20 ./MQXLITE/psp/cortex_m/psp_iinit.o
 .debug_aranges
                0x000005a8       0x20 ./MQXLITE/psp/cortex_m/psp_tiad.o
 .debug_aranges
                0x000005c8       0x20 ./MQXLITE/psp/cortex_m/psp_tinm.o
 .debug_aranges
                0x000005e8       0x28 ./MQXLITE/psp/cortex_m/sc_irdyq.o
 .debug_aranges
                0x00000610       0x20 ./MQXLITE/psp/cortex_m/stack_bu.o
 .debug_aranges
                0x00000630       0x20 ./MQXLITE/psp/cortex_m/stack_de.o
 .debug_aranges
                0x00000650       0x20 ./MQXLITE/kernel/idletask.o
 .debug_aranges
                0x00000670       0x90 ./MQXLITE/kernel/int.o
 .debug_aranges
                0x00000700       0x80 ./MQXLITE/kernel/lwevent.o
 .debug_aranges
                0x00000780       0x80 ./MQXLITE/kernel/lwsem.o
 .debug_aranges
                0x00000800       0x60 ./MQXLITE/kernel/mqx_utils.o
 .debug_aranges
                0x00000860       0x30 ./MQXLITE/kernel/mqxlite.o
 .debug_aranges
                0x00000890      0x160 ./MQXLITE/kernel/task.o
 .debug_aranges
                0x000009f0       0xb8 ./MQXLITE/kernel/time_ticks.o
 .debug_aranges
                0x00000aa8       0x18 ./MQXLITE/config/task_template_list.o
 .debug_aranges
                0x00000ac0       0x30 ./Generated_Code/Cpu.o
 .debug_aranges
                0x00000af0       0x40 ./Generated_Code/FTM.o
 .debug_aranges
                0x00000b30       0x68 ./Generated_Code/I2C.o
 .debug_aranges
                0x00000b98       0x48 ./Generated_Code/LED_BLUE.o
 .debug_aranges
                0x00000be0       0x48 ./Generated_Code/LED_GREEN.o
 .debug_aranges
                0x00000c28       0x48 ./Generated_Code/LED_RED.o
 .debug_aranges
                0x00000c70       0x40 ./Generated_Code/MQX1.o
 .debug_aranges
                0x00000cb0       0x30 ./Generated_Code/PE_LDD.o
 .debug_aranges
                0x00000ce0       0x40 ./Generated_Code/RNG1.o
 .debug_aranges
                0x00000d20       0x60 ./Generated_Code/SystemTimer1.o
 .debug_aranges
                0x00000d80       0x40 ./Generated_Code/TestPin_KF_Time.o
 .debug_aranges
                0x00000dc0       0x40 ./Generated_Code/TestPin_MagCal_Time.o
 .debug_aranges
                0x00000e00       0x50 ./Generated_Code/UART.o
 .debug_aranges
                0x00000e50       0x18 ./Generated_Code/Vectors.o
 .debug_aranges
                0x00000e68       0x20 ./DistantIO/crc.o
 .debug_aranges
                0x00000e88       0x60 ./DistantIO/distantio.o

.debug_ranges   0x00000000     0x2640
 .debug_ranges  0x00000000       0x48 ./Sources/Events.o
 .debug_ranges  0x00000048      0x1b0 ./Sources/approximations.o
 .debug_ranges  0x000001f8      0xaa0 ./Sources/drivers.o
 .debug_ranges  0x00000c98       0x78 ./Sources/fusion.o
 .debug_ranges  0x00000d10       0x38 ./Sources/magnetic.o
 .debug_ranges  0x00000d48       0x10 ./Sources/main.o
 .debug_ranges  0x00000d58       0x58 ./Sources/matrix.o
 .debug_ranges  0x00000db0       0x28 ./Sources/mqx_tasks.o
 .debug_ranges  0x00000dd8      0x190 ./Sources/orientation.o
 .debug_ranges  0x00000f68       0xb8 ./Sources/tasks.o
 .debug_ranges  0x00001020       0x38 ./Sources/user_tasks.o
 .debug_ranges  0x00001058       0x18 ./SerialProtocol/functions.o
 .debug_ranges  0x00001070       0x20 ./SerialProtocol/protocol.o
 .debug_ranges  0x00001090       0x78 ./Project_Settings/Startup_Code/startup.o
 .debug_ranges  0x00001108       0x10 ./MQXLITE/psp/cortex_m/int_inst.o
 .debug_ranges  0x00001118       0x18 ./MQXLITE/psp/cortex_m/int_vtab.o
 .debug_ranges  0x00001130       0x10 ./MQXLITE/psp/cortex_m/mem_zero.o
 .debug_ranges  0x00001140       0x10 ./MQXLITE/psp/cortex_m/psp_iinit.o
 .debug_ranges  0x00001150       0x10 ./MQXLITE/psp/cortex_m/psp_tiad.o
 .debug_ranges  0x00001160       0x10 ./MQXLITE/psp/cortex_m/psp_tinm.o
 .debug_ranges  0x00001170       0x18 ./MQXLITE/psp/cortex_m/sc_irdyq.o
 .debug_ranges  0x00001188       0x10 ./MQXLITE/psp/cortex_m/stack_bu.o
 .debug_ranges  0x00001198       0x10 ./MQXLITE/psp/cortex_m/stack_de.o
 .debug_ranges  0x000011a8       0x10 ./MQXLITE/kernel/idletask.o
 .debug_ranges  0x000011b8      0x108 ./MQXLITE/kernel/int.o
 .debug_ranges  0x000012c0      0x1f8 ./MQXLITE/kernel/lwevent.o
 .debug_ranges  0x000014b8      0x2a8 ./MQXLITE/kernel/lwsem.o
 .debug_ranges  0x00001760       0x50 ./MQXLITE/kernel/mqx_utils.o
 .debug_ranges  0x000017b0       0x50 ./MQXLITE/kernel/mqxlite.o
 .debug_ranges  0x00001800      0x838 ./MQXLITE/kernel/task.o
 .debug_ranges  0x00002038      0x198 ./MQXLITE/kernel/time_ticks.o
 .debug_ranges  0x000021d0       0x20 ./Generated_Code/Cpu.o
 .debug_ranges  0x000021f0       0x30 ./Generated_Code/FTM.o
 .debug_ranges  0x00002220       0x58 ./Generated_Code/I2C.o
 .debug_ranges  0x00002278       0x38 ./Generated_Code/LED_BLUE.o
 .debug_ranges  0x000022b0       0x38 ./Generated_Code/LED_GREEN.o
 .debug_ranges  0x000022e8       0x38 ./Generated_Code/LED_RED.o
 .debug_ranges  0x00002320       0x48 ./Generated_Code/MQX1.o
 .debug_ranges  0x00002368       0x20 ./Generated_Code/PE_LDD.o
 .debug_ranges  0x00002388       0x80 ./Generated_Code/RNG1.o
 .debug_ranges  0x00002408       0x50 ./Generated_Code/SystemTimer1.o
 .debug_ranges  0x00002458       0x30 ./Generated_Code/TestPin_KF_Time.o
 .debug_ranges  0x00002488       0x30 ./Generated_Code/TestPin_MagCal_Time.o
 .debug_ranges  0x000024b8       0x40 ./Generated_Code/UART.o
 .debug_ranges  0x000024f8       0x48 ./DistantIO/crc.o
 .debug_ranges  0x00002540      0x100 ./DistantIO/distantio.o

.debug_line     0x00000000     0xa8b1
 .debug_line    0x00000000      0x318 ./Sources/Events.o
 .debug_line    0x00000318      0x2bd ./Sources/approximations.o
 .debug_line    0x000005d5      0xfdb ./Sources/drivers.o
 .debug_line    0x000015b0      0xe71 ./Sources/fusion.o
 .debug_line    0x00002421      0x675 ./Sources/magnetic.o
 .debug_line    0x00002a96      0x152 ./Sources/main.o
 .debug_line    0x00002be8      0x3b3 ./Sources/matrix.o
 .debug_line    0x00002f9b      0x3bf ./Sources/mqx_tasks.o
 .debug_line    0x0000335a      0x771 ./Sources/orientation.o
 .debug_line    0x00003acb      0x51e ./Sources/tasks.o
 .debug_line    0x00003fe9      0x2d2 ./Sources/user_tasks.o
 .debug_line    0x000042bb      0x166 ./SerialProtocol/functions.o
 .debug_line    0x00004421      0x1a1 ./SerialProtocol/protocol.o
 .debug_line    0x000045c2      0x165 ./Project_Settings/Startup_Code/startup.o
 .debug_line    0x00004727       0x68 ./MQXLITE/psp/cortex_m/core/M0/boot.o
 .debug_line    0x0000478f      0x18b ./MQXLITE/psp/cortex_m/core/M0/dispatch.o
 .debug_line    0x0000491a      0x147 ./MQXLITE/psp/cortex_m/int_inst.o
 .debug_line    0x00004a61       0xd5 ./MQXLITE/psp/cortex_m/int_vtab.o
 .debug_line    0x00004b36      0x139 ./MQXLITE/psp/cortex_m/mem_zero.o
 .debug_line    0x00004c6f      0x11b ./MQXLITE/psp/cortex_m/psp_iinit.o
 .debug_line    0x00004d8a      0x15a ./MQXLITE/psp/cortex_m/psp_tiad.o
 .debug_line    0x00004ee4      0x158 ./MQXLITE/psp/cortex_m/psp_tinm.o
 .debug_line    0x0000503c      0x2ce ./MQXLITE/psp/cortex_m/sc_irdyq.o
 .debug_line    0x0000530a      0x153 ./MQXLITE/psp/cortex_m/stack_bu.o
 .debug_line    0x0000545d      0x127 ./MQXLITE/psp/cortex_m/stack_de.o
 .debug_line    0x00005584      0x13a ./MQXLITE/kernel/idletask.o
 .debug_line    0x000056be      0x3e5 ./MQXLITE/kernel/int.o
 .debug_line    0x00005aa3      0x584 ./MQXLITE/kernel/lwevent.o
 .debug_line    0x00006027      0x4f4 ./MQXLITE/kernel/lwsem.o
 .debug_line    0x0000651b      0x21d ./MQXLITE/kernel/mqx_utils.o
 .debug_line    0x00006738      0x314 ./MQXLITE/kernel/mqxlite.o
 .debug_line    0x00006a4c      0xf78 ./MQXLITE/kernel/task.o
 .debug_line    0x000079c4      0x566 ./MQXLITE/kernel/time_ticks.o
 .debug_line    0x00007f2a      0x1e5 ./MQXLITE/config/task_template_list.o
 .debug_line    0x0000810f      0x308 ./Generated_Code/Cpu.o
 .debug_line    0x00008417      0x30b ./Generated_Code/FTM.o
 .debug_line    0x00008722      0x477 ./Generated_Code/I2C.o
 .debug_line    0x00008b99      0x213 ./Generated_Code/LED_BLUE.o
 .debug_line    0x00008dac      0x214 ./Generated_Code/LED_GREEN.o
 .debug_line    0x00008fc0      0x212 ./Generated_Code/LED_RED.o
 .debug_line    0x000091d2      0x2a9 ./Generated_Code/MQX1.o
 .debug_line    0x0000947b      0x1df ./Generated_Code/PE_LDD.o
 .debug_line    0x0000965a      0x194 ./Generated_Code/RNG1.o
 .debug_line    0x000097ee      0x2da ./Generated_Code/SystemTimer1.o
 .debug_line    0x00009ac8      0x208 ./Generated_Code/TestPin_KF_Time.o
 .debug_line    0x00009cd0      0x20c ./Generated_Code/TestPin_MagCal_Time.o
 .debug_line    0x00009edc      0x348 ./Generated_Code/UART.o
 .debug_line    0x0000a224      0x12b ./Generated_Code/Vectors.o