Archive member included because of file (symbol)

c:/freescale/kds_3.0.0/toolchain/bin/../lib/gcc/arm-none-eabi/4.8.4/../../../../arm-none-eabi/lib/armv6-m\libm.a(lib_a-sf_sin.o)
                              ./Sources/orientation.o (sinf)
c:/freescale/kds_3.0.0/toolchain/bin/../lib/gcc/arm-none-eabi/4.8.4/../../../../arm-none-eabi/lib/armv6-m\libm.a(lib_a-wf_acos.o)
                              ./Sources/orientation.o (acosf)
c:/freescale/kds_3.0.0/toolchain/bin/../lib/gcc/arm-none-eabi/4.8.4/../../../../arm-none-eabi/lib/armv6-m\libm.a(lib_a-wf_pow.o)
                              ./Sources/magnetic.o (powf)
c:/freescale/kds_3.0.0/toolchain/bin/../lib/gcc/arm-none-eabi/4.8.4/../../../../arm-none-eabi/lib/armv6-m\libm.a(lib_a-wf_sqrt.o)
                              ./Sources/approximations.o (sqrtf)
c:/freescale/kds_3.0.0/toolchain/bin/../lib/gcc/arm-none-eabi/4.8.4/../../../../arm-none-eabi/lib/armv6-m\libm.a(lib_a-ef_acos.o)
                              c:/freescale/kds_3.0.0/toolchain/bin/../lib/gcc/arm-none-eabi/4.8.4/../../../../arm-none-eabi/lib/armv6-m\libm.a(lib_a-wf_acos.o) (__ieee754_acosf)
c:/freescale/kds_3.0.0/toolchain/bin/../lib/gcc/arm-none-eabi/4.8.4/../../../../arm-none-eabi/lib/armv6-m\libm.a(lib_a-ef_pow.o)
                              c:/freescale/kds_3.0.0/toolchain/bin/../lib/gcc/arm-none-eabi/4.8.4/../../../../arm-none-eabi/lib/armv6-m\libm.a(lib_a-wf_pow.o) (__ieee754_powf)
c:/freescale/kds_3.0.0/toolchain/bin/../lib/gcc/arm-none-eabi/4.8.4/../../../../arm-none-eabi/lib/armv6-m\libm.a(lib_a-ef_rem_pio2.o)
                              c:/freescale/kds_3.0.0/toolchain/bin/../lib/gcc/arm-none-eabi/4.8.4/../../../../arm-none-eabi/lib/armv6-m\libm.a(lib_a-sf_sin.o) (__ieee754_rem_pio2f)
c:/freescale/kds_3.0.0/toolchain/bin/../lib/gcc/arm-none-eabi/4.8.4/../../../../arm-none-eabi/lib/armv6-m\libm.a(lib_a-ef_sqrt.o)
                              c:/freescale/kds_3.0.0/toolchain/bin/../lib/gcc/arm-none-eabi/4.8.4/../../../../arm-none-eabi/lib/armv6-m\libm.a(lib_a-wf_sqrt.o) (__ieee754_sqrtf)
c:/freescale/kds_3.0.0/toolchain/bin/../lib/gcc/arm-none-eabi/4.8.4/../../../../arm-none-eabi/lib/armv6-m\libm.a(lib_a-kf_cos.o)
                              c:/freescale/kds_3.0.0/toolchain/bin/../lib/gcc/arm-none-eabi/4.8.4/../../../../arm-none-eabi/lib/armv6-m\libm.a(lib_a-sf_sin.o) (__kernel_cosf)
c:/freescale/kds_3.0.0/toolchain/bin/../lib/gcc/arm-none-eabi/4.8.4/../../../../arm-none-eabi/lib/armv6-m\libm.a(lib_a-kf_rem_pio2.o)
                              c:/freescale/kds_3.0.0/toolchain/bin/../lib/gcc/arm-none-eabi/4.8.4/../../../../arm-none-eabi/lib/armv6-m\libm.a(lib_a-ef_rem_pio2.o) (__kernel_rem_pio2f)
c:/freescale/kds_3.0.0/toolchain/bin/../lib/gcc/arm-none-eabi/4.8.4/../../../../arm-none-eabi/lib/armv6-m\libm.a(lib_a-kf_sin.o)
                              c:/freescale/kds_3.0.0/toolchain/bin/../lib/gcc/arm-none-eabi/4.8.4/../../../../arm-none-eabi/lib/armv6-m\libm.a(lib_a-sf_sin.o) (__kernel_sinf)
c:/freescale/kds_3.0.0/toolchain/bin/../lib/gcc/arm-none-eabi/4.8.4/../../../../arm-none-eabi/lib/armv6-m\libm.a(lib_a-s_lib_ver.o)
                              c:/freescale/kds_3.0.0/toolchain/bin/../lib/gcc/arm-none-eabi/4.8.4/../../../../arm-none-eabi/lib/armv6-m\libm.a(lib_a-wf_acos.o) (__fdlib_version)
c:/freescale/kds_3.0.0/toolchain/bin/../lib/gcc/arm-none-eabi/4.8.4/../../../../arm-none-eabi/lib/armv6-m\libm.a(lib_a-s_matherr.o)
                              c:/freescale/kds_3.0.0/toolchain/bin/../lib/gcc/arm-none-eabi/4.8.4/../../../../arm-none-eabi/lib/armv6-m\libm.a(lib_a-wf_acos.o) (matherr)
c:/freescale/kds_3.0.0/toolchain/bin/../lib/gcc/arm-none-eabi/4.8.4/../../../../arm-none-eabi/lib/armv6-m\libm.a(lib_a-s_nan.o)
                              c:/freescale/kds_3.0.0/toolchain/bin/../lib/gcc/arm-none-eabi/4.8.4/../../../../arm-none-eabi/lib/armv6-m\libm.a(lib_a-wf_acos.o) (nan)
c:/freescale/kds_3.0.0/toolchain/bin/../lib/gcc/arm-none-eabi/4.8.4/../../../../arm-none-eabi/lib/armv6-m\libm.a(lib_a-s_rint.o)
                              c:/freescale/kds_3.0.0/toolchain/bin/../lib/gcc/arm-none-eabi/4.8.4/../../../../arm-none-eabi/lib/armv6-m\libm.a(lib_a-wf_pow.o) (rint)
c:/freescale/kds_3.0.0/toolchain/bin/../lib/gcc/arm-none-eabi/4.8.4/../../../../arm-none-eabi/lib/armv6-m\libm.a(lib_a-sf_fabs.o)
                              c:/freescale/kds_3.0.0/toolchain/bin/../lib/gcc/arm-none-eabi/4.8.4/../../../../arm-none-eabi/lib/armv6-m\libm.a(lib_a-wf_acos.o) (fabsf)
c:/freescale/kds_3.0.0/toolchain/bin/../lib/gcc/arm-none-eabi/4.8.4/../../../../arm-none-eabi/lib/armv6-m\libm.a(lib_a-sf_finite.o)
                              c:/freescale/kds_3.0.0/toolchain/bin/../lib/gcc/arm-none-eabi/4.8.4/../../../../arm-none-eabi/lib/armv6-m\libm.a(lib_a-wf_pow.o) (finitef)
c:/freescale/kds_3.0.0/toolchain/bin/../lib/gcc/arm-none-eabi/4.8.4/../../../../arm-none-eabi/lib/armv6-m\libm.a(lib_a-sf_floor.o)
[...]
Memory Configuration

Name             Origin             Length             Attributes
m_interrupts     0x00000000         0x000000c0         xr
m_text           0x00000410         0x0003fbf0         xr
m_data           0x1fffe000         0x00008000         rw
m_cfmprotrom     0x00000400         0x00000010         xr
*default*        0x00000000         0xffffffff

Linker script and memory map

LOAD c:/freescale/kds_3.0.0/toolchain/bin/../lib/gcc/arm-none-eabi/4.8.4/armv6-m/crti.o
LOAD c:/freescale/kds_3.0.0/toolchain/bin/../lib/gcc/arm-none-eabi/4.8.4/armv6-m/crtbegin.o
LOAD c:/freescale/kds_3.0.0/toolchain/bin/../lib/gcc/arm-none-eabi/4.8.4/../../../../arm-none-eabi/lib/armv6-m/crt0.o
LOAD ./Sources/Events.o
LOAD ./Sources/approximations.o
LOAD ./Sources/drivers.o
LOAD ./Sources/fusion.o
LOAD ./Sources/magnetic.o
LOAD ./Sources/main.o
LOAD ./Sources/matrix.o
LOAD ./Sources/mqx_tasks.o
LOAD ./Sources/orientation.o
LOAD ./Sources/tasks.o
LOAD ./Sources/user_tasks.o
LOAD ./Project_Settings/Startup_Code/startup.o
LOAD ./MQXLITE/psp/cortex_m/core/M0/boot.o
LOAD ./MQXLITE/psp/cortex_m/core/M0/dispatch.o
LOAD ./MQXLITE/psp/cortex_m/cortex.o
LOAD ./MQXLITE/psp/cortex_m/int_gkis.o
LOAD ./MQXLITE/psp/cortex_m/int_inst.o
LOAD ./MQXLITE/psp/cortex_m/int_kisr.o
LOAD ./MQXLITE/psp/cortex_m/int_pvta.o
LOAD ./MQXLITE/psp/cortex_m/int_unx.o
LOAD ./MQXLITE/psp/cortex_m/int_vtab.o
LOAD ./MQXLITE/psp/cortex_m/int_xcpt.o
LOAD ./MQXLITE/psp/cortex_m/mem_zero.o
LOAD ./MQXLITE/psp/cortex_m/psp_iinit.o
LOAD ./MQXLITE/psp/cortex_m/psp_supp.o
LOAD ./MQXLITE/psp/cortex_m/psp_tiad.o
LOAD ./MQXLITE/psp/cortex_m/psp_tinm.o
LOAD ./MQXLITE/psp/cortex_m/psp_tipr.o
LOAD ./MQXLITE/psp/cortex_m/psp_tisu.o
LOAD ./MQXLITE/psp/cortex_m/sc_irdyq.o
LOAD ./MQXLITE/psp/cortex_m/stack_bu.o
LOAD ./MQXLITE/psp/cortex_m/stack_de.o
LOAD ./MQXLITE/psp/cortex_m/stack_st.o
LOAD ./MQXLITE/kernel/idletask.o
LOAD ./MQXLITE/kernel/int.o
LOAD ./MQXLITE/kernel/klog.o
LOAD ./MQXLITE/kernel/lwevent.o
LOAD ./MQXLITE/kernel/lwlog.o
LOAD ./MQXLITE/kernel/lwmem.o
LOAD ./MQXLITE/kernel/lwmsgq.o
LOAD ./MQXLITE/kernel/lwsem.o
LOAD ./MQXLITE/kernel/lwtimer.o
LOAD ./MQXLITE/kernel/mqx_utils.o
LOAD ./MQXLITE/kernel/mqxlite.o
LOAD ./MQXLITE/kernel/mutex.o
LOAD ./MQXLITE/kernel/qu_test.o
LOAD ./MQXLITE/kernel/sched.o
LOAD ./MQXLITE/kernel/task.o
LOAD ./MQXLITE/kernel/time_ticks.o
LOAD ./MQXLITE/config/task_template_list.o
LOAD ./Generated_Code/Cpu.o
LOAD ./Generated_Code/FTM.o
LOAD ./Generated_Code/I2C.o
LOAD ./Generated_Code/LED_BLUE.o
LOAD ./Generated_Code/LED_GREEN.o
LOAD ./Generated_Code/LED_RED.o
LOAD ./Generated_Code/MQX1.o
LOAD ./Generated_Code/PE_LDD.o
LOAD ./Generated_Code/SystemTimer1.o
LOAD ./Generated_Code/TestPin_KF_Time.o
LOAD ./Generated_Code/TestPin_MagCal_Time.o
LOAD ./Generated_Code/UART.o
LOAD ./Generated_Code/Vectors.o
LOAD c:/freescale/kds_3.0.0/toolchain/bin/../lib/gcc/arm-none-eabi/4.8.4/../../../../arm-none-eabi/lib/armv6-m\libstdc++_s.a
LOAD c:/freescale/kds_3.0.0/toolchain/bin/../lib/gcc/arm-none-eabi/4.8.4/../../../../arm-none-eabi/lib/armv6-m\libm.a
START GROUP
LOAD c:/freescale/kds_3.0.0/toolchain/bin/../lib/gcc/arm-none-eabi/4.8.4/armv6-m\libgcc.a
LOAD c:/freescale/kds_3.0.0/toolchain/bin/../lib/gcc/arm-none-eabi/4.8.4/../../../../arm-none-eabi/lib/armv6-m\libg_s.a
LOAD c:/freescale/kds_3.0.0/toolchain/bin/../lib/gcc/arm-none-eabi/4.8.4/../../../../arm-none-eabi/lib/armv6-m\libc_s.a
END GROUP
START GROUP
LOAD c:/freescale/kds_3.0.0/toolchain/bin/../lib/gcc/arm-none-eabi/4.8.4/armv6-m\libgcc.a
LOAD c:/freescale/kds_3.0.0/toolchain/bin/../lib/gcc/arm-none-eabi/4.8.4/../../../../arm-none-eabi/lib/armv6-m\libc_s.a
END GROUP
LOAD c:/freescale/kds_3.0.0/toolchain/bin/../lib/gcc/arm-none-eabi/4.8.4/armv6-m/crtend.o
LOAD c:/freescale/kds_3.0.0/toolchain/bin/../lib/gcc/arm-none-eabi/4.8.4/armv6-m/crtn.o
                0x20006000                _estack = 0x20006000
                0x20006000                __SP_INIT = _estack
                0x20006000                __stack = _estack
                0x00000000                __heap_size = 0x0
                0x00000400                __stack_size = 0x400

.interrupts     0x00000000       0xc0
                0x00000000                __vector_table = .
                0x00000000                . = ALIGN (0x4)
 *(.vectortable)
 .vectortable   0x00000000       0xc0 ./Generated_Code/Vectors.o
                0x00000000                __vect_table
                0x000000c0                . = ALIGN (0x4)

.cfmprotect     0x00000400       0x10
                0x00000400                . = ALIGN (0x4)
 *(.cfmconfig)
 .cfmconfig     0x00000400       0x10 ./Generated_Code/Cpu.o
                0x00000400                _cfm
                0x00000410                . = ALIGN (0x4)

.text           0x00000410    0x15594
                0x00000410                . = ALIGN (0x4)
 *(.text)
 .text          0x00000410       0x60 c:/freescale/kds_3.0.0/toolchain/bin/../lib/gcc/arm-none-eabi/4.8.4/armv6-m/crtbegin.o
 .text          0x00000470       0x34 ./MQXLITE/psp/cortex_m/core/M0/boot.o
                0x00000470                __boot
 .text          0x000004a4       0x9c c:/freescale/kds_3.0.0/toolchain/bin/../lib/gcc/arm-none-eabi/4.8.4/armv6-m\libgcc.a(_udivsi3.o)
                0x000004a4                __aeabi_uidiv
                0x000004a4                __udivsi3
                0x0000052c                __aeabi_uidivmod
 .text          0x00000540       0xc0 c:/freescale/kds_3.0.0/toolchain/bin/../lib/gcc/arm-none-eabi/4.8.4/armv6-m\libgcc.a(_divsi3.o)
                0x00000540                __divsi3
                0x00000540                __aeabi_idiv
                0x000005ec                __aeabi_idivmod
 .text          0x00000600        0x4 c:/freescale/kds_3.0.0/toolchain/bin/../lib/gcc/arm-none-eabi/4.8.4/armv6-m\libgcc.a(_dvmd_tls.o)
                0x00000600                __aeabi_idiv0
                0x00000600                __aeabi_ldiv0
 .text          0x00000604       0x7c c:/freescale/kds_3.0.0/toolchain/bin/../lib/gcc/arm-none-eabi/4.8.4/armv6-m\libgcc.a(_arm_cmpdf2.o)
                0x00000604                __aeabi_cdrcmple
                0x00000614                __aeabi_cdcmple
                0x00000614                __aeabi_cdcmpeq
                0x00000624                __aeabi_dcmpeq
                0x00000630                __aeabi_dcmplt
                0x00000644                __aeabi_dcmple
                0x00000658                __aeabi_dcmpgt
                0x0000066c                __aeabi_dcmpge
 .text          0x00000680       0x74 c:/freescale/kds_3.0.0/toolchain/bin/../lib/gcc/arm-none-eabi/4.8.4/armv6-m\libgcc.a(_arm_cmpsf2.o)
                0x00000680                __aeabi_cfrcmple
                0x00000688                __aeabi_cfcmpeq
                0x00000688                __aeabi_cfcmple
                0x00000698                __aeabi_fcmpeq
                0x000006a4                __aeabi_fcmplt
                0x000006b8                __aeabi_fcmple
                0x000006cc                __aeabi_fcmpgt
                0x000006e0                __aeabi_fcmpge
 .text          0x000006f4      0x2d8 c:/freescale/kds_3.0.0/toolchain/bin/../lib/gcc/arm-none-eabi/4.8.4/armv6-m\libgcc.a(addsf3.o)
                0x000006f4                __aeabi_fadd
 .text          0x000009cc      0x24c c:/freescale/kds_3.0.0/toolchain/bin/../lib/gcc/arm-none-eabi/4.8.4/armv6-m\libgcc.a(divsf3.o)
                0x000009cc                __aeabi_fdiv
 .text          0x00000c18       0x54 c:/freescale/kds_3.0.0/toolchain/bin/../lib/gcc/arm-none-eabi/4.8.4/armv6-m\libgcc.a(eqsf2.o)
                0x00000c18                __eqsf2
                0x00000c18                __nesf2
 .text          0x00000c6c       0x90 c:/freescale/kds_3.0.0/toolchain/bin/../lib/gcc/arm-none-eabi/4.8.4/armv6-m\libgcc.a(gesf2.o)
                0x00000c6c                __gesf2
                0x00000c6c                __gtsf2
 .text          0x00000cfc       0x98 c:/freescale/kds_3.0.0/toolchain/bin/../lib/gcc/arm-none-eabi/4.8.4/armv6-m\libgcc.a(lesf2.o)
                0x00000cfc                __ltsf2
                0x00000cfc                __lesf2
 .text          0x00000d94      0x254 c:/freescale/kds_3.0.0/toolchain/bin/../lib/gcc/arm-none-eabi/4.8.4/armv6-m\libgcc.a(mulsf3.o)
                0x00000d94                __aeabi_fmul
 .text          0x00000fe8      0x2ec c:/freescale/kds_3.0.0/toolchain/bin/../lib/gcc/arm-none-eabi/4.8.4/armv6-m\libgcc.a(subsf3.o)
                0x00000fe8                __aeabi_fsub
 .text          0x000012d4       0x40 c:/freescale/kds_3.0.0/toolchain/bin/../lib/gcc/arm-none-eabi/4.8.4/armv6-m\libgcc.a(fixsfsi.o)
                0x000012d4                __aeabi_f2iz
 .text          0x00001314       0xb8 c:/freescale/kds_3.0.0/toolchain/bin/../lib/gcc/arm-none-eabi/4.8.4/armv6-m\libgcc.a(floatsisf.o)
                0x00001314                __aeabi_i2f
 .text          0x000013cc      0x644 c:/freescale/kds_3.0.0/toolchain/bin/../lib/gcc/arm-none-eabi/4.8.4/armv6-m\libgcc.a(adddf3.o)
                0x000013cc                __aeabi_dadd
 .text          0x00001a10      0x648 c:/freescale/kds_3.0.0/toolchain/bin/../lib/gcc/arm-none-eabi/4.8.4/armv6-m\libgcc.a(divdf3.o)
                0x00001a10                __aeabi_ddiv
 .text          0x00002058       0x94 c:/freescale/kds_3.0.0/toolchain/bin/../lib/gcc/arm-none-eabi/4.8.4/armv6-m\libgcc.a(eqdf2.o)
                0x00002058                __nedf2
                0x00002058                __eqdf2
 .text          0x000020ec       0xfc c:/freescale/kds_3.0.0/toolchain/bin/../lib/gcc/arm-none-eabi/4.8.4/armv6-m\libgcc.a(gedf2.o)
                0x000020ec                __gedf2
                0x000020ec                __gtdf2
 .text          0x000021e8       0xfc c:/freescale/kds_3.0.0/toolchain/bin/../lib/gcc/arm-none-eabi/4.8.4/armv6-m\libgcc.a(ledf2.o)
                0x000021e8                __ledf2
                0x000021e8                __ltdf2
 .text          0x000022e4      0x668 c:/freescale/kds_3.0.0/toolchain/bin/../lib/gcc/arm-none-eabi/4.8.4/armv6-m\libgcc.a(subdf3.o)
                0x000022e4                __aeabi_dsub
 .text          0x0000294c       0xa4 c:/freescale/kds_3.0.0/toolchain/bin/../lib/gcc/arm-none-eabi/4.8.4/armv6-m\libgcc.a(extendsfdf2.o)
                0x0000294c                __aeabi_f2d
 .text          0x000029f0      0x118 c:/freescale/kds_3.0.0/toolchain/bin/../lib/gcc/arm-none-eabi/4.8.4/armv6-m\libgcc.a(truncdfsf2.o)
                0x000029f0                __aeabi_d2f
 .text          0x00002b08       0x3c c:/freescale/kds_3.0.0/toolchain/bin/../lib/gcc/arm-none-eabi/4.8.4/armv6-m\libgcc.a(_clzsi2.o)
                0x00002b08                __clzsi2
 *(.text*)
 .text.FTM_OnCounterRestart
                0x00002b44       0x1c ./Sources/Events.o
                0x00002b44                FTM_OnCounterRestart
 .text.UART_OnBlockSent
                0x00002b60        0x4 ./Sources/Events.o
                0x00002b60                UART_OnBlockSent
 .text.I2C_OnMasterBlockSent
                0x00002b64       0x14 ./Sources/Events.o
                0x00002b64                I2C_OnMasterBlockSent
 .text.I2C_OnMasterBlockReceived
                0x00002b78       0x14 ./Sources/Events.o
                0x00002b78                I2C_OnMasterBlockReceived
 .text.UART_OnTxComplete
                0x00002b8c        0x4 ./Sources/Events.o
                0x00002b8c                UART_OnTxComplete
 .text.UART_OnBlockReceived
                0x00002b90      0x1b8 ./Sources/Events.o
                0x00002b90                UART_OnBlockReceived
 .text.fasin_deg
                0x00002d48      0x154 ./Sources/approximations.o
                0x00002d48                fasin_deg
 .text.facos_deg
                0x00002e9c      0x280 ./Sources/approximations.o
                0x00002e9c                facos_deg
 .text.fatan_deg
                0x0000311c      0x11c ./Sources/approximations.o
                0x0000311c                fatan_deg
 .text.fatan2_deg
                0x00003238      0x378 ./Sources/approximations.o
                0x00003238                fatan2_deg
 .text.MPL3115_Init
                0x000035b0       0xd0 ./Sources/drivers.o
                0x000035b0                MPL3115_Init
 .text.FXOS8700_Init
                0x00003680      0x184 ./Sources/drivers.o
                0x00003680                FXOS8700_Init
 .text.FXAS21000_Init
                0x00003804       0xd4 ./Sources/drivers.o
                0x00003804                FXAS21000_Init
 .text.MPL3115_ReadData
                0x000038d8       0x90 ./Sources/drivers.o
                0x000038d8                MPL3115_ReadData
 .text.FXOS8700_ReadData
                0x00003968      0x128 ./Sources/drivers.o
                0x00003968                FXOS8700_ReadData
 .text.FXAS21000_ReadData
                0x00003a90       0xec ./Sources/drivers.o
                0x00003a90                FXAS21000_ReadData
 .text.BlueRadios_Init
                0x00003b7c       0x34 ./Sources/drivers.o
                0x00003b7c                BlueRadios_Init
 .text.CreateAndSendBluetoothPacketsViaUART
                0x00003bb0     0x22b8 ./Sources/drivers.o
                0x00003bb0                CreateAndSendBluetoothPacketsViaUART
 .text.fInit_6DOF_GY_KALMAN
                0x00005e68      0x3ec ./Sources/fusion.o
                0x00005e68                fInit_6DOF_GY_KALMAN
 .text.fInit_9DOF_GBY_KALMAN
                0x00006254      0x7c0 ./Sources/fusion.o
                0x00006254                fInit_9DOF_GBY_KALMAN
 .text.fRun_1DOF_P_BASIC
                0x00006a14       0x44 ./Sources/fusion.o
                0x00006a14                fRun_1DOF_P_BASIC
 .text.fRun_3DOF_G_BASIC
                0x00006a58      0x144 ./Sources/fusion.o
                0x00006a58                fRun_3DOF_G_BASIC
 .text.fRun_3DOF_B_BASIC
                0x00006b9c      0x160 ./Sources/fusion.o
                0x00006b9c                fRun_3DOF_B_BASIC
 .text.fRun_3DOF_Y_BASIC
                0x00006cfc      0x194 ./Sources/fusion.o
                0x00006cfc                fRun_3DOF_Y_BASIC
 .text.fRun_6DOF_GB_BASIC
                0x00006e90      0x1b0 ./Sources/fusion.o
                0x00006e90                fRun_6DOF_GB_BASIC
 .text.fRun_6DOF_GY_KALMAN
                0x00007040     0x1094 ./Sources/fusion.o
                0x00007040                fRun_6DOF_GY_KALMAN
 .text.fRun_9DOF_GBY_KALMAN
                0x000080d4     0x3c0c ./Sources/fusion.o
                0x000080d4                fRun_9DOF_GBY_KALMAN
 .text.fInitMagCalibration
                0x0000bce0       0xe8 ./Sources/magnetic.o
                0x0000bce0                fInitMagCalibration
 .text.iUpdateMagnetometerBuffer
                0x0000bdc8      0x42c ./Sources/magnetic.o
                0x0000bdc8                iUpdateMagnetometerBuffer
 .text.fInvertMagCal
                0x0000c1f4      0x198 ./Sources/magnetic.o
                0x0000c1f4                fInvertMagCal
 .text.fUpdateCalibration4INV
                0x0000c38c      0x814 ./Sources/magnetic.o
                0x0000c38c                fUpdateCalibration4INV
 .text.fUpdateCalibration7EIG
                0x0000cba0      0x5e4 ./Sources/magnetic.o
                0x0000cba0                fUpdateCalibration7EIG
 .text.fUpdateCalibration10EIG
                0x0000d184      0x9e4 ./Sources/magnetic.o
                0x0000d184                fUpdateCalibration10EIG
 .text.startup.main
                0x0000db68        0xc ./Sources/main.o
                0x0000db68                main
 .text.f3x3matrixAeqI
                0x0000db74       0x1c ./Sources/matrix.o
                0x0000db74                f3x3matrixAeqI
 .text.f3x3matrixAeqScalar
                0x0000db90       0x14 ./Sources/matrix.o
                0x0000db90                f3x3matrixAeqScalar
 .text.f3x3matrixAeqAxScalar
                0x0000dba4       0x60 ./Sources/matrix.o
                0x0000dba4                f3x3matrixAeqAxScalar
 .text.f3x3matrixAeqMinusA
                0x0000dc04       0x3c ./Sources/matrix.o
                0x0000dc04                f3x3matrixAeqMinusA
 .text.f3x3matrixAeqInvSymB
                0x0000dc40      0x178 ./Sources/matrix.o
                0x0000dc40                f3x3matrixAeqInvSymB
 .text.f3x3matrixDetA
                0x0000ddb8       0xa0 ./Sources/matrix.o
                0x0000ddb8                f3x3matrixDetA
 .text.eigencompute
                0x0000de58      0x480 ./Sources/matrix.o
                0x0000de58                eigencompute
 .text.fmatrixAeqInvA
                0x0000e2d8      0x280 ./Sources/matrix.o
                0x0000e2d8                fmatrixAeqInvA
 .text.Main_task
                0x0000e558       0xd8 ./Sources/mqx_tasks.o
                0x0000e558                Main_task
 .text.RdSensData_task
                0x0000e630       0x40 ./Sources/mqx_tasks.o
                0x0000e630                RdSensData_task
 .text.Fusion_task
                0x0000e670       0x90 ./Sources/mqx_tasks.o
                0x0000e670                Fusion_task
 .text.MagCal_task
                0x0000e700       0x44 ./Sources/mqx_tasks.o
                0x0000e700                MagCal_task
 .text.f3DOFTiltNED
                0x0000e744      0x12c ./Sources/orientation.o
                0x0000e744                f3DOFTiltNED
 .text.f3DOFTiltAndroid
                0x0000e870      0x134 ./Sources/orientation.o
                0x0000e870                f3DOFTiltAndroid
 .text.f3DOFTiltWin8
                0x0000e9a4      0x170 ./Sources/orientation.o
                0x0000e9a4                f3DOFTiltWin8
 .text.f3DOFMagnetometerMatrixNED
                0x0000eb14       0x6c ./Sources/orientation.o
                0x0000eb14                f3DOFMagnetometerMatrixNED
 .text.f3DOFMagnetometerMatrixAndroid
                0x0000eb80       0x6c ./Sources/orientation.o
                0x0000eb80                f3DOFMagnetometerMatrixAndroid
 .text.f3DOFMagnetometerMatrixWin8
                0x0000ebec       0x6c ./Sources/orientation.o
                0x0000ebec                f3DOFMagnetometerMatrixWin8
 .text.feCompassNED
                0x0000ec58      0x2f8 ./Sources/orientation.o
                0x0000ec58                feCompassNED
 .text.feCompassAndroid
                0x0000ef50      0x2f8 ./Sources/orientation.o
                0x0000ef50                feCompassAndroid
 .text.feCompassWin8
                0x0000f248      0x310 ./Sources/orientation.o
                0x0000f248                feCompassWin8
 .text.fNEDAnglesDegFromRotationMatrix
                0x0000f558       0xec ./Sources/orientation.o
                0x0000f558                fNEDAnglesDegFromRotationMatrix
 .text.fAndroidAnglesDegFromRotationMatrix
                0x0000f644       0xec ./Sources/orientation.o
                0x0000f644                fAndroidAnglesDegFromRotationMatrix
 .text.fWin8AnglesDegFromRotationMatrix
                0x0000f730      0x17c ./Sources/orientation.o
                0x0000f730                fWin8AnglesDegFromRotationMatrix
 .text.fQuaternionFromRotationVectorDeg
                0x0000f8ac      0x194 ./Sources/orientation.o
                0x0000f8ac                fQuaternionFromRotationVectorDeg
 .text.fQuaternionFromRotationMatrix
                0x0000fa40      0x140 ./Sources/orientation.o
                0x0000fa40                fQuaternionFromRotationMatrix
 .text.fRotationMatrixFromQuaternion
                0x0000fb80      0x120 ./Sources/orientation.o
                0x0000fb80                fRotationMatrixFromQuaternion
 .text.fRotationVectorDegFromQuaternion
                0x0000fca0       0xb8 ./Sources/orientation.o
                0x0000fca0                fRotationVectorDegFromQuaternion
 .text.fLPFOrientationQuaternion
                0x0000fd58      0x4ec ./Sources/orientation.o
                0x0000fd58                fLPFOrientationQuaternion
 .text.fLPFScalar
                0x00010244       0x2c ./Sources/orientation.o
                0x00010244                fLPFScalar
 .text.qAeqBxC  0x00010270      0x148 ./Sources/orientation.o
                0x00010270                qAeqBxC
 .text.qAeqAxB  0x000103b8      0x138 ./Sources/orientation.o
                0x000103b8                qAeqAxB
 .text.fqAeqNormqA
                0x000104f0       0xd4 ./Sources/orientation.o
                0x000104f0                fqAeqNormqA
 .text.fqAeq1   0x000105c4       0x10 ./Sources/orientation.o
                0x000105c4                fqAeq1
 .text.RdSensData_Init
                0x000105d4       0x58 ./Sources/tasks.o
                0x000105d4                RdSensData_Init
 .text.Fusion_Init
                0x0001062c       0x6c ./Sources/tasks.o
                0x0001062c                Fusion_Init
 .text.RdSensData_Run
                0x00010698      0x32c ./Sources/tasks.o
                0x00010698                RdSensData_Run
 .text.Fusion_Run
                0x000109c4      0x2c4 ./Sources/tasks.o
                0x000109c4                Fusion_Run
 .text.MagCal_Run
                0x00010c88      0x13c ./Sources/tasks.o
                0x00010c88                MagCal_Run
 .text.UserStartup
                0x00010dc4       0x10 ./Sources/user_tasks.o
                0x00010dc4                UserStartup
 .text.UserHighFrequencyTaskInit
                0x00010dd4        0x4 ./Sources/user_tasks.o
                0x00010dd4                UserHighFrequencyTaskInit
 .text.UserMediumFrequencyTaskInit
                0x00010dd8        0x4 ./Sources/user_tasks.o
                0x00010dd8                UserMediumFrequencyTaskInit
 .text.UserHighFrequencyTaskRun
                0x00010ddc        0x4 ./Sources/user_tasks.o
                0x00010ddc                UserHighFrequencyTaskRun
 .text.UserMediumFrequencyTaskRun
                0x00010de0       0x10 ./Sources/user_tasks.o
                0x00010de0                UserMediumFrequencyTaskRun
 .text.__copy_rom_sections_to_ram
                0x00010df0       0x78 ./Project_Settings/Startup_Code/startup.o
                0x00010df0                __copy_rom_sections_to_ram
 .text.__init_registers
                0x00010e68        0x4 ./Project_Settings/Startup_Code/startup.o
                0x00010e68                __init_registers
 .text.__init_user
                0x00010e6c        0x4 ./Project_Settings/Startup_Code/startup.o
                0x00010e6c                __init_user
 .text.__thumb_startup
                0x00010e70       0x7c ./Project_Settings/Startup_Code/startup.o
                0x00010e70                __thumb_startup
 .text._psp_int_install
                0x00010eec       0x14 ./MQXLITE/psp/cortex_m/int_inst.o
                0x00010eec                _psp_int_install
 .text._int_set_vector_table
                0x00010f00       0x14 ./MQXLITE/psp/cortex_m/int_vtab.o
                0x00010f00                _int_set_vector_table
 .text._mem_zero
                0x00010f14       0xec ./MQXLITE/psp/cortex_m/mem_zero.o
                0x00010f14                _mem_zero
 .text._psp_int_init
                0x00011000       0x14 ./MQXLITE/psp/cortex_m/psp_iinit.o
                0x00011000                _psp_int_init
 .text._psp_add_ticks
                0x00011014       0x40 ./MQXLITE/psp/cortex_m/psp_tiad.o
                0x00011014                _psp_add_ticks
 .text._psp_normalize_ticks
                0x00011054       0x3c ./MQXLITE/psp/cortex_m/psp_tinm.o
                0x00011054                _psp_normalize_ticks
 .text._psp_set_kernel_disable_level
                0x00011090       0x78 ./MQXLITE/psp/cortex_m/sc_irdyq.o
                0x00011090                _psp_set_kernel_disable_level
 .text._psp_init_readyqs
                0x00011108       0x84 ./MQXLITE/psp/cortex_m/sc_irdyq.o
                0x00011108                _psp_init_readyqs
 .text._psp_build_stack_frame
                0x0001118c       0x44 ./MQXLITE/psp/cortex_m/stack_bu.o
                0x0001118c                _psp_build_stack_frame
 .text._psp_destroy_stack_frame
                0x000111d0        0x4 ./MQXLITE/psp/cortex_m/stack_de.o
                0x000111d0                _psp_destroy_stack_frame
 .text._mqx_idle_task
                0x000111d4       0x10 ./MQXLITE/kernel/idletask.o
                0x000111d4                _mqx_idle_task
 .text._int_default_isr
                0x000111e4       0x4c ./MQXLITE/kernel/int.o
                0x000111e4                _int_default_isr
 .text._int_disable
                0x00011230       0x18 ./MQXLITE/kernel/int.o
                0x00011230                _int_disable
 .text._int_enable
                0x00011248       0x1c ./MQXLITE/kernel/int.o
                0x00011248                _int_enable
 .text._int_get_isr_data
                0x00011264       0x40 ./MQXLITE/kernel/int.o
                0x00011264                _int_get_isr_data
 .text._int_install_isr
                0x000112a4       0x64 ./MQXLITE/kernel/int.o
                0x000112a4                _int_install_isr
 .text._int_init
                0x00011308       0x4c ./MQXLITE/kernel/int.o
                0x00011308                _int_init
 .text._lwevent_create
                0x00011354       0x84 ./MQXLITE/kernel/lwevent.o
                0x00011354                _lwevent_create
 .text._lwevent_set
                0x000113d8      0x128 ./MQXLITE/kernel/lwevent.o
                0x000113d8                _lwevent_set
 .text._lwevent_wait_for
                0x00011500       0xfc ./MQXLITE/kernel/lwevent.o
                0x00011500                _lwevent_wait_for
 .text._lwsem_create
                0x000115fc       0x64 ./MQXLITE/kernel/lwsem.o
                0x000115fc                _lwsem_create
 .text._lwsem_post
                0x00011660       0xb4 ./MQXLITE/kernel/lwsem.o
                0x00011660                _lwsem_post
 .text._lwsem_wait
                0x00011714       0x98 ./MQXLITE/kernel/lwsem.o
                0x00011714                _lwsem_wait
 .text._mqx_set_cpu_type
                0x000117ac        0xc ./MQXLITE/kernel/mqx_utils.o
                0x000117ac                _mqx_set_cpu_type
 .text._mqx_init_kernel_data_internal
                0x000117b8       0xfc ./MQXLITE/kernel/mqx_utils.o
                0x000117b8                _mqx_init_kernel_data_internal
 .text._mqxlite_init
                0x000118b4       0xc0 ./MQXLITE/kernel/mqxlite.o
                0x000118b4                _mqxlite_init
 .text._mqxlite
                0x00011974       0x98 ./MQXLITE/kernel/mqxlite.o
                0x00011974                _mqxlite
 .text._mqx_exit
                0x00011a0c        0x8 ./MQXLITE/kernel/mqxlite.o
                0x00011a0c                _mqx_exit
 .text._task_exit_function_internal
                0x00011a14      0x140 ./MQXLITE/kernel/task.o
                0x00011a14                _task_exit_function_internal
 .text._task_destroy
                0x00011b54      0x1bc ./MQXLITE/kernel/task.o
                0x00011b54                _task_destroy
 .text._task_set_error
                0x00011d10       0x34 ./MQXLITE/kernel/task.o
                0x00011d10                _task_set_error
 .text._task_init_internal
                0x00011d44      0x28c ./MQXLITE/kernel/task.o
                0x00011d44                _task_init_internal
 .text._task_create_at
                0x00011fd0      0x158 ./MQXLITE/kernel/task.o
                0x00011fd0                _task_create_at
 .text._task_fill_stack_internal
                0x00012128       0x14 ./MQXLITE/kernel/task.o
                0x00012128                _task_fill_stack_internal
 .text._task_ready_internal
                0x0001213c       0x28 ./MQXLITE/kernel/task.o
                0x0001213c                _task_ready_internal
 .text._task_set_error_td_internal
                0x00012164       0x10 ./MQXLITE/kernel/task.o
                0x00012164                _task_set_error_td_internal
 .text._time_delay_for
                0x00012174       0xc4 ./MQXLITE/kernel/time_ticks.o
                0x00012174                _time_delay_for
 .text._time_notify_kernel
                0x00012238      0x138 ./MQXLITE/kernel/time_ticks.o
                0x00012238                _time_notify_kernel
 .text._time_set_hwtick_function
                0x00012370       0x18 ./MQXLITE/kernel/time_ticks.o
                0x00012370                _time_set_hwtick_function
 .text._time_set_hwticks_per_tick
                0x00012388       0x10 ./MQXLITE/kernel/time_ticks.o
                0x00012388                _time_set_hwticks_per_tick
 .text.Cpu_Interrupt
                0x00012398        0x4 ./Generated_Code/Cpu.o
                0x00012398                Cpu_Interrupt
 .text.__init_hardware
                0x0001239c      0x120 ./Generated_Code/Cpu.o
                0x0001239c                __init_hardware
 .text.PE_low_level_init
                0x000124bc       0xb8 ./Generated_Code/Cpu.o
                0x000124bc                PE_low_level_init
 .text.FTM_Interrupt
                0x00012574       0x18 ./Generated_Code/FTM.o
                0x00012574                FTM_Interrupt
 .text.FTM_Init
                0x0001258c       0x7c ./Generated_Code/FTM.o
                0x0001258c                FTM_Init
 .text.FTM_SetPeriodTicks
                0x00012608       0x20 ./Generated_Code/FTM.o
                0x00012608                FTM_SetPeriodTicks
 .text.I2C_Interrupt
                0x00012628      0x168 ./Generated_Code/I2C.o
                0x00012628                I2C_Interrupt
 .text.I2C_Init
                0x00012790       0xc8 ./Generated_Code/I2C.o
                0x00012790                I2C_Init
 .text.I2C_MasterSendBlock
                0x00012858       0xbc ./Generated_Code/I2C.o
                0x00012858                I2C_MasterSendBlock
 .text.I2C_MasterReceiveBlock
                0x00012914       0xb8 ./Generated_Code/I2C.o
                0x00012914                I2C_MasterReceiveBlock
 .text.I2C_SelectSlaveDevice
                0x000129cc       0x70 ./Generated_Code/I2C.o
                0x000129cc                I2C_SelectSlaveDevice
 .text.I2C_GetError
                0x00012a3c       0x1c ./Generated_Code/I2C.o
                0x00012a3c                I2C_GetError
 .text.I2C_CheckBus
                0x00012a58       0x18 ./Generated_Code/I2C.o
                0x00012a58                I2C_CheckBus
 .text.LED_BLUE_Init
                0x00012a70       0x44 ./Generated_Code/LED_BLUE.o
                0x00012a70                LED_BLUE_Init
 .text.LED_BLUE_SetVal
                0x00012ab4       0x10 ./Generated_Code/LED_BLUE.o
                0x00012ab4                LED_BLUE_SetVal
 .text.LED_GREEN_Init
                0x00012ac4       0x40 ./Generated_Code/LED_GREEN.o
                0x00012ac4                LED_GREEN_Init
 .text.LED_GREEN_SetVal
                0x00012b04        0xc ./Generated_Code/LED_GREEN.o
                0x00012b04                LED_GREEN_SetVal
 .text.LED_GREEN_NegVal
                0x00012b10        0xc ./Generated_Code/LED_GREEN.o
                0x00012b10                LED_GREEN_NegVal
 .text.LED_RED_Init
                0x00012b1c       0x44 ./Generated_Code/LED_RED.o
                0x00012b1c                LED_RED_Init
 .text.LED_RED_ClrVal
                0x00012b60       0x10 ./Generated_Code/LED_RED.o
                0x00012b60                LED_RED_ClrVal
 .text.LED_RED_SetVal
                0x00012b70       0x10 ./Generated_Code/LED_RED.o
                0x00012b70                LED_RED_SetVal
 .text.SystemTimer1_OnCounterRestart
                0x00012b80        0x8 ./Generated_Code/MQX1.o
                0x00012b80                SystemTimer1_OnCounterRestart
 .text.system_timer_init
                0x00012b88       0x54 ./Generated_Code/MQX1.o
                0x00012b88                system_timer_init
 .text.system_timer_start
                0x00012bdc       0x14 ./Generated_Code/MQX1.o
                0x00012bdc                system_timer_start
 .text.SystemTimer1_Interrupt
                0x00012bf0       0x1c ./Generated_Code/SystemTimer1.o
                0x00012bf0                SystemTimer1_Interrupt
 .text.SystemTimer1_Init
                0x00012c0c       0x60 ./Generated_Code/SystemTimer1.o
                0x00012c0c                SystemTimer1_Init
 .text.SystemTimer1_Enable
                0x00012c6c       0x14 ./Generated_Code/SystemTimer1.o
                0x00012c6c                SystemTimer1_Enable
 .text.SystemTimer1_GetInputFrequency
                0x00012c80        0x8 ./Generated_Code/SystemTimer1.o
                0x00012c80                SystemTimer1_GetInputFrequency
 .text.SystemTimer1_GetPeriodTicks
                0x00012c88       0x14 ./Generated_Code/SystemTimer1.o
                0x00012c88                SystemTimer1_GetPeriodTicks
 .text.SystemTimer1_GetCounterValue
                0x00012c9c        0xc ./Generated_Code/SystemTimer1.o
                0x00012c9c                SystemTimer1_GetCounterValue
 .text.TestPin_KF_Time_Init
                0x00012ca8       0x48 ./Generated_Code/TestPin_KF_Time.o
                0x00012ca8                TestPin_KF_Time_Init
 .text.TestPin_KF_Time_ClrVal
                0x00012cf0       0x10 ./Generated_Code/TestPin_KF_Time.o
                0x00012cf0                TestPin_KF_Time_ClrVal
 .text.TestPin_KF_Time_SetVal
                0x00012d00       0x10 ./Generated_Code/TestPin_KF_Time.o
                0x00012d00                TestPin_KF_Time_SetVal
 .text.TestPin_MagCal_Time_Init
                0x00012d10       0x48 ./Generated_Code/TestPin_MagCal_Time.o
                0x00012d10                TestPin_MagCal_Time_Init
 .text.TestPin_MagCal_Time_ClrVal
                0x00012d58       0x10 ./Generated_Code/TestPin_MagCal_Time.o
                0x00012d58                TestPin_MagCal_Time_ClrVal
 .text.TestPin_MagCal_Time_SetVal
                0x00012d68       0x10 ./Generated_Code/TestPin_MagCal_Time.o
                0x00012d68                TestPin_MagCal_Time_SetVal
 .text.UART_Interrupt
                0x00012d78       0xd4 ./Generated_Code/UART.o
                0x00012d78                UART_Interrupt
 .text.UART_Init
                0x00012e4c      0x10c ./Generated_Code/UART.o
                0x00012e4c                UART_Init
 .text.UART_ReceiveBlock
                0x00012f58       0x2c ./Generated_Code/UART.o
                0x00012f58                UART_ReceiveBlock
 .text.UART_SendBlock
                0x00012f84       0x48 ./Generated_Code/UART.o
                0x00012f84                UART_SendBlock
 .text.UART_GetReceivedDataNum
                0x00012fcc        0x4 ./Generated_Code/UART.o
                0x00012fcc                UART_GetReceivedDataNum
 .text.UART_GetSentDataNum
                0x00012fd0        0x4 ./Generated_Code/UART.o
                0x00012fd0                UART_GetSentDataNum
 .text.sinf     0x00012fd4       0x80 c:/freescale/kds_3.0.0/toolchain/bin/../lib/gcc/arm-none-eabi/4.8.4/../../../../arm-none-eabi/lib/armv6-m\libm.a(lib_a-sf_sin.o)
                0x00012fd4                sinf
 .text.acosf    0x00013054       0xa0 c:/freescale/kds_3.0.0/toolchain/bin/../lib/gcc/arm-none-eabi/4.8.4/../../../../arm-none-eabi/lib/armv6-m\libm.a(lib_a-wf_acos.o)
                0x00013054                acosf
 *fill*         0x000130f4        0x4 
 .text.powf     0x000130f8      0x398 c:/freescale/kds_3.0.0/toolchain/bin/../lib/gcc/arm-none-eabi/4.8.4/../../../../arm-none-eabi/lib/armv6-m\libm.a(lib_a-wf_pow.o)
                0x000130f8                powf
 .text.sqrtf    0x00013490       0xb0 c:/freescale/kds_3.0.0/toolchain/bin/../lib/gcc/arm-none-eabi/4.8.4/../../../../arm-none-eabi/lib/armv6-m\libm.a(lib_a-wf_sqrt.o)
                0x00013490                sqrtf
 .text.__ieee754_acosf
                0x00013540      0x2d4 c:/freescale/kds_3.0.0/toolchain/bin/../lib/gcc/arm-none-eabi/4.8.4/../../../../arm-none-eabi/lib/armv6-m\libm.a(lib_a-ef_acos.o)
                0x00013540                __ieee754_acosf
 .text.__ieee754_powf
                0x00013814      0x71c c:/freescale/kds_3.0.0/toolchain/bin/../lib/gcc/arm-none-eabi/4.8.4/../../../../arm-none-eabi/lib/armv6-m\libm.a(lib_a-ef_pow.o)
                0x00013814                __ieee754_powf
 .text.__ieee754_rem_pio2f
                0x00013f30      0x2f8 c:/freescale/kds_3.0.0/toolchain/bin/../lib/gcc/arm-none-eabi/4.8.4/../../../../arm-none-eabi/lib/armv6-m\libm.a(lib_a-ef_rem_pio2.o)
                0x00013f30                __ieee754_rem_pio2f
 .text.__ieee754_sqrtf
                0x00014228       0xbc c:/freescale/kds_3.0.0/toolchain/bin/../lib/gcc/arm-none-eabi/4.8.4/../../../../arm-none-eabi/lib/armv6-m\libm.a(lib_a-ef_sqrt.o)
                0x00014228                __ieee754_sqrtf
 .text.__kernel_cosf
                0x000142e4      0x190 c:/freescale/kds_3.0.0/toolchain/bin/../lib/gcc/arm-none-eabi/4.8.4/../../../../arm-none-eabi/lib/armv6-m\libm.a(lib_a-kf_cos.o)
                0x000142e4                __kernel_cosf
 .text.__kernel_rem_pio2f
                0x00014474      0x6c0 c:/freescale/kds_3.0.0/toolchain/bin/../lib/gcc/arm-none-eabi/4.8.4/../../../../arm-none-eabi/lib/armv6-m\libm.a(lib_a-kf_rem_pio2.o)
                0x00014474                __kernel_rem_pio2f
 .text.__kernel_sinf
                0x00014b34       0xf4 c:/freescale/kds_3.0.0/toolchain/bin/../lib/gcc/arm-none-eabi/4.8.4/../../../../arm-none-eabi/lib/armv6-m\libm.a(lib_a-kf_sin.o)
                0x00014b34                __kernel_sinf
 .text.matherr  0x00014c28        0x4 c:/freescale/kds_3.0.0/toolchain/bin/../lib/gcc/arm-none-eabi/4.8.4/../../../../arm-none-eabi/lib/armv6-m\libm.a(lib_a-s_matherr.o)
                0x00014c28                matherr
 *fill*         0x00014c2c        0x4 
 .text.nan      0x00014c30       0x10 c:/freescale/kds_3.0.0/toolchain/bin/../lib/gcc/arm-none-eabi/4.8.4/../../../../arm-none-eabi/lib/armv6-m\libm.a(lib_a-s_nan.o)
                0x00014c30                nan
 .text.rint     0x00014c40      0x154 c:/freescale/kds_3.0.0/toolchain/bin/../lib/gcc/arm-none-eabi/4.8.4/../../../../arm-none-eabi/lib/armv6-m\libm.a(lib_a-s_rint.o)
                0x00014c40                rint
 .text.fabsf    0x00014d94        0x8 c:/freescale/kds_3.0.0/toolchain/bin/../lib/gcc/arm-none-eabi/4.8.4/../../../../arm-none-eabi/lib/armv6-m\libm.a(lib_a-sf_fabs.o)
                0x00014d94                fabsf
 .text.finitef  0x00014d9c       0x14 c:/freescale/kds_3.0.0/toolchain/bin/../lib/gcc/arm-none-eabi/4.8.4/../../../../arm-none-eabi/lib/armv6-m\libm.a(lib_a-sf_finite.o)
                0x00014d9c                finitef
 .text.floorf   0x00014db0       0x98 c:/freescale/kds_3.0.0/toolchain/bin/../lib/gcc/arm-none-eabi/4.8.4/../../../../arm-none-eabi/lib/armv6-m\libm.a(lib_a-sf_floor.o)
                0x00014db0                floorf
 .text.__fpclassifyf
                0x00014e48       0x3c c:/freescale/kds_3.0.0/toolchain/bin/../lib/gcc/arm-none-eabi/4.8.4/../../../../arm-none-eabi/lib/armv6-m\libm.a(lib_a-sf_fpclassify.o)
                0x00014e48                __fpclassifyf
 .text.nanf     0x00014e84        0x8 c:/freescale/kds_3.0.0/toolchain/bin/../lib/gcc/arm-none-eabi/4.8.4/../../../../arm-none-eabi/lib/armv6-m\libm.a(lib_a-sf_nan.o)
                0x00014e84                nanf
 .text.scalbnf  0x00014e8c       0xcc c:/freescale/kds_3.0.0/toolchain/bin/../lib/gcc/arm-none-eabi/4.8.4/../../../../arm-none-eabi/lib/armv6-m\libm.a(lib_a-sf_scalbn.o)
                0x00014e8c                scalbnf
 .text.copysignf
                0x00014f58        0xc c:/freescale/kds_3.0.0/toolchain/bin/../lib/gcc/arm-none-eabi/4.8.4/../../../../arm-none-eabi/lib/armv6-m\libm.a(lib_a-sf_copysign.o)
                0x00014f58                copysignf
 .text.__errno  0x00014f64        0xc c:/freescale/kds_3.0.0/toolchain/bin/../lib/gcc/arm-none-eabi/4.8.4/../../../../arm-none-eabi/lib/armv6-m\libg_s.a(lib_a-errno.o)
                0x00014f64                __errno
 .text.memset   0x00014f70       0x10 c:/freescale/kds_3.0.0/toolchain/bin/../lib/gcc/arm-none-eabi/4.8.4/../../../../arm-none-eabi/lib/armv6-m\libg_s.a(lib_a-memset.o)
                0x00014f70                memset
 *(.rodata)
 .rodata        0x00014f80       0x40 c:/freescale/kds_3.0.0/toolchain/bin/../lib/gcc/arm-none-eabi/4.8.4/armv6-m\libgcc.a(divsf3.o)
 .rodata        0x00014fc0       0x40 c:/freescale/kds_3.0.0/toolchain/bin/../lib/gcc/arm-none-eabi/4.8.4/armv6-m\libgcc.a(mulsf3.o)
 .rodata        0x00015000       0x40 c:/freescale/kds_3.0.0/toolchain/bin/../lib/gcc/arm-none-eabi/4.8.4/armv6-m\libgcc.a(divdf3.o)
 *(.rodata*)
 .rodata.CreateAndSendBluetoothPacketsViaUART
                0x00015040       0x40 ./Sources/drivers.o
 .rodata.str1.4
                0x00015080        0xb ./Sources/drivers.o
                                  0xc (size before relaxing)
 *fill*         0x0001508b        0x1 
 .rodata._mem_zero
                0x0001508c       0x40 ./MQXLITE/psp/cortex_m/mem_zero.o
 .rodata.str1.4
                0x000150cc        0xf ./MQXLITE/kernel/mqx_utils.o
                                 0x10 (size before relaxing)
 *fill*         0x000150db        0x1 
 .rodata._mqx_path
                0x000150dc        0x4 ./MQXLITE/kernel/mqxlite.o
                0x000150dc                _mqx_path
 .rodata._mqx_vendor
                0x000150e0        0x4 ./MQXLITE/kernel/mqxlite.o
                0x000150e0                _mqx_vendor
 .rodata._mqxlite_version_number
                0x000150e4        0x4 ./MQXLITE/kernel/mqxlite.o
                0x000150e4                _mqxlite_version_number
 .rodata._mqx_version_number
                0x000150e8        0x4 ./MQXLITE/kernel/mqxlite.o
                0x000150e8                _mqx_version_number
 .rodata.str1.4
                0x000150ec       0xda ./MQXLITE/kernel/mqxlite.o
                                 0xdc (size before relaxing)
 *fill*         0x000151c6        0x2 
 .rodata.str1.4
                0x000151c8       0x23 ./MQXLITE/config/task_template_list.o
                                 0x24 (size before relaxing)
 *fill*         0x000151eb        0x1 
 .rodata.MQX_template_list
                0x000151ec       0x8c ./MQXLITE/config/task_template_list.o
                0x000151ec                MQX_template_list
 .rodata.MQX_init_struct
                0x00015278       0x24 ./Generated_Code/MQX1.o
                0x00015278                MQX_init_struct
 .rodata.str1.4
                0x0001529c        0x6 c:/freescale/kds_3.0.0/toolchain/bin/../lib/gcc/arm-none-eabi/4.8.4/../../../../arm-none-eabi/lib/armv6-m\libm.a(lib_a-wf_acos.o)
                                  0xc (size before relaxing)
 *fill*         0x000152a2        0x2 
 .rodata.str1.4
                0x000152a4        0x5 c:/freescale/kds_3.0.0/toolchain/bin/../lib/gcc/arm-none-eabi/4.8.4/../../../../arm-none-eabi/lib/armv6-m\libm.a(lib_a-wf_pow.o)
                                  0x8 (size before relaxing)
 *fill*         0x000152a9        0x3 
 .rodata.str1.4
                0x000152ac        0x8 c:/freescale/kds_3.0.0/toolchain/bin/../lib/gcc/arm-none-eabi/4.8.4/../../../../arm-none-eabi/lib/armv6-m\libm.a(lib_a-wf_sqrt.o)
 .rodata.dp_h   0x000152b4        0x8 c:/freescale/kds_3.0.0/toolchain/bin/../lib/gcc/arm-none-eabi/4.8.4/../../../../arm-none-eabi/lib/armv6-m\libm.a(lib_a-ef_pow.o)
 .rodata.dp_l   0x000152bc        0x8 c:/freescale/kds_3.0.0/toolchain/bin/../lib/gcc/arm-none-eabi/4.8.4/../../../../arm-none-eabi/lib/armv6-m\libm.a(lib_a-ef_pow.o)
 .rodata.bp     0x000152c4        0x8 c:/freescale/kds_3.0.0/toolchain/bin/../lib/gcc/arm-none-eabi/4.8.4/../../../../arm-none-eabi/lib/armv6-m\libm.a(lib_a-ef_pow.o)
 .rodata.str1.4
                0x00000000        0x4 c:/freescale/kds_3.0.0/toolchain/bin/../lib/gcc/arm-none-eabi/4.8.4/../../../../arm-none-eabi/lib/armv6-m\libm.a(lib_a-ef_pow.o)
 .rodata.npio2_hw
                0x000152cc       0x80 c:/freescale/kds_3.0.0/toolchain/bin/../lib/gcc/arm-none-eabi/4.8.4/../../../../arm-none-eabi/lib/armv6-m\libm.a(lib_a-ef_rem_pio2.o)
 .rodata.two_over_pi
                0x0001534c      0x318 c:/freescale/kds_3.0.0/toolchain/bin/../lib/gcc/arm-none-eabi/4.8.4/../../../../arm-none-eabi/lib/armv6-m\libm.a(lib_a-ef_rem_pio2.o)
 .rodata.init_jk
                0x00015664        0xc c:/freescale/kds_3.0.0/toolchain/bin/../lib/gcc/arm-none-eabi/4.8.4/../../../../arm-none-eabi/lib/armv6-m\libm.a(lib_a-kf_rem_pio2.o)
 .rodata.PIo2   0x00015670       0x2c c:/freescale/kds_3.0.0/toolchain/bin/../lib/gcc/arm-none-eabi/4.8.4/../../../../arm-none-eabi/lib/armv6-m\libm.a(lib_a-kf_rem_pio2.o)
 *fill*         0x0001569c        0x4 
 .rodata.TWO52  0x000156a0       0x10 c:/freescale/kds_3.0.0/toolchain/bin/../lib/gcc/arm-none-eabi/4.8.4/../../../../arm-none-eabi/lib/armv6-m\libm.a(lib_a-s_rint.o)
 .rodata.str1.1
                0x000156b0        0x2 c:/freescale/kds_3.0.0/toolchain/bin/../lib/gcc/arm-none-eabi/4.8.4/../../../../arm-none-eabi/lib/armv6-m\libg_s.a(lib_a-impure.o)
 *fill*         0x000156b2        0x2 
 .rodata.__sf_fake_stdin
                0x000156b4       0x20 c:/freescale/kds_3.0.0/toolchain/bin/../lib/gcc/arm-none-eabi/4.8.4/../../../../arm-none-eabi/lib/armv6-m\libg_s.a(lib_a-findfp.o)
                0x000156b4                __sf_fake_stdin
 .rodata.__sf_fake_stdout
                0x000156d4       0x20 c:/freescale/kds_3.0.0/toolchain/bin/../lib/gcc/arm-none-eabi/4.8.4/../../../../arm-none-eabi/lib/armv6-m\libg_s.a(lib_a-findfp.o)
                0x000156d4                __sf_fake_stdout
 .rodata.__sf_fake_stderr
                0x000156f4       0x20 c:/freescale/kds_3.0.0/toolchain/bin/../lib/gcc/arm-none-eabi/4.8.4/../../../../arm-none-eabi/lib/armv6-m\libg_s.a(lib_a-findfp.o)
                0x000156f4                __sf_fake_stderr
 *(.glue_7)
 .glue_7        0x00000000        0x0 linker stubs
 *(.glue_7t)
 .glue_7t       0x00000000        0x0 linker stubs
 *(.eh_frame)
 .eh_frame      0x00015714        0x0 c:/freescale/kds_3.0.0/toolchain/bin/../lib/gcc/arm-none-eabi/4.8.4/armv6-m/crtbegin.o
 *(.init)
 .init          0x00015714        0x4 c:/freescale/kds_3.0.0/toolchain/bin/../lib/gcc/arm-none-eabi/4.8.4/armv6-m/crti.o
                0x00015714                _init
 .init          0x00015718        0x8 c:/freescale/kds_3.0.0/toolchain/bin/../lib/gcc/arm-none-eabi/4.8.4/armv6-m/crtn.o
 *(.fini)
 .fini          0x00015720        0x4 c:/freescale/kds_3.0.0/toolchain/bin/../lib/gcc/arm-none-eabi/4.8.4/armv6-m/crti.o
                0x00015720                _fini
 .fini          0x00015724        0x8 c:/freescale/kds_3.0.0/toolchain/bin/../lib/gcc/arm-none-eabi/4.8.4/armv6-m/crtn.o
                0x0001572c                . = ALIGN (0x4)
 *(KERNEL)
 KERNEL         0x0001572c      0x278 ./MQXLITE/psp/cortex_m/core/M0/dispatch.o
                0x0001572c                _sched_start_internal
                0x00015732                _sched_run_internal
                0x00015738                _sched_check_scheduler_internal
                0x00015750                _sched_execute_scheduler_internal
                0x00015818                _mqx_api_call
                0x0001581a                _task_block
                0x00015862                _int_kernel_isr
                0x0001590c                _psp_exception_return
                0x00015944                _mem_test_and_set
                0x0001595a                __get_PSP
                0x00015960                __get_MSP
                0x00015966                __set_MSP
                0x0001596c                __get_PSR
                0x00015972                __enable_interrupt
                0x00015976                __disable_interrupt
                0x0001597a                __get_LR
                0x0001597e                __get_PC
                0x00015982                __get_CONTROL
                0x00000000                __VECTOR_TABLE_START = __vector_table
                0x000159a4                . = ALIGN (0x4)
 *(.rdata)
                0x000159a4                . = ALIGN (0x4)
 *(.exception)
                0x000159a4                . = ALIGN (0x4)
                0x000159a4                __exception_table_start__ = .
                0x000159a4                __exception_table_end__ = .
                0x000159a4                __sinit__ = .
                0x000159a4                _etext = .

.vfp11_veneer   0x000159a4        0x0
 .vfp11_veneer  0x00000000        0x0 linker stubs

.v4_bx          0x000159a4        0x0
 .v4_bx         0x00000000        0x0 linker stubs

.iplt           0x000159a4        0x0
 .iplt          0x00000000        0x0 c:/freescale/kds_3.0.0/toolchain/bin/../lib/gcc/arm-none-eabi/4.8.4/armv6-m/crtbegin.o

.rel.dyn        0x000159a4        0x0
 .rel.iplt      0x00000000        0x0 c:/freescale/kds_3.0.0/toolchain/bin/../lib/gcc/arm-none-eabi/4.8.4/armv6-m/crtbegin.o

.ARM.extab
 *(.ARM.extab* .gnu.linkonce.armextab.*)

.ARM            0x000159a4        0x0
                0x000159a4                __exidx_start = .
 *(.ARM.exidx*)
                0x000159a4                __exidx_end = .

.ctors          0x000159a4        0x0
                0x000159a4                __CTOR_LIST__ = .
 *crtbegin.o(.ctors)
 *(EXCLUDE_FILE(*crtend.o) .ctors)
 *(SORT(.ctors.*))
 *(.ctors)
                0x000159a4                __CTOR_END__ = .

.dtors          0x000159a4        0x0
                0x000159a4                __DTOR_LIST__ = .
 *crtbegin.o(.dtors)
 *(EXCLUDE_FILE(*crtend.o) .dtors)
 *(SORT(.dtors.*))
 *(.dtors)
                0x000159a4                __DTOR_END__ = .

.preinit_array  0x000159a4        0x0
                0x000159a4                PROVIDE (__preinit_array_start, .)
 *(.preinit_array*)
                0x000159a4                PROVIDE (__preinit_array_end, .)

.init_array     0x000159a4        0x4
                0x000159a4                PROVIDE (__init_array_start, .)
 *(SORT(.init_array.*))
 *(.init_array*)
 .init_array    0x000159a4        0x4 c:/freescale/kds_3.0.0/toolchain/bin/../lib/gcc/arm-none-eabi/4.8.4/armv6-m/crtbegin.o
                0x000159a8                PROVIDE (__init_array_end, .)

.fini_array     0x000159a8        0x4
                0x000159a8                PROVIDE (__fini_array_start, .)
 *(SORT(.fini_array.*))
 *(.fini_array*)
 .fini_array    0x000159a8        0x4 c:/freescale/kds_3.0.0/toolchain/bin/../lib/gcc/arm-none-eabi/4.8.4/armv6-m/crtbegin.o
                0x000159ac                PROVIDE (__fini_array_end, .)
                0x000159ac                ___ROM_AT = .

.mtb            0x1fffe000        0x0
                0x1fffe000                . = ALIGN (0x8)
                0x1fffe000                _mtb_start = .
 *(.mtb_buf)
                0x1fffe000                . = ALIGN (0x8)
                0x1fffe000                _mtb_end = .

.data           0x1fffe000       0x80 load address 0x000159ac
                0x1fffe000                . = ALIGN (0x4)
                0x1fffe000                _sdata = .
 *(.data)
 *(.data*)
 .data._mqx_kernel_data
                0x1fffe000        0x4 ./MQXLITE/kernel/mqxlite.o
                0x1fffe000                _mqx_kernel_data
 .data.mqx_task_stack_pointers
                0x1fffe004       0x14 ./Generated_Code/MQX1.o
                0x1fffe004                mqx_task_stack_pointers
 .data.__fdlib_version
                0x1fffe018        0x1 c:/freescale/kds_3.0.0/toolchain/bin/../lib/gcc/arm-none-eabi/4.8.4/../../../../arm-none-eabi/lib/armv6-m\libm.a(lib_a-s_lib_ver.o)
                0x1fffe018                __fdlib_version
 *fill*         0x1fffe019        0x3 
 .data.impure_data
                0x1fffe01c       0x60 c:/freescale/kds_3.0.0/toolchain/bin/../lib/gcc/arm-none-eabi/4.8.4/../../../../arm-none-eabi/lib/armv6-m\libg_s.a(lib_a-impure.o)
 .data._impure_ptr
                0x1fffe07c        0x4 c:/freescale/kds_3.0.0/toolchain/bin/../lib/gcc/arm-none-eabi/4.8.4/../../../../arm-none-eabi/lib/armv6-m\libg_s.a(lib_a-impure.o)
                0x1fffe07c                _impure_ptr
                0x1fffe080                . = ALIGN (0x4)
                0x1fffe080                _edata = .
                0x00000080                ___data_size = (_edata - _sdata)

.jcr            0x1fffe080        0x0 load address 0x00015a2c
 .jcr           0x1fffe080        0x0 c:/freescale/kds_3.0.0/toolchain/bin/../lib/gcc/arm-none-eabi/4.8.4/armv6-m/crtbegin.o

.igot.plt       0x1fffe080        0x0 load address 0x00015a2c
 .igot.plt      0x00000000        0x0 c:/freescale/kds_3.0.0/toolchain/bin/../lib/gcc/arm-none-eabi/4.8.4/armv6-m/crtbegin.o
                0x1fffe080                . = ALIGN (0x4)

.bss            0x1fffe080     0x3860 load address 0x00015a2c
                0x1fffe080                __START_BSS = .
                0x1fffe080                PROVIDE (__bss_start__, __START_BSS)
 *(.bss)
 .bss           0x1fffe080       0x1c c:/freescale/kds_3.0.0/toolchain/bin/../lib/gcc/arm-none-eabi/4.8.4/armv6-m/crtbegin.o
 *(.bss*)
 .bss.iCounter.8749
                0x1fffe09c        0x1 ./Sources/tasks.o
 *fill*         0x1fffe09d        0x3 
 .bss.argv      0x1fffe0a0       0x28 ./Project_Settings/Startup_Code/startup.o
 .bss.DeviceDataPrv__DEFAULT_RTOS_ALLOC
                0x1fffe0c8        0xc ./Generated_Code/FTM.o
 .bss.DeviceDataPrv__DEFAULT_RTOS_ALLOC
                0x1fffe0d4       0x24 ./Generated_Code/I2C.o
 .bss.DeviceDataPrv__DEFAULT_RTOS_ALLOC
                0x1fffe0f8        0x4 ./Generated_Code/LED_BLUE.o
 .bss.DeviceDataPrv__DEFAULT_RTOS_ALLOC
                0x1fffe0fc        0x4 ./Generated_Code/LED_GREEN.o
 .bss.DeviceDataPrv__DEFAULT_RTOS_ALLOC
                0x1fffe100        0x4 ./Generated_Code/LED_RED.o
 .bss.SystemTimerDeviceDataPtr
                0x1fffe104        0x4 ./Generated_Code/MQX1.o
 .bss.PE_LDD_DeviceDataList
                0x1fffe108       0x24 ./Generated_Code/PE_LDD.o
                0x1fffe108                PE_LDD_DeviceDataList
 .bss.DeviceDataPrv__DEFAULT_RTOS_ALLOC
                0x1fffe12c        0xc ./Generated_Code/SystemTimer1.o
 .bss.DeviceDataPrv__DEFAULT_RTOS_ALLOC
                0x1fffe138        0x4 ./Generated_Code/TestPin_KF_Time.o
 .bss.DeviceDataPrv__DEFAULT_RTOS_ALLOC
                0x1fffe13c        0x4 ./Generated_Code/TestPin_MagCal_Time.o
 .bss.DeviceDataPrv__DEFAULT_RTOS_ALLOC
                0x1fffe140       0x20 ./Generated_Code/UART.o
 *(COMMON)
 COMMON         0x1fffe160      0x134 ./Sources/drivers.o
                0x1fffe160                I2C_Buf
                0x1fffe170                iCommand
                0x1fffe174                sUARTOutputBuf
                0x1fffe274                sUARTInputBuf
 COMMON         0x1fffe294       0x8c ./Sources/mqx_tasks.o
                0x1fffe294                mqxglobals
                0x1fffe310                globals
 COMMON         0x1fffe320     0x1fc0 ./Sources/tasks.o
                0x1fffe320                thisSV_1DOF_P_BASIC
                0x1fffe338                thisAccel
                0x1fffe36c                thisSV_3DOF_B_BASIC
                0x1fffe410                thisMagBuffer
                0x1fffef68                thisSV_3DOF_G_BASIC
                0x1ffff00c                thisPressure
                0x1ffff028                thisSV_6DOF_GB_BASIC
                0x1ffff0d4                thisMagCal
                0x1ffff4ec                thisGyro
                0x1ffff540                thisSV_9DOF_GBY_KALMAN
                0x1ffffd78                thisSV_6DOF_GY_KALMAN
                0x20000208                thisMag
                0x20000260                thisSV_3DOF_Y_BASIC
 COMMON         0x200002e0        0x4 ./MQXLITE/kernel/task.o
                0x200002e0                _tad_task_at_flag
 COMMON         0x200002e4     0x15fc ./Generated_Code/MQX1.o
                0x200002e4                Main_task_stack
                0x20000570                RdSensData_task_stack
                0x200009fc                _mqx_kernel_data_struct
                0x20000c50                mqx_interrupt_stack
                0x20000d60                mqx_static_ready_queue
                0x20000e30                mqx_static_isr_table
                0x20000f98                mqx_idle_task_stack
                0x200010c8                Fusion_task_stack
                0x20001554                MagCal_task_stack
                0x200018e0                . = ALIGN (0x4)
                0x200018e0                __END_BSS = .
                0x200018e0                PROVIDE (__bss_end__, __END_BSS)
                0x00015a2c                _romp_at = (___ROM_AT + SIZEOF (.data))

.romp           0x200018e0       0x18 load address 0x00015a2c
                0x00015a2c                __S_romp = _romp_at
                0x200018e0        0x4 LONG 0x159ac ___ROM_AT
                0x200018e4        0x4 LONG 0x1fffe000 _sdata
                0x200018e8        0x4 LONG 0x80 ___data_size
                0x200018ec        0x4 LONG 0x0
                0x200018f0        0x4 LONG 0x0
                0x200018f4        0x4 LONG 0x0

._user_heap_stack
                0x200018f8      0x400 load address 0x00015a44
                0x200018f8                . = ALIGN (0x4)
                0x200018f8                PROVIDE (end, .)
                0x200018f8                PROVIDE (_end, .)
                0x200018f8                __heap_addr = .
                0x200018f8                __HeapBase = .
                0x200018f8                . = (. + __heap_size)
                0x200018f8                __HeapLimit = .
                0x20001cf8                . = (. + __stack_size)
 *fill*         0x200018f8      0x400 
                0x20001cf8                . = ALIGN (0x4)

.ARM.attributes
                0x00000000       0x28
 *(.ARM.attributes)
 .ARM.attributes
                0x00000000       0x1e c:/freescale/kds_3.0.0/toolchain/bin/../lib/gcc/arm-none-eabi/4.8.4/armv6-m/crti.o
 .ARM.attributes
                0x0000001e       0x2c c:/freescale/kds_3.0.0/toolchain/bin/../lib/gcc/arm-none-eabi/4.8.4/armv6-m/crtbegin.o
 .ARM.attributes
                0x0000004a       0x32 ./Sources/Events.o
 .ARM.attributes
                0x0000007c       0x32 ./Sources/approximations.o
 .ARM.attributes
                0x000000ae       0x32 ./Sources/drivers.o
 .ARM.attributes
                0x000000e0       0x32 ./Sources/fusion.o
 .ARM.attributes
                0x00000112       0x32 ./Sources/magnetic.o
 .ARM.attributes
                0x00000144       0x32 ./Sources/main.o
 .ARM.attributes
                0x00000176       0x32 ./Sources/matrix.o
 .ARM.attributes
                0x000001a8       0x32 ./Sources/mqx_tasks.o
 .ARM.attributes
                0x000001da       0x32 ./Sources/orientation.o
 .ARM.attributes
                0x0000020c       0x32 ./Sources/tasks.o
 .ARM.attributes
                0x0000023e       0x32 ./Sources/user_tasks.o
 .ARM.attributes
                0x00000270       0x32 ./Project_Settings/Startup_Code/startup.o
 .ARM.attributes
                0x000002a2       0x22 ./MQXLITE/psp/cortex_m/core/M0/boot.o
 .ARM.attributes
                0x000002c4       0x22 ./MQXLITE/psp/cortex_m/core/M0/dispatch.o
 .ARM.attributes
                0x000002e6       0x32 ./MQXLITE/psp/cortex_m/int_inst.o
 .ARM.attributes
                0x00000318       0x32 ./MQXLITE/psp/cortex_m/int_vtab.o
 .ARM.attributes
                0x0000034a       0x32 ./MQXLITE/psp/cortex_m/mem_zero.o
 .ARM.attributes
                0x0000037c       0x32 ./MQXLITE/psp/cortex_m/psp_iinit.o
 .ARM.attributes
                0x000003ae       0x32 ./MQXLITE/psp/cortex_m/psp_tiad.o
 .ARM.attributes
                0x000003e0       0x32 ./MQXLITE/psp/cortex_m/psp_tinm.o
 .ARM.attributes
                0x00000412       0x32 ./MQXLITE/psp/cortex_m/sc_irdyq.o
 .ARM.attributes
                0x00000444       0x32 ./MQXLITE/psp/cortex_m/stack_bu.o
 .ARM.attributes
                0x00000476       0x32 ./MQXLITE/psp/cortex_m/stack_de.o
 .ARM.attributes
                0x000004a8       0x32 ./MQXLITE/kernel/idletask.o
 .ARM.attributes
                0x000004da       0x32 ./MQXLITE/kernel/int.o
 .ARM.attributes
                0x0000050c       0x32 ./MQXLITE/kernel/lwevent.o
 .ARM.attributes
                0x0000053e       0x32 ./MQXLITE/kernel/lwsem.o
 .ARM.attributes
                0x00000570       0x32 ./MQXLITE/kernel/mqx_utils.o
 .ARM.attributes
                0x000005a2       0x32 ./MQXLITE/kernel/mqxlite.o
 .ARM.attributes
                0x000005d4       0x32 ./MQXLITE/kernel/task.o
 .ARM.attributes
                0x00000606       0x32 ./MQXLITE/kernel/time_ticks.o
 .ARM.attributes
                0x00000638       0x32 ./MQXLITE/config/task_template_list.o
 .ARM.attributes
                0x0000066a       0x32 ./Generated_Code/Cpu.o
 .ARM.attributes
                0x0000069c       0x32 ./Generated_Code/FTM.o
 .ARM.attributes
                0x000006ce       0x32 ./Generated_Code/I2C.o
 .ARM.attributes
                0x00000700       0x32 ./Generated_Code/LED_BLUE.o
 .ARM.attributes
                0x00000732       0x32 ./Generated_Code/LED_GREEN.o
 .ARM.attributes
                0x00000764       0x32 ./Generated_Code/LED_RED.o
 .ARM.attributes
                0x00000796       0x32 ./Generated_Code/MQX1.o
 .ARM.attributes
                0x000007c8       0x32 ./Generated_Code/PE_LDD.o
 .ARM.attributes
                0x000007fa       0x32 ./Generated_Code/SystemTimer1.o
 .ARM.attributes
                0x0000082c       0x32 ./Generated_Code/TestPin_KF_Time.o
 .ARM.attributes
                0x0000085e       0x32 ./Generated_Code/TestPin_MagCal_Time.o
 .ARM.attributes
                0x00000890       0x32 ./Generated_Code/UART.o
 .ARM.attributes
                0x000008c2       0x32 ./Generated_Code/Vectors.o
 .ARM.attributes
                0x000008f4       0x2c c:/freescale/kds_3.0.0/toolchain/bin/../lib/gcc/arm-none-eabi/4.8.4/../../../../arm-none-eabi/lib/armv6-m\libm.a(lib_a-sf_sin.o)
 .ARM.attributes
                0x00000920       0x2c c:/freescale/kds_3.0.0/toolchain/bin/../lib/gcc/arm-none-eabi/4.8.4/../../../../arm-none-eabi/lib/armv6-m\libm.a(lib_a-wf_acos.o)
 .ARM.attributes
                0x0000094c       0x2c c:/freescale/kds_3.0.0/toolchain/bin/../lib/gcc/arm-none-eabi/4.8.4/../../../../arm-none-eabi/lib/armv6-m\libm.a(lib_a-wf_pow.o)
 .ARM.attributes
                0x00000978       0x2c c:/freescale/kds_3.0.0/toolchain/bin/../lib/gcc/arm-none-eabi/4.8.4/../../../../arm-none-eabi/lib/armv6-m\libm.a(lib_a-wf_sqrt.o)
 .ARM.attributes
                0x000009a4       0x2c c:/freescale/kds_3.0.0/toolchain/bin/../lib/gcc/arm-none-eabi/4.8.4/../../../../arm-none-eabi/lib/armv6-m\libm.a(lib_a-ef_acos.o)
 .ARM.attributes
                0x000009d0       0x2c c:/freescale/kds_3.0.0/toolchain/bin/../lib/gcc/arm-none-eabi/4.8.4/../../../../arm-none-eabi/lib/armv6-m\libm.a(lib_a-ef_pow.o)
 .ARM.attributes
                0x000009fc       0x2c c:/freescale/kds_3.0.0/toolchain/bin/../lib/gcc/arm-none-eabi/4.8.4/../../../../arm-none-eabi/lib/armv6-m\libm.a(lib_a-ef_rem_pio2.o)
 .ARM.attributes
                0x00000a28       0x2c c:/freescale/kds_3.0.0/toolchain/bin/../lib/gcc/arm-none-eabi/4.8.4/../../../../arm-none-eabi/lib/armv6-m\libm.a(lib_a-ef_sqrt.o)
 .ARM.attributes
                0x00000a54       0x2c c:/freescale/kds_3.0.0/toolchain/bin/../lib/gcc/arm-none-eabi/4.8.4/../../../../arm-none-eabi/lib/armv6-m\libm.a(lib_a-kf_cos.o)
 .ARM.attributes
                0x00000a80       0x2c c:/freescale/kds_3.0.0/toolchain/bin/../lib/gcc/arm-none-eabi/4.8.4/../../../../arm-none-eabi/lib/armv6-m\libm.a(lib_a-kf_rem_pio2.o)
 .ARM.attributes
                0x00000aac       0x2c c:/freescale/kds_3.0.0/toolchain/bin/../lib/gcc/arm-none-eabi/4.8.4/../../../../arm-none-eabi/lib/armv6-m\libm.a(lib_a-kf_sin.o)
 .ARM.attributes
                0x00000ad8       0x2c c:/freescale/kds_3.0.0/toolchain/bin/../lib/gcc/arm-none-eabi/4.8.4/../../../../arm-none-eabi/lib/armv6-m\libm.a(lib_a-s_lib_ver.o)
 .ARM.attributes
                0x00000b04       0x2c c:/freescale/kds_3.0.0/toolchain/bin/../lib/gcc/arm-none-eabi/4.8.4/../../../../arm-none-eabi/lib/armv6-m\libm.a(lib_a-s_matherr.o)
 .ARM.attributes
                0x00000b30       0x2c c:/freescale/kds_3.0.0/toolchain/bin/../lib/gcc/arm-none-eabi/4.8.4/../../../../arm-none-eabi/lib/armv6-m\libm.a(lib_a-s_nan.o)
 .ARM.attributes
                0x00000b5c       0x2c c:/freescale/kds_3.0.0/toolchain/bin/../lib/gcc/arm-none-eabi/4.8.4/../../../../arm-none-eabi/lib/armv6-m\libm.a(lib_a-s_rint.o)
 .ARM.attributes
                0x00000b88       0x2c c:/freescale/kds_3.0.0/toolchain/bin/../lib/gcc/arm-none-eabi/4.8.4/../../../../arm-none-eabi/lib/armv6-m\libm.a(lib_a-sf_fabs.o)
 .ARM.attributes
                0x00000bb4       0x2c c:/freescale/kds_3.0.0/toolchain/bin/../lib/gcc/arm-none-eabi/4.8.4/../../../../arm-none-eabi/lib/armv6-m\libm.a(lib_a-sf_finite.o)
 .ARM.attributes
                0x00000be0       0x2c c:/freescale/kds_3.0.0/toolchain/bin/../lib/gcc/arm-none-eabi/4.8.4/../../../../arm-none-eabi/lib/armv6-m\libm.a(lib_a-sf_floor.o)
 .ARM.attributes
                0x00000c0c       0x2c c:/freescale/kds_3.0.0/toolchain/bin/../lib/gcc/arm-none-eabi/4.8.4/../../../../arm-none-eabi/lib/armv6-m\libm.a(lib_a-sf_fpclassify.o)
 .ARM.attributes
                0x00000c38       0x2c c:/freescale/kds_3.0.0/toolchain/bin/../lib/gcc/arm-none-eabi/4.8.4/../../../../arm-none-eabi/lib/armv6-m\libm.a(lib_a-sf_nan.o)
 .ARM.attributes
                0x00000c64       0x2c c:/freescale/kds_3.0.0/toolchain/bin/../lib/gcc/arm-none-eabi/4.8.4/../../../../arm-none-eabi/lib/armv6-m\libm.a(lib_a-sf_scalbn.o)
 .ARM.attributes
                0x00000c90       0x2c c:/freescale/kds_3.0.0/toolchain/bin/../lib/gcc/arm-none-eabi/4.8.4/../../../../arm-none-eabi/lib/armv6-m\libm.a(lib_a-sf_copysign.o)
 .ARM.attributes
                0x00000cbc       0x1e c:/freescale/kds_3.0.0/toolchain/bin/../lib/gcc/arm-none-eabi/4.8.4/armv6-m\libgcc.a(_udivsi3.o)
 .ARM.attributes
                0x00000cda       0x1e c:/freescale/kds_3.0.0/toolchain/bin/../lib/gcc/arm-none-eabi/4.8.4/armv6-m\libgcc.a(_divsi3.o)
 .ARM.attributes
                0x00000cf8       0x1e c:/freescale/kds_3.0.0/toolchain/bin/../lib/gcc/arm-none-eabi/4.8.4/armv6-m\libgcc.a(_dvmd_tls.o)
 .ARM.attributes
                0x00000d16       0x1e c:/freescale/kds_3.0.0/toolchain/bin/../lib/gcc/arm-none-eabi/4.8.4/armv6-m\libgcc.a(_arm_cmpdf2.o)
 .ARM.attributes
                0x00000d34       0x1e c:/freescale/kds_3.0.0/toolchain/bin/../lib/gcc/arm-none-eabi/4.8.4/armv6-m\libgcc.a(_arm_cmpsf2.o)
 .ARM.attributes
                0x00000d52       0x2c c:/freescale/kds_3.0.0/toolchain/bin/../lib/gcc/arm-none-eabi/4.8.4/armv6-m\libgcc.a(addsf3.o)
 .ARM.attributes
                0x00000d7e       0x2c c:/freescale/kds_3.0.0/toolchain/bin/../lib/gcc/arm-none-eabi/4.8.4/armv6-m\libgcc.a(divsf3.o)
 .ARM.attributes
                0x00000daa       0x2c c:/freescale/kds_3.0.0/toolchain/bin/../lib/gcc/arm-none-eabi/4.8.4/armv6-m\libgcc.a(eqsf2.o)
 .ARM.attributes
                0x00000dd6       0x2c c:/freescale/kds_3.0.0/toolchain/bin/../lib/gcc/arm-none-eabi/4.8.4/armv6-m\libgcc.a(gesf2.o)
 .ARM.attributes
                0x00000e02       0x2c c:/freescale/kds_3.0.0/toolchain/bin/../lib/gcc/arm-none-eabi/4.8.4/armv6-m\libgcc.a(lesf2.o)
 .ARM.attributes
                0x00000e2e       0x2c c:/freescale/kds_3.0.0/toolchain/bin/../lib/gcc/arm-none-eabi/4.8.4/armv6-m\libgcc.a(mulsf3.o)
 .ARM.attributes
                0x00000e5a       0x2c c:/freescale/kds_3.0.0/toolchain/bin/../lib/gcc/arm-none-eabi/4.8.4/armv6-m\libgcc.a(subsf3.o)
 .ARM.attributes
                0x00000e86       0x2c c:/freescale/kds_3.0.0/toolchain/bin/../lib/gcc/arm-none-eabi/4.8.4/armv6-m\libgcc.a(fixsfsi.o)
 .ARM.attributes
                0x00000eb2       0x2c c:/freescale/kds_3.0.0/toolchain/bin/../lib/gcc/arm-none-eabi/4.8.4/armv6-m\libgcc.a(floatsisf.o)
 .ARM.attributes
                0x00000ede       0x2c c:/freescale/kds_3.0.0/toolchain/bin/../lib/gcc/arm-none-eabi/4.8.4/armv6-m\libgcc.a(adddf3.o)
 .ARM.attributes
                0x00000f0a       0x2c c:/freescale/kds_3.0.0/toolchain/bin/../lib/gcc/arm-none-eabi/4.8.4/armv6-m\libgcc.a(divdf3.o)
 .ARM.attributes
                0x00000f36       0x2c c:/freescale/kds_3.0.0/toolchain/bin/../lib/gcc/arm-none-eabi/4.8.4/armv6-m\libgcc.a(eqdf2.o)
 .ARM.attributes
                0x00000f62       0x2c c:/freescale/kds_3.0.0/toolchain/bin/../lib/gcc/arm-none-eabi/4.8.4/armv6-m\libgcc.a(gedf2.o)
 .ARM.attributes
                0x00000f8e       0x2c c:/freescale/kds_3.0.0/toolchain/bin/../lib/gcc/arm-none-eabi/4.8.4/armv6-m\libgcc.a(ledf2.o)
 .ARM.attributes
                0x00000fba       0x2c c:/freescale/kds_3.0.0/toolchain/bin/../lib/gcc/arm-none-eabi/4.8.4/armv6-m\libgcc.a(subdf3.o)
 .ARM.attributes
                0x00000fe6       0x2c c:/freescale/kds_3.0.0/toolchain/bin/../lib/gcc/arm-none-eabi/4.8.4/armv6-m\libgcc.a(extendsfdf2.o)
 .ARM.attributes
                0x00001012       0x2c c:/freescale/kds_3.0.0/toolchain/bin/../lib/gcc/arm-none-eabi/4.8.4/armv6-m\libgcc.a(truncdfsf2.o)
 .ARM.attributes
                0x0000103e       0x1e c:/freescale/kds_3.0.0/toolchain/bin/../lib/gcc/arm-none-eabi/4.8.4/armv6-m\libgcc.a(_clzsi2.o)
 .ARM.attributes
                0x0000105c       0x2c c:/freescale/kds_3.0.0/toolchain/bin/../lib/gcc/arm-none-eabi/4.8.4/../../../../arm-none-eabi/lib/armv6-m\libg_s.a(lib_a-errno.o)
 .ARM.attributes
                0x00001088       0x2c c:/freescale/kds_3.0.0/toolchain/bin/../lib/gcc/arm-none-eabi/4.8.4/../../../../arm-none-eabi/lib/armv6-m\libg_s.a(lib_a-impure.o)
 .ARM.attributes
                0x000010b4       0x2c c:/freescale/kds_3.0.0/toolchain/bin/../lib/gcc/arm-none-eabi/4.8.4/../../../../arm-none-eabi/lib/armv6-m\libg_s.a(lib_a-memset.o)
 .ARM.attributes
                0x000010e0       0x2c c:/freescale/kds_3.0.0/toolchain/bin/../lib/gcc/arm-none-eabi/4.8.4/../../../../arm-none-eabi/lib/armv6-m\libg_s.a(lib_a-findfp.o)
 .ARM.attributes
                0x0000110c       0x1e c:/freescale/kds_3.0.0/toolchain/bin/../lib/gcc/arm-none-eabi/4.8.4/armv6-m/crtn.o
OUTPUT(FSFK_KL46Z.elf elf32-littlearm)

.debug_info     0x00000000    0x1ff4b
 .debug_info    0x00000000      0x7eb ./Sources/Events.o
 .debug_info    0x000007eb      0x4cd ./Sources/approximations.o
 .debug_info    0x00000cb8     0x3342 ./Sources/drivers.o
 .debug_info    0x00003ffa     0x2708 ./Sources/fusion.o
 .debug_info    0x00006702      0xb5f ./Sources/magnetic.o
 .debug_info    0x00007261       0xdd ./Sources/main.o
 .debug_info    0x0000733e      0x6cd ./Sources/matrix.o
 .debug_info    0x00007a0b      0xd06 ./Sources/mqx_tasks.o
 .debug_info    0x00008711     0x118f ./Sources/orientation.o
 .debug_info    0x000098a0     0x17ad ./Sources/tasks.o
 .debug_info    0x0000b04d      0x146 ./Sources/user_tasks.o
 .debug_info    0x0000b193      0x44a ./Project_Settings/Startup_Code/startup.o
 .debug_info    0x0000b5dd       0x87 ./MQXLITE/psp/cortex_m/core/M0/boot.o
 .debug_info    0x0000b664       0x8b ./MQXLITE/psp/cortex_m/core/M0/dispatch.o
 .debug_info    0x0000b6ef      0x9cc ./MQXLITE/psp/cortex_m/int_inst.o
 .debug_info    0x0000c0bb      0x339 ./MQXLITE/psp/cortex_m/int_vtab.o
 .debug_info    0x0000c3f4      0x14a ./MQXLITE/psp/cortex_m/mem_zero.o
 .debug_info    0x0000c53e      0x12d ./MQXLITE/psp/cortex_m/psp_iinit.o
 .debug_info    0x0000c66b      0xa4f ./MQXLITE/psp/cortex_m/psp_tiad.o
 .debug_info    0x0000d0ba      0xa4b ./MQXLITE/psp/cortex_m/psp_tinm.o
 .debug_info    0x0000db05      0xb90 ./MQXLITE/psp/cortex_m/sc_irdyq.o
 .debug_info    0x0000e695      0x641 ./MQXLITE/psp/cortex_m/stack_bu.o
 .debug_info    0x0000ecd6      0x404 ./MQXLITE/psp/cortex_m/stack_de.o
 .debug_info    0x0000f0da      0x9c6 ./MQXLITE/kernel/idletask.o
 .debug_info    0x0000faa0     0x1028 ./MQXLITE/kernel/int.o
 .debug_info    0x00010ac8     0x15f3 ./MQXLITE/kernel/lwevent.o
 .debug_info    0x000120bb     0x1536 ./MQXLITE/kernel/lwsem.o
 .debug_info    0x000135f1      0xbb2 ./MQXLITE/kernel/mqx_utils.o
 .debug_info    0x000141a3     0x1068 ./MQXLITE/kernel/mqxlite.o
 .debug_info    0x0001520b     0x3c44 ./MQXLITE/kernel/task.o
 .debug_info    0x00018e4f     0x13ff ./MQXLITE/kernel/time_ticks.o
 .debug_info    0x0001a24e      0x29d ./MQXLITE/config/task_template_list.o
 .debug_info    0x0001a4eb      0xc41 ./Generated_Code/Cpu.o
 .debug_info    0x0001b12c      0x7c9 ./Generated_Code/FTM.o
 .debug_info    0x0001b8f5      0xc45 ./Generated_Code/I2C.o
 .debug_info    0x0001c53a      0x3b6 ./Generated_Code/LED_BLUE.o
 .debug_info    0x0001c8f0      0x3b6 ./Generated_Code/LED_GREEN.o
 .debug_info    0x0001cca6      0x3b6 ./Generated_Code/LED_RED.o
 .debug_info    0x0001d05c      0xfe2 ./Generated_Code/MQX1.o
 .debug_info    0x0001e03e      0x3d3 ./Generated_Code/PE_LDD.o
 .debug_info    0x0001e411      0x70e ./Generated_Code/SystemTimer1.o
 .debug_info    0x0001eb1f      0x391 ./Generated_Code/TestPin_KF_Time.o
 .debug_info    0x0001eeb0      0x391 ./Generated_Code/TestPin_MagCal_Time.o
 .debug_info    0x0001f241      0xad0 ./Generated_Code/UART.o
 .debug_info    0x0001fd11      0x23a ./Generated_Code/Vectors.o

.debug_abbrev   0x00000000     0x5149
 .debug_abbrev  0x00000000      0x215 ./Sources/Events.o
 .debug_abbrev  0x00000215      0x101 ./Sources/approximations.o
 .debug_abbrev  0x00000316      0x331 ./Sources/drivers.o
 .debug_abbrev  0x00000647      0x248 ./Sources/fusion.o
 .debug_abbrev  0x0000088f      0x207 ./Sources/magnetic.o
 .debug_abbrev  0x00000a96       0x82 ./Sources/main.o
 .debug_abbrev  0x00000b18      0x23f ./Sources/matrix.o
 .debug_abbrev  0x00000d57      0x230 ./Sources/mqx_tasks.o
 .debug_abbrev  0x00000f87      0x2b6 ./Sources/orientation.o
 .debug_abbrev  0x0000123d      0x290 ./Sources/tasks.o
 .debug_abbrev  0x000014cd       0xd4 ./Sources/user_tasks.o
 .debug_abbrev  0x000015a1      0x1ca ./Project_Settings/Startup_Code/startup.o
 .debug_abbrev  0x0000176b       0x14 ./MQXLITE/psp/cortex_m/core/M0/boot.o
 .debug_abbrev  0x0000177f       0x14 ./MQXLITE/psp/cortex_m/core/M0/dispatch.o
 .debug_abbrev  0x00001793      0x147 ./MQXLITE/psp/cortex_m/int_inst.o
 .debug_abbrev  0x000018da      0x11d ./MQXLITE/psp/cortex_m/int_vtab.o
 .debug_abbrev  0x000019f7       0x7d ./MQXLITE/psp/cortex_m/mem_zero.o
 .debug_abbrev  0x00001a74       0xc2 ./MQXLITE/psp/cortex_m/psp_iinit.o
 .debug_abbrev  0x00001b36      0x158 ./MQXLITE/psp/cortex_m/psp_tiad.o
 .debug_abbrev  0x00001c8e      0x152 ./MQXLITE/psp/cortex_m/psp_tinm.o
 .debug_abbrev  0x00001de0      0x19c ./MQXLITE/psp/cortex_m/sc_irdyq.o
 .debug_abbrev  0x00001f7c      0x14d ./MQXLITE/psp/cortex_m/stack_bu.o
 .debug_abbrev  0x000020c9       0xd9 ./MQXLITE/psp/cortex_m/stack_de.o
 .debug_abbrev  0x000021a2      0x141 ./MQXLITE/kernel/idletask.o
 .debug_abbrev  0x000022e3      0x2e3 ./MQXLITE/kernel/int.o
 .debug_abbrev  0x000025c6      0x31f ./MQXLITE/kernel/lwevent.o
 .debug_abbrev  0x000028e5      0x31a ./MQXLITE/kernel/lwsem.o
 .debug_abbrev  0x00002bff      0x219 ./MQXLITE/kernel/mqx_utils.o
 .debug_abbrev  0x00002e18      0x2da ./MQXLITE/kernel/mqxlite.o
 .debug_abbrev  0x000030f2      0x457 ./MQXLITE/kernel/task.o
 .debug_abbrev  0x00003549      0x352 ./MQXLITE/kernel/time_ticks.o
 .debug_abbrev  0x0000389b       0xb7 ./MQXLITE/config/task_template_list.o
 .debug_abbrev  0x00003952      0x1eb ./Generated_Code/Cpu.o
 .debug_abbrev  0x00003b3d      0x256 ./Generated_Code/FTM.o
 .debug_abbrev  0x00003d93      0x26e ./Generated_Code/I2C.o
 .debug_abbrev  0x00004001      0x17a ./Generated_Code/LED_BLUE.o
 .debug_abbrev  0x0000417b      0x17a ./Generated_Code/LED_GREEN.o
 .debug_abbrev  0x000042f5      0x17a ./Generated_Code/LED_RED.o
 .debug_abbrev  0x0000446f      0x2e0 ./Generated_Code/MQX1.o
 .debug_abbrev  0x0000474f      0x162 ./Generated_Code/PE_LDD.o
 .debug_abbrev  0x000048b1      0x27d ./Generated_Code/SystemTimer1.o
 .debug_abbrev  0x00004b2e      0x151 ./Generated_Code/TestPin_KF_Time.o
 .debug_abbrev  0x00004c7f      0x151 ./Generated_Code/TestPin_MagCal_Time.o
 .debug_abbrev  0x00004dd0      0x2c2 ./Generated_Code/UART.o
 .debug_abbrev  0x00005092       0xb7 ./Generated_Code/Vectors.o

.debug_loc      0x00000000    0x1f480
 .debug_loc     0x00000000      0x106 ./Sources/Events.o
 .debug_loc     0x00000106      0xd51 ./Sources/approximations.o
 .debug_loc     0x00000e57     0x799b ./Sources/drivers.o
 .debug_loc     0x000087f2     0x6b77 ./Sources/fusion.o
 .debug_loc     0x0000f369     0x19e5 ./Sources/magnetic.o
 .debug_loc     0x00010d4e     0x12ca ./Sources/matrix.o
 .debug_loc     0x00012018       0xd3 ./Sources/mqx_tasks.o
 .debug_loc     0x000120eb     0x23d1 ./Sources/orientation.o
 .debug_loc     0x000144bc      0x2ae ./Sources/tasks.o
 .debug_loc     0x0001476a      0x31b ./Project_Settings/Startup_Code/startup.o
 .debug_loc     0x00014a85       0x1f ./MQXLITE/psp/cortex_m/int_inst.o
 .debug_loc     0x00014aa4       0x22 ./MQXLITE/psp/cortex_m/int_vtab.o
 .debug_loc     0x00014ac6      0x2b7 ./MQXLITE/psp/cortex_m/mem_zero.o
 .debug_loc     0x00014d7d       0x6b ./MQXLITE/psp/cortex_m/psp_iinit.o
 .debug_loc     0x00014de8       0x55 ./MQXLITE/psp/cortex_m/psp_tiad.o
 .debug_loc     0x00014e3d       0x87 ./MQXLITE/psp/cortex_m/psp_tinm.o
 .debug_loc     0x00014ec4      0x1e3 ./MQXLITE/psp/cortex_m/sc_irdyq.o
 .debug_loc     0x000150a7      0x141 ./MQXLITE/psp/cortex_m/stack_bu.o
 .debug_loc     0x000151e8      0x817 ./MQXLITE/kernel/int.o
 .debug_loc     0x000159ff     0x1798 ./MQXLITE/kernel/lwevent.o
 .debug_loc     0x00017197      0xc88 ./MQXLITE/kernel/lwsem.o
 .debug_loc     0x00017e1f      0x174 ./MQXLITE/kernel/mqx_utils.o
 .debug_loc     0x00017f93      0x181 ./MQXLITE/kernel/mqxlite.o
 .debug_loc     0x00018114     0x5813 ./MQXLITE/kernel/task.o
 .debug_loc     0x0001d927      0xc74 ./MQXLITE/kernel/time_ticks.o
 .debug_loc     0x0001e59b      0x111 ./Generated_Code/FTM.o
 .debug_loc     0x0001e6ac      0x535 ./Generated_Code/I2C.o
 .debug_loc     0x0001ebe1       0x6b ./Generated_Code/LED_BLUE.o
 .debug_loc     0x0001ec4c       0x69 ./Generated_Code/LED_GREEN.o
 .debug_loc     0x0001ecb5       0x6a ./Generated_Code/LED_RED.o
 .debug_loc     0x0001ed1f      0x16e ./Generated_Code/MQX1.o
 .debug_loc     0x0001ee8d       0xcb ./Generated_Code/PE_LDD.o
 .debug_loc     0x0001ef58      0x165 ./Generated_Code/SystemTimer1.o
 .debug_loc     0x0001f0bd       0x6a ./Generated_Code/TestPin_KF_Time.o
 .debug_loc     0x0001f127       0x6a ./Generated_Code/TestPin_MagCal_Time.o
 .debug_loc     0x0001f191      0x2ef ./Generated_Code/UART.o

.debug_aranges  0x00000000      0xdc0
 .debug_aranges
                0x00000000       0x58 ./Sources/Events.o
 .debug_aranges
                0x00000058       0x40 ./Sources/approximations.o
 .debug_aranges
                0x00000098       0x90 ./Sources/drivers.o
 .debug_aranges
                0x00000128       0x88 ./Sources/fusion.o
 .debug_aranges
                0x000001b0       0x48 ./Sources/magnetic.o
 .debug_aranges
                0x000001f8       0x20 ./Sources/main.o
 .debug_aranges
                0x00000218       0x68 ./Sources/matrix.o
 .debug_aranges
                0x00000280       0x38 ./Sources/mqx_tasks.o
 .debug_aranges
                0x000002b8       0xd8 ./Sources/orientation.o
 .debug_aranges
                0x00000390       0x58 ./Sources/tasks.o
 .debug_aranges
                0x000003e8       0x40 ./Sources/user_tasks.o
 .debug_aranges
                0x00000428       0x58 ./Project_Settings/Startup_Code/startup.o
 .debug_aranges
                0x00000480       0x20 ./MQXLITE/psp/cortex_m/core/M0/boot.o
 .debug_aranges
                0x000004a0       0x20 ./MQXLITE/psp/cortex_m/core/M0/dispatch.o
 .debug_aranges
                0x000004c0       0x20 ./MQXLITE/psp/cortex_m/int_inst.o
 .debug_aranges
                0x000004e0       0x28 ./MQXLITE/psp/cortex_m/int_vtab.o
 .debug_aranges
                0x00000508       0x20 ./MQXLITE/psp/cortex_m/mem_zero.o
 .debug_aranges
                0x00000528       0x20 ./MQXLITE/psp/cortex_m/psp_iinit.o
 .debug_aranges
                0x00000548       0x20 ./MQXLITE/psp/cortex_m/psp_tiad.o
 .debug_aranges
                0x00000568       0x20 ./MQXLITE/psp/cortex_m/psp_tinm.o
 .debug_aranges
                0x00000588       0x28 ./MQXLITE/psp/cortex_m/sc_irdyq.o
 .debug_aranges
                0x000005b0       0x20 ./MQXLITE/psp/cortex_m/stack_bu.o
 .debug_aranges
                0x000005d0       0x20 ./MQXLITE/psp/cortex_m/stack_de.o
 .debug_aranges
                0x000005f0       0x20 ./MQXLITE/kernel/idletask.o
 .debug_aranges
                0x00000610       0x90 ./MQXLITE/kernel/int.o
 .debug_aranges
                0x000006a0       0x80 ./MQXLITE/kernel/lwevent.o
 .debug_aranges
                0x00000720       0x80 ./MQXLITE/kernel/lwsem.o
 .debug_aranges
                0x000007a0       0x60 ./MQXLITE/kernel/mqx_utils.o
 .debug_aranges
                0x00000800       0x30 ./MQXLITE/kernel/mqxlite.o
 .debug_aranges
                0x00000830      0x160 ./MQXLITE/kernel/task.o
 .debug_aranges
                0x00000990       0xb8 ./MQXLITE/kernel/time_ticks.o
 .debug_aranges
                0x00000a48       0x18 ./MQXLITE/config/task_template_list.o
 .debug_aranges
                0x00000a60       0x30 ./Generated_Code/Cpu.o
 .debug_aranges
                0x00000a90       0x40 ./Generated_Code/FTM.o
 .debug_aranges
                0x00000ad0       0x68 ./Generated_Code/I2C.o
 .debug_aranges
                0x00000b38       0x48 ./Generated_Code/LED_BLUE.o
 .debug_aranges
                0x00000b80       0x48 ./Generated_Code/LED_GREEN.o
 .debug_aranges
                0x00000bc8       0x48 ./Generated_Code/LED_RED.o
 .debug_aranges
                0x00000c10       0x40 ./Generated_Code/MQX1.o
 .debug_aranges
                0x00000c50       0x30 ./Generated_Code/PE_LDD.o
 .debug_aranges
                0x00000c80       0x60 ./Generated_Code/SystemTimer1.o
 .debug_aranges
                0x00000ce0       0x40 ./Generated_Code/TestPin_KF_Time.o
 .debug_aranges
                0x00000d20       0x40 ./Generated_Code/TestPin_MagCal_Time.o
 .debug_aranges
                0x00000d60       0x48 ./Generated_Code/UART.o
 .debug_aranges
                0x00000da8       0x18 ./Generated_Code/Vectors.o

.debug_ranges   0x00000000     0x2430
 .debug_ranges  0x00000000       0x48 ./Sources/Events.o
 .debug_ranges  0x00000048      0x1b0 ./Sources/approximations.o
 .debug_ranges  0x000001f8      0xaa0 ./Sources/drivers.o
 .debug_ranges  0x00000c98       0x78 ./Sources/fusion.o
 .debug_ranges  0x00000d10       0x38 ./Sources/magnetic.o
 .debug_ranges  0x00000d48       0x10 ./Sources/main.o
 .debug_ranges  0x00000d58       0x58 ./Sources/matrix.o
 .debug_ranges  0x00000db0       0x28 ./Sources/mqx_tasks.o
 .debug_ranges  0x00000dd8      0x190 ./Sources/orientation.o
 .debug_ranges  0x00000f68       0xb8 ./Sources/tasks.o
 .debug_ranges  0x00001020       0x30 ./Sources/user_tasks.o
 .debug_ranges  0x00001050       0x78 ./Project_Settings/Startup_Code/startup.o
 .debug_ranges  0x000010c8       0x10 ./MQXLITE/psp/cortex_m/int_inst.o
 .debug_ranges  0x000010d8       0x18 ./MQXLITE/psp/cortex_m/int_vtab.o
 .debug_ranges  0x000010f0       0x10 ./MQXLITE/psp/cortex_m/mem_zero.o
 .debug_ranges  0x00001100       0x10 ./MQXLITE/psp/cortex_m/psp_iinit.o
 .debug_ranges  0x00001110       0x10 ./MQXLITE/psp/cortex_m/psp_tiad.o
 .debug_ranges  0x00001120       0x10 ./MQXLITE/psp/cortex_m/psp_tinm.o
 .debug_ranges  0x00001130       0x18 ./MQXLITE/psp/cortex_m/sc_irdyq.o
 .debug_ranges  0x00001148       0x10 ./MQXLITE/psp/cortex_m/stack_bu.o
 .debug_ranges  0x00001158       0x10 ./MQXLITE/psp/cortex_m/stack_de.o
 .debug_ranges  0x00001168       0x10 ./MQXLITE/kernel/idletask.o
 .debug_ranges  0x00001178      0x108 ./MQXLITE/kernel/int.o
 .debug_ranges  0x00001280      0x1f8 ./MQXLITE/kernel/lwevent.o
 .debug_ranges  0x00001478      0x2a8 ./MQXLITE/kernel/lwsem.o
 .debug_ranges  0x00001720       0x50 ./MQXLITE/kernel/mqx_utils.o
 .debug_ranges  0x00001770       0x50 ./MQXLITE/kernel/mqxlite.o
 .debug_ranges  0x000017c0      0x838 ./MQXLITE/kernel/task.o
 .debug_ranges  0x00001ff8      0x198 ./MQXLITE/kernel/time_ticks.o
 .debug_ranges  0x00002190       0x20 ./Generated_Code/Cpu.o
 .debug_ranges  0x000021b0       0x30 ./Generated_Code/FTM.o
 .debug_ranges  0x000021e0       0x58 ./Generated_Code/I2C.o
 .debug_ranges  0x00002238       0x38 ./Generated_Code/LED_BLUE.o
 .debug_ranges  0x00002270       0x38 ./Generated_Code/LED_GREEN.o
 .debug_ranges  0x000022a8       0x38 ./Generated_Code/LED_RED.o
 .debug_ranges  0x000022e0       0x48 ./Generated_Code/MQX1.o
 .debug_ranges  0x00002328       0x20 ./Generated_Code/PE_LDD.o
 .debug_ranges  0x00002348       0x50 ./Generated_Code/SystemTimer1.o
 .debug_ranges  0x00002398       0x30 ./Generated_Code/TestPin_KF_Time.o
 .debug_ranges  0x000023c8       0x30 ./Generated_Code/TestPin_MagCal_Time.o
 .debug_ranges  0x000023f8       0x38 ./Generated_Code/UART.o

.debug_line     0x00000000     0x9a35
 .debug_line    0x00000000      0x365 ./Sources/Events.o
 .debug_line    0x00000365      0x2bd ./Sources/approximations.o
 .debug_line    0x00000622      0xfbd ./Sources/drivers.o
 .debug_line    0x000015df      0xe71 ./Sources/fusion.o
 .debug_line    0x00002450      0x675 ./Sources/magnetic.o
 .debug_line    0x00002ac5      0x134 ./Sources/main.o
 .debug_line    0x00002bf9      0x3b3 ./Sources/matrix.o
 .debug_line    0x00002fac      0x3a1 ./Sources/mqx_tasks.o
 .debug_line    0x0000334d      0x771 ./Sources/orientation.o
 .debug_line    0x00003abe      0x500 ./Sources/tasks.o
 .debug_line    0x00003fbe       0xf8 ./Sources/user_tasks.o
 .debug_line    0x000040b6      0x165 ./Project_Settings/Startup_Code/startup.o
 .debug_line    0x0000421b       0x68 ./MQXLITE/psp/cortex_m/core/M0/boot.o
 .debug_line    0x00004283      0x18b ./MQXLITE/psp/cortex_m/core/M0/dispatch.o
 .debug_line    0x0000440e      0x133 ./MQXLITE/psp/cortex_m/int_inst.o
 .debug_line    0x00004541       0xcb ./MQXLITE/psp/cortex_m/int_vtab.o
 .debug_line    0x0000460c      0x12f ./MQXLITE/psp/cortex_m/mem_zero.o
 .debug_line    0x0000473b      0x107 ./MQXLITE/psp/cortex_m/psp_iinit.o
 .debug_line    0x00004842      0x146 ./MQXLITE/psp/cortex_m/psp_tiad.o
 .debug_line    0x00004988      0x144 ./MQXLITE/psp/cortex_m/psp_tinm.o
 .debug_line    0x00004acc      0x2b0 ./MQXLITE/psp/cortex_m/sc_irdyq.o
 .debug_line    0x00004d7c      0x13f ./MQXLITE/psp/cortex_m/stack_bu.o
 .debug_line    0x00004ebb      0x113 ./MQXLITE/psp/cortex_m/stack_de.o
 .debug_line    0x00004fce      0x126 ./MQXLITE/kernel/idletask.o
 .debug_line    0x000050f4      0x3c7 ./MQXLITE/kernel/int.o
 .debug_line    0x000054bb      0x570 ./MQXLITE/kernel/lwevent.o
 .debug_line    0x00005a2b      0x4e0 ./MQXLITE/kernel/lwsem.o
 .debug_line    0x00005f0b      0x209 ./MQXLITE/kernel/mqx_utils.o
 .debug_line    0x00006114      0x2f6 ./MQXLITE/kernel/mqxlite.o
 .debug_line    0x0000640a      0xf64 ./MQXLITE/kernel/task.o
 .debug_line    0x0000736e      0x552 ./MQXLITE/kernel/time_ticks.o
 .debug_line    0x000078c0      0x1d1 ./MQXLITE/config/task_template_list.o
 .debug_line    0x00007a91      0x2e9 ./Generated_Code/Cpu.o
 .debug_line    0x00007d7a      0x2e3 ./Generated_Code/FTM.o
 .debug_line    0x0000805d      0x44f ./Generated_Code/I2C.o
 .debug_line    0x000084ac      0x209 ./Generated_Code/LED_BLUE.o
 .debug_line    0x000086b5      0x20a ./Generated_Code/LED_GREEN.o
 .debug_line    0x000088bf      0x208 ./Generated_Code/LED_RED.o
 .debug_line    0x00008ac7      0x295 ./Generated_Code/MQX1.o
 .debug_line    0x00008d5c      0x1d5 ./Generated_Code/PE_LDD.o
 .debug_line    0x00008f31      0x2c6 ./Generated_Code/SystemTimer1.o
 .debug_line    0x000091f7      0x1fe ./Generated_Code/TestPin_KF_Time.o
 .debug_line    0x000093f5      0x202 ./Generated_Code/TestPin_MagCal_Time.o
 .debug_line    0x000095f7      0x313 ./Generated_Code/UART.o
 .debug_line    0x0000990a      0x12b ./Generated_Code/Vectors.o

.debug_str      0x00000000     0x4834
 .debug_str     0x00000000      0x5d9 ./Sources/Events.o
                                0x684 (size before relaxing)
 .debug_str     0x000005d9       0x8e ./Sources/approximations.o
                                0x21f (size before relaxing)
 .debug_str     0x00000667      0x9e3 ./Sources/drivers.o
                                0xf2a (size before relaxing)
 .debug_str     0x0000104a      0x4dd ./Sources/fusion.o
                                0xb83 (size before relaxing)
 .debug_str     0x00001527      0x16e ./Sources/magnetic.o
                                0x4bd (size before relaxing)
 .debug_str     0x00001695       0x32 ./Sources/main.o
                                0x1d5 (size before relaxing)
 .debug_str     0x000016c7       0xd0 ./Sources/matrix.o
                                0x332 (size before relaxing)
 .debug_str     0x00001797      0x2bc ./Sources/mqx_tasks.o
                                0xa67 (size before relaxing)
 .debug_str     0x00001a53      0x18b ./Sources/orientation.o
                                0x58d (size before relaxing)
 .debug_str     0x00001bde       0x81 ./Sources/tasks.o
                                0xd82 (size before relaxing)
 .debug_str     0x00001c5f       0x22 ./Sources/user_tasks.o
                                0x284 (size before relaxing)
 .debug_str     0x00001c81      0x135 ./Project_Settings/Startup_Code/startup.o
                                0x2da (size before relaxing)
 .debug_str     0x00001db6      0x83d ./MQXLITE/psp/cortex_m/int_inst.o
                                0xaf8 (size before relaxing)
 .debug_str     0x000025f3      0x15e ./MQXLITE/psp/cortex_m/int_vtab.o
                                0x32d (size before relaxing)
 .debug_str     0x00002751       0x8f ./MQXLITE/psp/cortex_m/mem_zero.o
                                0x23a (size before relaxing)
 .debug_str     0x000027e0       0x6b ./MQXLITE/psp/cortex_m/psp_iinit.o
                                0x22f (size before relaxing)
 .debug_str     0x0000284b       0x80 ./MQXLITE/psp/cortex_m/psp_tiad.o
                                0xb23 (size before relaxing)
 .debug_str     0x000028cb       0x38 ./MQXLITE/psp/cortex_m/psp_tinm.o
                                0xb36 (size before relaxing)
 .debug_str     0x00002903      0x10f ./MQXLITE/psp/cortex_m/sc_irdyq.o
                                0xc21 (size before relaxing)
 .debug_str     0x00002a12      0x15b ./MQXLITE/psp/cortex_m/stack_bu.o
                                0x628 (size before relaxing)
 .debug_str     0x00002b6d       0x3c ./MQXLITE/psp/cortex_m/stack_de.o
                                0x4cb (size before relaxing)
 .debug_str     0x00002ba9       0x2c ./MQXLITE/kernel/idletask.o
                                0xaf0 (size before relaxing)
 .debug_str     0x00002bd5      0x201 ./MQXLITE/kernel/int.o
                                0xd56 (size before relaxing)
 .debug_str     0x00002dd6      0x1ed ./MQXLITE/kernel/lwevent.o
                                0xdea (size before relaxing)
 .debug_str     0x00002fc3      0x183 ./MQXLITE/kernel/lwsem.o
                                0xd5d (size before relaxing)
 .debug_str     0x00003146      0x113 ./MQXLITE/kernel/mqx_utils.o
                                0xc7b (size before relaxing)
 .debug_str     0x00003259      0x1f2 ./MQXLITE/kernel/mqxlite.o
                               0x1014 (size before relaxing)
 .debug_str     0x0000344b      0x589 ./MQXLITE/kernel/task.o
                               0x15dc (size before relaxing)
 .debug_str     0x000039d4      0x21d ./MQXLITE/kernel/time_ticks.o
                                0xe72 (size before relaxing)
 .debug_str     0x00003bf1       0x39 ./MQXLITE/config/task_template_list.o
                                0x4ca (size before relaxing)
 .debug_str     0x00003c2a      0x18d ./Generated_Code/Cpu.o
                                0x94f (size before relaxing)
 .debug_str     0x00003db7      0x138 ./Generated_Code/FTM.o
                                0x732 (size before relaxing)
 .debug_str     0x00003eef      0x139 ./Generated_Code/I2C.o
                                0x986 (size before relaxing)
 .debug_str     0x00004028       0xce ./Generated_Code/LED_BLUE.o
                                0x380 (size before relaxing)
 .debug_str     0x000040f6       0x80 ./Generated_Code/LED_GREEN.o
                                0x389 (size before relaxing)
 .debug_str     0x00004176       0x74 ./Generated_Code/LED_RED.o
                                0x377 (size before relaxing)
 .debug_str     0x000041ea      0x1ee ./Generated_Code/MQX1.o
                               0x10a5 (size before relaxing)
 .debug_str     0x000043d8      0x16b ./Generated_Code/PE_LDD.o
                                0x5c0 (size before relaxing)
 .debug_str     0x00004543       0xcd ./Generated_Code/SystemTimer1.o
                                0x766 (size before relaxing)
 .debug_str     0x00004610       0x8d ./Generated_Code/TestPin_KF_Time.o
                                0x3a8 (size before relaxing)
 .debug_str     0x0000469d       0xa1 ./Generated_Code/TestPin_MagCal_Time.o
                                0x3c8 (size before relaxing)
 .debug_str     0x0000473e       0xda ./Generated_Code/UART.o
                                0x81e (size before relaxing)
 .debug_str     0x00004818       0x1c ./Generated_Code/Vectors.o
                                0x42b (size before relaxing)

.comment        0x00000000       0x70
 .comment       0x00000000       0x70 ./Sources/Events.o
                                 0x71 (size before relaxing)
 .comment       0x00000000       0x71 ./Sources/approximations.o
 .comment       0x00000000       0x71 ./Sources/drivers.o
 .comment       0x00000000       0x71 ./Sources/fusion.o
 .comment       0x00000000       0x71 ./Sources/magnetic.o
 .comment       0x00000000       0x71 ./Sources/main.o
 .comment       0x00000000       0x71 ./Sources/matrix.o
 .comment       0x00000000       0x71 ./Sources/mqx_tasks.o
 .comment       0x00000000       0x71 ./Sources/orientation.o
 .comment       0x00000000       0x71 ./Sources/tasks.o